Using worker: bluebox-linux-4.worker.travis-ci.org:travis-linux-18

$ git clone --depth=100 --quiet git://github.com/square/dagger.git square/dagger
$ cd square/dagger
$ git fetch origin +refs/pull/168/merge: 
remote: Counting objects: 60, done.[K
remote: Compressing objects:   4% (1/22)   [Kremote: Compressing objects:   9% (2/22)   [Kremote: Compressing objects:  13% (3/22)   [Kremote: Compressing objects:  18% (4/22)   [Kremote: Compressing objects:  22% (5/22)   [Kremote: Compressing objects:  27% (6/22)   [Kremote: Compressing objects:  31% (7/22)   [Kremote: Compressing objects:  36% (8/22)   [Kremote: Compressing objects:  40% (9/22)   [Kremote: Compressing objects:  45% (10/22)   [Kremote: Compressing objects:  50% (11/22)   [Kremote: Compressing objects:  54% (12/22)   [Kremote: Compressing objects:  59% (13/22)   [Kremote: Compressing objects:  63% (14/22)   [Kremote: Compressing objects:  68% (15/22)   [Kremote: Compressing objects:  72% (16/22)   [Kremote: Compressing objects:  77% (17/22)   [Kremote: Compressing objects:  81% (18/22)   [Kremote: Compressing objects:  86% (19/22)   [Kremote: Compressing objects:  90% (20/22)   [Kremote: Compressing objects:  95% (21/22)   [Kremote: Compressing objects: 100% (22/22)   [Kremote: Compressing objects: 100% (22/22), done.[K
remote: Total 41 (delta 11), reused 36 (delta 7)[K
Unpacking objects:   2% (1/41)   Unpacking objects:   4% (2/41)   Unpacking objects:   7% (3/41)   Unpacking objects:   9% (4/41)   Unpacking objects:  12% (5/41)   Unpacking objects:  14% (6/41)   Unpacking objects:  17% (7/41)   Unpacking objects:  19% (8/41)   Unpacking objects:  21% (9/41)   Unpacking objects:  24% (10/41)   Unpacking objects:  26% (11/41)   Unpacking objects:  29% (12/41)   Unpacking objects:  31% (13/41)   Unpacking objects:  34% (14/41)   Unpacking objects:  36% (15/41)   Unpacking objects:  39% (16/41)   Unpacking objects:  41% (17/41)   Unpacking objects:  43% (18/41)   Unpacking objects:  46% (19/41)   Unpacking objects:  48% (20/41)   Unpacking objects:  51% (21/41)   Unpacking objects:  53% (22/41)   Unpacking objects:  56% (23/41)   Unpacking objects:  58% (24/41)   Unpacking objects:  60% (25/41)   Unpacking objects:  63% (26/41)   Unpacking objects:  65% (27/41)   Unpacking objects:  68% (28/41)   Unpacking objects:  70% (29/41)   Unpacking objects:  73% (30/41)   Unpacking objects:  75% (31/41)   Unpacking objects:  78% (32/41)   Unpacking objects:  80% (33/41)   Unpacking objects:  82% (34/41)   Unpacking objects:  85% (35/41)   Unpacking objects:  87% (36/41)   Unpacking objects:  90% (37/41)   Unpacking objects:  92% (38/41)   Unpacking objects:  95% (39/41)   Unpacking objects:  97% (40/41)   Unpacking objects: 100% (41/41)   Unpacking objects: 100% (41/41), done.
From git://github.com/square/dagger
 * branch            refs/pull/168/merge -> FETCH_HEAD
$ git checkout -qf FETCH_HEAD
$ java -version
java version "1.7.0_09"
OpenJDK Runtime Environment (IcedTea7 2.3.4) (7u9-2.3.4-0ubuntu1.12.04.1)
OpenJDK 64-Bit Server VM (build 23.2-b09, mixed mode)
$ javac -version
javac 1.7.0_09
$ mvn install clean --fail-never --quiet -DskipTests=true -Dinvoker.skip=true
[ERROR] Failed to execute goal org.apache.maven.plugins:maven-checkstyle-plugin:2.9.1:checkstyle (default) on project dagger-compiler: An error has occurred in Checkstyle report generation. Failed during checkstyle execution: There are 1 checkstyle errors. -> [Help 1]
[ERROR] 
[ERROR] To see the full stack trace of the errors, re-run Maven with the -e switch.
[ERROR] Re-run Maven using the -X switch to enable full debug logging.
[ERROR] 
[ERROR] For more information about the errors and possible solutions, please read the following articles:
[ERROR] [Help 1] http://cwiki.apache.org/confluence/display/MAVEN/MojoExecutionException
[ERROR] 
[ERROR] After correcting the problems, you can resume the build with the command
[ERROR]   mvn <goals> -rf :dagger-compiler
$ mvn verify
[INFO] Scanning for projects...
[INFO] ------------------------------------------------------------------------
[INFO] Reactor Build Order:
[INFO] 
[INFO] Dagger (Parent)
[INFO] Dagger
[INFO] Dagger Compiler
[INFO] Dagger AndroidManifest.xml Module Generator
[INFO] Dagger Example (Parent)
[INFO] Dagger Example - Simple
[INFO]                                                                         
[INFO] ------------------------------------------------------------------------
[INFO] Building Dagger (Parent) 1.0-SNAPSHOT
[INFO] ------------------------------------------------------------------------
[INFO] 
[INFO] --- maven-enforcer-plugin:1.0:enforce (enforce-maven) @ dagger-parent ---
[INFO] 
[INFO] --- maven-checkstyle-plugin:2.9.1:checkstyle (default) @ dagger-parent ---
[INFO]                                                                         
[INFO] ------------------------------------------------------------------------
[INFO] Building Dagger 1.0-SNAPSHOT
[INFO] ------------------------------------------------------------------------
[INFO] 
[INFO] --- maven-enforcer-plugin:1.0:enforce (enforce-maven) @ dagger ---
[INFO] 
[INFO] --- maven-resources-plugin:2.3:resources (default-resources) @ dagger ---
[INFO] Using 'UTF-8' encoding to copy filtered resources.
[INFO] skip non existing resourceDirectory /home/travis/build/square/dagger/core/src/main/resources
[INFO] 
[INFO] --- maven-compiler-plugin:2.5:compile (default-compile) @ dagger ---
[INFO] Compiling 24 source files to /home/travis/build/square/dagger/core/target/classes
[WARNING] bootstrap class path not set in conjunction with -source 1.6
/home/travis/build/square/dagger/core/src/main/java/dagger/internal/UniqueMap.java:[24,7] [serial] serializable class UniqueMap has no definition of serialVersionUID
[WARNING] /home/travis/build/square/dagger/core/src/main/java/dagger/internal/plugins/reflect/ReflectiveModuleAdapter.java:[124,23] [rawtypes] found raw type: Binding
[INFO] 
[INFO] --- maven-resources-plugin:2.3:testResources (default-testResources) @ dagger ---
[INFO] Using 'UTF-8' encoding to copy filtered resources.
[INFO] skip non existing resourceDirectory /home/travis/build/square/dagger/core/src/test/resources
[INFO] 
[INFO] --- maven-compiler-plugin:2.5:testCompile (default-testCompile) @ dagger ---
[INFO] Compiling 11 source files to /home/travis/build/square/dagger/core/target/test-classes
[INFO] 
[INFO] --- maven-surefire-plugin:2.10:test (default-test) @ dagger ---
[INFO] Surefire report directory: /home/travis/build/square/dagger/core/target/surefire-reports
Downloading: http://maven.mirrors.travis-ci.org/nexus/content/repositories/central/org/apache/maven/surefire/surefire-junit4/2.10/surefire-junit4-2.10.pom
3/3 KB            Downloaded: http://maven.mirrors.travis-ci.org/nexus/content/repositories/central/org/apache/maven/surefire/surefire-junit4/2.10/surefire-junit4-2.10.pom (3 KB at 2.4 KB/sec)
Downloading: http://maven.mirrors.travis-ci.org/nexus/content/repositories/central/org/apache/maven/surefire/surefire-providers/2.10/surefire-providers-2.10.pom
3/3 KB            Downloaded: http://maven.mirrors.travis-ci.org/nexus/content/repositories/central/org/apache/maven/surefire/surefire-providers/2.10/surefire-providers-2.10.pom (3 KB at 6.9 KB/sec)
Downloading: http://maven.mirrors.travis-ci.org/nexus/content/repositories/central/org/apache/maven/surefire/surefire-junit4/2.10/surefire-junit4-2.10.jar
4/33 KB   8/33 KB   9/33 KB   11/33 KB   15/33 KB   19/33 KB   23/33 KB   27/33 KB   31/33 KB   33/33 KB              Downloaded: http://maven.mirrors.travis-ci.org/nexus/content/repositories/central/org/apache/maven/surefire/surefire-junit4/2.10/surefire-junit4-2.10.jar (33 KB at 65.2 KB/sec)

-------------------------------------------------------
 T E S T S
-------------------------------------------------------
Running dagger.ExtensionWithStateTest
Tests run: 2, Failures: 0, Errors: 0, Skipped: 0, Time elapsed: 0.174 sec
Running dagger.SetBindingTest
Tests run: 7, Failures: 0, Errors: 0, Skipped: 0, Time elapsed: 0.108 sec
Running dagger.MembersInjectorTest
Tests run: 8, Failures: 0, Errors: 0, Skipped: 0, Time elapsed: 0.061 sec
Running dagger.ProblemDetectorTest
Tests run: 3, Failures: 0, Errors: 0, Skipped: 0, Time elapsed: 0.012 sec
Running dagger.InjectionOfLazyTest
Tests run: 4, Failures: 0, Errors: 0, Skipped: 0, Time elapsed: 0.018 sec
Running dagger.InjectStaticsTest
Tests run: 3, Failures: 0, Errors: 0, Skipped: 0, Time elapsed: 0.015 sec
Running dagger.LazyInjectionTest
Tests run: 5, Failures: 0, Errors: 0, Skipped: 0, Time elapsed: 0.021 sec
Running dagger.InjectionTest
Tests run: 31, Failures: 0, Errors: 0, Skipped: 0, Time elapsed: 0.214 sec
Running dagger.ExtensionTest
Tests run: 3, Failures: 0, Errors: 0, Skipped: 0, Time elapsed: 0.031 sec
Running dagger.ModuleIncludesTest
Tests run: 9, Failures: 0, Errors: 0, Skipped: 0, Time elapsed: 0.027 sec
Running dagger.internal.KeysTest
Tests run: 18, Failures: 0, Errors: 0, Skipped: 0, Time elapsed: 0.03 sec

Results :

Tests run: 93, Failures: 0, Errors: 0, Skipped: 0

[INFO] 
[INFO] --- maven-jar-plugin:2.2:jar (default-jar) @ dagger ---
[INFO] Building jar: /home/travis/build/square/dagger/core/target/dagger-1.0-SNAPSHOT.jar
[INFO] 
[INFO] --- maven-checkstyle-plugin:2.9.1:checkstyle (default) @ dagger ---
[INFO] Starting audit...
Audit done.

[WARNING] Unable to locate Source XRef to link to - DISABLED
[INFO]                                                                         
[INFO] ------------------------------------------------------------------------
[INFO] Building Dagger Compiler 1.0-SNAPSHOT
[INFO] ------------------------------------------------------------------------
[INFO] 
[INFO] --- maven-enforcer-plugin:1.0:enforce (enforce-maven) @ dagger-compiler ---
[INFO] 
[INFO] --- maven-resources-plugin:2.3:resources (default-resources) @ dagger-compiler ---
[INFO] Using 'UTF-8' encoding to copy filtered resources.
[INFO] Copying 1 resource
[INFO] 
[INFO] --- maven-compiler-plugin:2.5:compile (default-compile) @ dagger-compiler ---
[INFO] Nothing to compile - all classes are up to date
[INFO] 
[INFO] --- maven-resources-plugin:2.3:testResources (default-testResources) @ dagger-compiler ---
[INFO] Using 'UTF-8' encoding to copy filtered resources.
[INFO] skip non existing resourceDirectory /home/travis/build/square/dagger/compiler/src/test/resources
[INFO] 
[INFO] --- maven-compiler-plugin:2.5:testCompile (default-testCompile) @ dagger-compiler ---
[INFO] Nothing to compile - all classes are up to date
[INFO] 
[INFO] --- maven-surefire-plugin:2.10:test (default-test) @ dagger-compiler ---
[INFO] Surefire report directory: /home/travis/build/square/dagger/compiler/target/surefire-reports

-------------------------------------------------------
 T E S T S
-------------------------------------------------------
Running dagger.internal.codegen.GraphVisualizerTest
Tests run: 7, Failures: 0, Errors: 0, Skipped: 0, Time elapsed: 0.147 sec
Running dagger.internal.codegen.DotWriterTest
Tests run: 4, Failures: 0, Errors: 0, Skipped: 0, Time elapsed: 0.015 sec

Results :

Tests run: 11, Failures: 0, Errors: 0, Skipped: 0

[INFO] 
[INFO] --- maven-jar-plugin:2.2:jar (default-jar) @ dagger-compiler ---
[INFO] 
[INFO] --- maven-invoker-plugin:1.7:install (integration-test) @ dagger-compiler ---
[INFO] Installing /home/travis/build/square/dagger/core/pom.xml to /home/travis/build/square/dagger/compiler/target/local-repo/com/squareup/dagger/1.0-SNAPSHOT/dagger-1.0-SNAPSHOT.pom
[INFO] Installing /home/travis/build/square/dagger/core/target/dagger-1.0-SNAPSHOT.jar to /home/travis/build/square/dagger/compiler/target/local-repo/com/squareup/dagger/1.0-SNAPSHOT/dagger-1.0-SNAPSHOT.jar
[INFO] Installing /home/travis/build/square/dagger/pom.xml to /home/travis/build/square/dagger/compiler/target/local-repo/com/squareup/dagger-parent/1.0-SNAPSHOT/dagger-parent-1.0-SNAPSHOT.pom
[INFO] Installing /home/travis/build/square/dagger/compiler/pom.xml to /home/travis/build/square/dagger/compiler/target/local-repo/com/squareup/dagger-compiler/1.0-SNAPSHOT/dagger-compiler-1.0-SNAPSHOT.pom
[INFO] Installing /home/travis/build/square/dagger/compiler/target/dagger-compiler-1.0-SNAPSHOT.jar to /home/travis/build/square/dagger/compiler/target/local-repo/com/squareup/dagger-compiler/1.0-SNAPSHOT/dagger-compiler-1.0-SNAPSHOT.jar
[INFO] 
[INFO] --- maven-invoker-plugin:1.7:run (integration-test) @ dagger-compiler ---
[INFO] Building: uninjectable-supertype/pom.xml
[INFO] ..SUCCESS (68.0 s)
[INFO] Building: include-non-module/pom.xml
[INFO] ..SUCCESS (25.8 s)
[INFO] Building: provides-method-with-throws-clause/pom.xml
[INFO] run script verify.bsh
[INFO] ..SUCCESS (8.6 s)
[INFO] Building: inject-parameterized-type/pom.xml
[INFO] ..SUCCESS (10.2 s)
[INFO] Building: cyclic-deps/pom.xml
[INFO] run script verify.bsh
[INFO] ..SUCCESS (8.5 s)
[INFO] Building: simple-missing-dependency-failure/pom.xml
[INFO] run script verify.bsh
[INFO] ..SUCCESS (8.2 s)
[INFO] Building: extension-graph/pom.xml
[INFO] ..SUCCESS (11.6 s)
[INFO] Building: missing-at-inject-constructor/pom.xml
[INFO] run script verify.bsh
[INFO] ..SUCCESS (10.2 s)
[INFO] Building: same-provides-method-name/pom.xml
[INFO] ..SUCCESS (19.4 s)
[INFO] Building: inner-classes-complaint-injection/pom.xml
[INFO] run script verify.bsh
[INFO] ..SUCCESS (10.5 s)
[INFO] Building: default-package-injected-type/pom.xml
[INFO] ..SUCCESS (10.0 s)
[INFO] Building: multiple-provides-methods/pom.xml
[INFO] run script verify.bsh
[INFO] ..SUCCESS (10.0 s)
[INFO] -------------------------------------------------
[INFO] Build Summary:
[INFO]   Passed: 12, Failed: 0, Errors: 0, Skipped: 0
[INFO] -------------------------------------------------
[INFO] 
[INFO] --- maven-checkstyle-plugin:2.9.1:checkstyle (default) @ dagger-compiler ---
[INFO] Starting audit...
/home/travis/build/square/dagger/compiler/src/main/java/dagger/internal/codegen/ProvidesProcessor.java:64:62: '}' is not preceded with whitespace.
Audit done.

[INFO] ------------------------------------------------------------------------
[INFO] Reactor Summary:
[INFO] 
[INFO] Dagger (Parent) ................................... SUCCESS [5.083s]
[INFO] Dagger ............................................ SUCCESS [11.567s]
[INFO] Dagger Compiler ................................... FAILURE [3:23.183s]
[INFO] Dagger AndroidManifest.xml Module Generator ....... SKIPPED
[INFO] Dagger Example (Parent) ........................... SKIPPED
[INFO] Dagger Example - Simple ........................... SKIPPED
[INFO] ------------------------------------------------------------------------
[INFO] BUILD FAILURE
[INFO] ------------------------------------------------------------------------
[INFO] Total time: 3:40.852s
[INFO] Finished at: Fri Feb 22 18:02:01 UTC 2013
[INFO] Final Memory: 25M/186M
[INFO] ------------------------------------------------------------------------
[ERROR] Failed to execute goal org.apache.maven.plugins:maven-checkstyle-plugin:2.9.1:checkstyle (default) on project dagger-compiler: An error has occurred in Checkstyle report generation. Failed during checkstyle execution: There are 1 checkstyle errors. -> [Help 1]
[ERROR] 
[ERROR] To see the full stack trace of the errors, re-run Maven with the -e switch.
[ERROR] Re-run Maven using the -X switch to enable full debug logging.
[ERROR] 
[ERROR] For more information about the errors and possible solutions, please read the following articles:
[ERROR] [Help 1] http://cwiki.apache.org/confluence/display/MAVEN/MojoExecutionException
[ERROR] 
[ERROR] After correcting the problems, you can resume the build with the command
[ERROR]   mvn <goals> -rf :dagger-compiler

The command "mvn verify" exited with 1.

Done. Your build exited with 1.
