Using worker: bluebox-linux-6.worker.travis-ci.org:travis-linux-18

$ git clone --depth=100 --quiet --branch=master git://github.com/netty/netty.git netty/netty
cd netty/netty
$ git checkout -qf 806e9b1f8cfbfcdc0ff22a644de351b02aa7617c
$ jdk_switcher use oraclejdk7
Switching to Oracle JDK7 (java-7-oracle), JAVA_HOME will be set to /usr/lib/jvm/java-7-oracle
update-alternatives: error: no alternatives for apt.
update-alternatives: error: no alternatives for mozilla-javaplugin.so.
update-alternatives: error: no alternatives for apt.
$ java -version
java version "1.7.0_17"
Java(TM) SE Runtime Environment (build 1.7.0_17-b02)
Java HotSpot(TM) 64-Bit Server VM (build 23.7-b01, mixed mode)
$ javac -version
javac 1.7.0_17
$ mvn install --quiet -DskipTests=true
[ERROR] Failed to execute goal org.apache.maven.plugins:maven-enforcer-plugin:1.1:enforce (enforce-tools) on project netty-parent: Some Enforcer rules have failed. Look above for specific messages explaining why the rule failed. -> [Help 1]
[ERROR] 
[ERROR] To see the full stack trace of the errors, re-run Maven with the -e switch.
[ERROR] Re-run Maven using the -X switch to enable full debug logging.
[ERROR] 
[ERROR] For more information about the errors and possible solutions, please read the following articles:
[ERROR] [Help 1] http://cwiki.apache.org/confluence/display/MAVEN/MojoExecutionException

The command "mvn install --quiet -DskipTests=true" failed and exited with 1 during install.

Your build has been stopped.
