Using worker: bluebox-linux-3.worker.travis-ci.org:travis-linux-13

$ git clone --depth=100 --quiet --branch=master git://github.com/netty/netty.git netty/netty
cd netty/netty
$ git checkout -qf 5d65bbc0a9b9c7ab9b81ac4fc06bd08e7668ec94
$ jdk_switcher use oraclejdk7
Switching to Oracle JDK7 (java-7-oracle), JAVA_HOME will be set to /usr/lib/jvm/java-7-oracle
update-alternatives: error: no alternatives for apt.
update-alternatives: error: no alternatives for mozilla-javaplugin.so.
update-alternatives: error: no alternatives for apt.
$ java -version
java version "1.7.0_17"
Java(TM) SE Runtime Environment (build 1.7.0_17-b02)
Java HotSpot(TM) 64-Bit Server VM (build 23.7-b01, mixed mode)
$ javac -version
javac 1.7.0_17
travis_fold:start:before_install$ mvn -version
Apache Maven 3.0.4
Maven home: /usr/share/maven
Java version: 1.7.0_17, vendor: Oracle Corporation
Java home: /usr/lib/jvm/java-7-oracle/jre
Default locale: en_US, platform encoding: UTF-8
OS name: "linux", version: "2.6.32-042stab061.2", arch: "amd64", family: "unix"
travis_fold:end:before_install$ mvn install --quiet -DskipTests=true
[ERROR] Failed to execute goal org.apache.maven.plugins:maven-enforcer-plugin:1.1:enforce (enforce-tools) on project netty-parent: Some Enforcer rules have failed. Look above for specific messages explaining why the rule failed. -> [Help 1]
[ERROR] 
[ERROR] To see the full stack trace of the errors, re-run Maven with the -e switch.
[ERROR] Re-run Maven using the -X switch to enable full debug logging.
[ERROR] 
[ERROR] For more information about the errors and possible solutions, please read the following articles:
[ERROR] [Help 1] http://cwiki.apache.org/confluence/display/MAVEN/MojoExecutionException

The command "mvn install --quiet -DskipTests=true" failed and exited with 1 during install.

Your build has been stopped.
