Using worker: bluebox-linux-6.worker.travis-ci.org:travis-linux-18

$ git clone --depth=100 --quiet git://github.com/JakeWharton/butterknife.git JakeWharton/butterknife
cd JakeWharton/butterknife
$ git fetch origin +refs/pull/9/merge: 
remote: Counting objects: 80, done.[K
remote: Compressing objects:   3% (1/28)   [Kremote: Compressing objects:   7% (2/28)   [Kremote: Compressing objects:  10% (3/28)   [Kremote: Compressing objects:  14% (4/28)   [Kremote: Compressing objects:  17% (5/28)   [Kremote: Compressing objects:  21% (6/28)   [Kremote: Compressing objects:  25% (7/28)   [Kremote: Compressing objects:  28% (8/28)   [Kremote: Compressing objects:  32% (9/28)   [Kremote: Compressing objects:  35% (10/28)   [Kremote: Compressing objects:  39% (11/28)   [Kremote: Compressing objects:  42% (12/28)   [Kremote: Compressing objects:  46% (13/28)   [Kremote: Compressing objects:  50% (14/28)   [Kremote: Compressing objects:  53% (15/28)   [Kremote: Compressing objects:  57% (16/28)   [Kremote: Compressing objects:  60% (17/28)   [Kremote: Compressing objects:  64% (18/28)   [Kremote: Compressing objects:  67% (19/28)   [Kremote: Compressing objects:  71% (20/28)   [Kremote: Compressing objects:  75% (21/28)   [Kremote: Compressing objects:  78% (22/28)   [Kremote: Compressing objects:  82% (23/28)   [Kremote: Compressing objects:  85% (24/28)   [Kremote: Compressing objects:  89% (25/28)   [Kremote: Compressing objects:  92% (26/28)   [Kremote: Compressing objects:  96% (27/28)   [Kremote: Compressing objects: 100% (28/28)   [Kremote: Compressing objects: 100% (28/28), done.[K
remote: Total 58 (delta 17), reused 53 (delta 12)[K
Unpacking objects:   1% (1/58)   Unpacking objects:   3% (2/58)   Unpacking objects:   5% (3/58)   Unpacking objects:   6% (4/58)   Unpacking objects:   8% (5/58)   Unpacking objects:  10% (6/58)   Unpacking objects:  12% (7/58)   Unpacking objects:  13% (8/58)   Unpacking objects:  15% (9/58)   Unpacking objects:  17% (10/58)   Unpacking objects:  18% (11/58)   Unpacking objects:  20% (12/58)   Unpacking objects:  22% (13/58)   Unpacking objects:  24% (14/58)   Unpacking objects:  25% (15/58)   Unpacking objects:  27% (16/58)   Unpacking objects:  29% (17/58)   Unpacking objects:  31% (18/58)   Unpacking objects:  32% (19/58)   Unpacking objects:  34% (20/58)   Unpacking objects:  36% (21/58)   Unpacking objects:  37% (22/58)   Unpacking objects:  39% (23/58)   Unpacking objects:  41% (24/58)   Unpacking objects:  43% (25/58)   Unpacking objects:  44% (26/58)   Unpacking objects:  46% (27/58)   Unpacking objects:  48% (28/58)   Unpacking objects:  50% (29/58)   Unpacking objects:  51% (30/58)   Unpacking objects:  53% (31/58)   Unpacking objects:  55% (32/58)   Unpacking objects:  56% (33/58)   Unpacking objects:  58% (34/58)   Unpacking objects:  60% (35/58)   Unpacking objects:  62% (36/58)   Unpacking objects:  63% (37/58)   Unpacking objects:  65% (38/58)   Unpacking objects:  67% (39/58)   Unpacking objects:  68% (40/58)   Unpacking objects:  70% (41/58)   Unpacking objects:  72% (42/58)   Unpacking objects:  74% (43/58)   Unpacking objects:  75% (44/58)   Unpacking objects:  77% (45/58)   Unpacking objects:  79% (46/58)   Unpacking objects:  81% (47/58)   Unpacking objects:  82% (48/58)   Unpacking objects:  84% (49/58)   Unpacking objects:  86% (50/58)   Unpacking objects:  87% (51/58)   Unpacking objects:  89% (52/58)   Unpacking objects:  91% (53/58)   Unpacking objects:  93% (54/58)   Unpacking objects:  94% (55/58)   Unpacking objects:  96% (56/58)   Unpacking objects:  98% (57/58)   Unpacking objects: 100% (58/58)   Unpacking objects: 100% (58/58), done.
From git://github.com/JakeWharton/butterknife
 * branch            refs/pull/9/merge -> FETCH_HEAD
$ git checkout -qf FETCH_HEAD
$ java -version
java version "1.7.0_09"
OpenJDK Runtime Environment (IcedTea7 2.3.4) (7u9-2.3.4-0ubuntu1.12.04.1)
OpenJDK 64-Bit Server VM (build 23.2-b09, mixed mode)
$ javac -version
javac 1.7.0_09
$ mvn install --quiet -DskipTests=true
[ERROR] Failed to execute goal org.apache.maven.plugins:maven-checkstyle-plugin:2.9.1:checkstyle (default) on project butterknife: An error has occurred in Checkstyle report generation. Failed during checkstyle execution: There are 7 checkstyle errors. -> [Help 1]
[ERROR] 
[ERROR] To see the full stack trace of the errors, re-run Maven with the -e switch.
[ERROR] Re-run Maven using the -X switch to enable full debug logging.
[ERROR] 
[ERROR] For more information about the errors and possible solutions, please read the following articles:
[ERROR] [Help 1] http://cwiki.apache.org/confluence/display/MAVEN/MojoExecutionException
[ERROR] 
[ERROR] After correcting the problems, you can resume the build with the command
[ERROR]   mvn <goals> -rf :butterknife

The command "mvn install --quiet -DskipTests=true" failed and exited with 1 during install.

Your build has been stopped.
