Using worker: bluebox-linux-1.worker.travis-ci.org:travis-linux-17

$ git clone --depth=100 --quiet git://github.com/JakeWharton/butterknife.git JakeWharton/butterknife
cd JakeWharton/butterknife
$ git fetch origin +refs/pull/9/merge: 
remote: Counting objects: 88, done.[K
remote: Compressing objects:   2% (1/34)   [Kremote: Compressing objects:   5% (2/34)   [Kremote: Compressing objects:   8% (3/34)   [Kremote: Compressing objects:  11% (4/34)   [Kremote: Compressing objects:  14% (5/34)   [Kremote: Compressing objects:  17% (6/34)   [Kremote: Compressing objects:  20% (7/34)   [Kremote: Compressing objects:  23% (8/34)   [Kremote: Compressing objects:  26% (9/34)   [Kremote: Compressing objects:  29% (10/34)   [Kremote: Compressing objects:  32% (11/34)   [Kremote: Compressing objects:  35% (12/34)   [Kremote: Compressing objects:  38% (13/34)   [Kremote: Compressing objects:  41% (14/34)   [Kremote: Compressing objects:  44% (15/34)   [Kremote: Compressing objects:  47% (16/34)   [Kremote: Compressing objects:  50% (17/34)   [Kremote: Compressing objects:  52% (18/34)   [Kremote: Compressing objects:  55% (19/34)   [Kremote: Compressing objects:  58% (20/34)   [Kremote: Compressing objects:  61% (21/34)   [Kremote: Compressing objects:  64% (22/34)   [Kremote: Compressing objects:  67% (23/34)   [Kremote: Compressing objects:  70% (24/34)   [Kremote: Compressing objects:  73% (25/34)   [Kremote: Compressing objects:  76% (26/34)   [Kremote: Compressing objects:  79% (27/34)   [Kremote: Compressing objects:  82% (28/34)   [Kremote: Compressing objects:  85% (29/34)   [Kremote: Compressing objects:  88% (30/34)   [Kremote: Compressing objects:  91% (31/34)   [Kremote: Compressing objects:  94% (32/34)   [Kremote: Compressing objects:  97% (33/34)   [Kremote: Compressing objects: 100% (34/34)   [Kremote: Compressing objects: 100% (34/34), done.[K
remote: Total 66 (delta 21), reused 56 (delta 12)[K
Unpacking objects:   1% (1/66)   Unpacking objects:   3% (2/66)   Unpacking objects:   4% (3/66)   Unpacking objects:   6% (4/66)   Unpacking objects:   7% (5/66)   Unpacking objects:   9% (6/66)   Unpacking objects:  10% (7/66)   Unpacking objects:  12% (8/66)   Unpacking objects:  13% (9/66)   Unpacking objects:  15% (10/66)   Unpacking objects:  16% (11/66)   Unpacking objects:  18% (12/66)   Unpacking objects:  19% (13/66)   Unpacking objects:  21% (14/66)   Unpacking objects:  22% (15/66)   Unpacking objects:  24% (16/66)   Unpacking objects:  25% (17/66)   Unpacking objects:  27% (18/66)   Unpacking objects:  28% (19/66)   Unpacking objects:  30% (20/66)   Unpacking objects:  31% (21/66)   Unpacking objects:  33% (22/66)   Unpacking objects:  34% (23/66)   Unpacking objects:  36% (24/66)   Unpacking objects:  37% (25/66)   Unpacking objects:  39% (26/66)   Unpacking objects:  40% (27/66)   Unpacking objects:  42% (28/66)   Unpacking objects:  43% (29/66)   Unpacking objects:  45% (30/66)   Unpacking objects:  46% (31/66)   Unpacking objects:  48% (32/66)   Unpacking objects:  50% (33/66)   Unpacking objects:  51% (34/66)   Unpacking objects:  53% (35/66)   Unpacking objects:  54% (36/66)   Unpacking objects:  56% (37/66)   Unpacking objects:  57% (38/66)   Unpacking objects:  59% (39/66)   Unpacking objects:  60% (40/66)   Unpacking objects:  62% (41/66)   Unpacking objects:  63% (42/66)   Unpacking objects:  65% (43/66)   Unpacking objects:  66% (44/66)   Unpacking objects:  68% (45/66)   Unpacking objects:  69% (46/66)   Unpacking objects:  71% (47/66)   Unpacking objects:  72% (48/66)   Unpacking objects:  74% (49/66)   Unpacking objects:  75% (50/66)   Unpacking objects:  77% (51/66)   Unpacking objects:  78% (52/66)   Unpacking objects:  80% (53/66)   Unpacking objects:  81% (54/66)   Unpacking objects:  83% (55/66)   Unpacking objects:  84% (56/66)   Unpacking objects:  86% (57/66)   Unpacking objects:  87% (58/66)   Unpacking objects:  89% (59/66)   Unpacking objects:  90% (60/66)   Unpacking objects:  92% (61/66)   Unpacking objects:  93% (62/66)   Unpacking objects:  95% (63/66)   Unpacking objects:  96% (64/66)   Unpacking objects:  98% (65/66)   Unpacking objects: 100% (66/66)   Unpacking objects: 100% (66/66), done.
From git://github.com/JakeWharton/butterknife
 * branch            refs/pull/9/merge -> FETCH_HEAD
$ git checkout -qf FETCH_HEAD
$ java -version
java version "1.7.0_09"
OpenJDK Runtime Environment (IcedTea7 2.3.4) (7u9-2.3.4-0ubuntu1.12.04.1)
OpenJDK 64-Bit Server VM (build 23.2-b09, mixed mode)
$ javac -version
javac 1.7.0_09
$ mvn install --quiet -DskipTests=true
[ERROR] Error when generating sources.
org.apache.maven.plugin.MojoExecutionException: No Android SDK path could be found. You may configure it in the plugin configuration section in the pom file using <sdk><path>...</path></sdk> or <properties><android.sdk.path>...</android.sdk.path></properties> or on command-line using -Dandroid.sdk.path=... or by setting environment variable ANDROID_HOME
	at com.jayway.maven.plugins.android.AbstractAndroidMojo.getAndroidHomeOrThrow(AbstractAndroidMojo.java:1163)
	at com.jayway.maven.plugins.android.AbstractAndroidMojo.getAndroidSdk(AbstractAndroidMojo.java:1116)
	at com.jayway.maven.plugins.android.phase01generatesources.GenerateSourcesMojo.generateR(GenerateSourcesMojo.java:455)
	at com.jayway.maven.plugins.android.phase01generatesources.GenerateSourcesMojo.execute(GenerateSourcesMojo.java:193)
	at org.apache.maven.plugin.DefaultBuildPluginManager.executeMojo(DefaultBuildPluginManager.java:101)
	at org.apache.maven.lifecycle.internal.MojoExecutor.execute(MojoExecutor.java:209)
	at org.apache.maven.lifecycle.internal.MojoExecutor.execute(MojoExecutor.java:153)
	at org.apache.maven.lifecycle.internal.MojoExecutor.execute(MojoExecutor.java:145)
	at org.apache.maven.lifecycle.internal.LifecycleModuleBuilder.buildProject(LifecycleModuleBuilder.java:84)
	at org.apache.maven.lifecycle.internal.LifecycleModuleBuilder.buildProject(LifecycleModuleBuilder.java:59)
	at org.apache.maven.lifecycle.internal.LifecycleStarter.singleThreadedBuild(LifecycleStarter.java:183)
	at org.apache.maven.lifecycle.internal.LifecycleStarter.execute(LifecycleStarter.java:161)
	at org.apache.maven.DefaultMaven.doExecute(DefaultMaven.java:320)
	at org.apache.maven.DefaultMaven.execute(DefaultMaven.java:156)
	at org.apache.maven.cli.MavenCli.execute(MavenCli.java:537)
	at org.apache.maven.cli.MavenCli.doMain(MavenCli.java:196)
	at org.apache.maven.cli.MavenCli.main(MavenCli.java:141)
	at sun.reflect.NativeMethodAccessorImpl.invoke0(Native Method)
	at sun.reflect.NativeMethodAccessorImpl.invoke(NativeMethodAccessorImpl.java:57)
	at sun.reflect.DelegatingMethodAccessorImpl.invoke(DelegatingMethodAccessorImpl.java:43)
	at java.lang.reflect.Method.invoke(Method.java:601)
	at org.codehaus.plexus.classworlds.launcher.Launcher.launchEnhanced(Launcher.java:290)
	at org.codehaus.plexus.classworlds.launcher.Launcher.launch(Launcher.java:230)
	at org.codehaus.plexus.classworlds.launcher.Launcher.mainWithExitCode(Launcher.java:409)
	at org.codehaus.plexus.classworlds.launcher.Launcher.main(Launcher.java:352)
[ERROR] Failed to execute goal com.jayway.maven.plugins.android.generation2:android-maven-plugin:3.5.1:generate-sources (default-generate-sources) on project butterknife-sample: No Android SDK path could be found. You may configure it in the plugin configuration section in the pom file using <sdk><path>...</path></sdk> or <properties><android.sdk.path>...</android.sdk.path></properties> or on command-line using -Dandroid.sdk.path=... or by setting environment variable ANDROID_HOME -> [Help 1]
[ERROR] 
[ERROR] To see the full stack trace of the errors, re-run Maven with the -e switch.
[ERROR] Re-run Maven using the -X switch to enable full debug logging.
[ERROR] 
[ERROR] For more information about the errors and possible solutions, please read the following articles:
[ERROR] [Help 1] http://cwiki.apache.org/confluence/display/MAVEN/MojoExecutionException
[ERROR] 
[ERROR] After correcting the problems, you can resume the build with the command
[ERROR]   mvn <goals> -rf :butterknife-sample

The command "mvn install --quiet -DskipTests=true" failed and exited with 1 during install.

Your build has been stopped.
