Using worker: bluebox-jvm-otp.worker.travis-ci.org:travis-jvm-8

$ git clone --depth=100 --quiet git://github.com/thinkaurelius/titan.git thinkaurelius/titan
$ cd thinkaurelius/titan
$ git fetch origin +refs/pull/141/merge: 
From git://github.com/thinkaurelius/titan
 * branch            refs/pull/141/merge -> FETCH_HEAD
$ git checkout -qf c6621d0461bb4b19a3d3493be239e1f2a3719a8e
$ jdk_switcher use openjdk7
Switching to OpenJDK7 (java-1.7.0-openjdk-amd64), JAVA_HOME will be set to /usr/lib/jvm/java-7-openjdk-amd64
update-alternatives: error: no alternatives for apt.
update-alternatives: error: no alternatives for mozilla-javaplugin.so.
update-java-alternatives: plugin alternative does not exist: /usr/lib/jvm/java-7-openjdk-amd64/jre/lib/amd64/IcedTeaPlugin.so
$ java -version
java version "1.7.0_09"
OpenJDK Runtime Environment (IcedTea7 2.3.4) (7u9-2.3.4-0ubuntu1.12.04.1)
OpenJDK 64-Bit Server VM (build 23.2-b09, mixed mode)
$ javac -version
javac 1.7.0_09
$ mvn install --quiet -DskipTests=true


No output has been received in the last 5 minutes, this potentially indicates a stalled build or something wrong with the build itself.

The build has been terminated

