Using worker: bluebox-jvm-otp.worker.travis-ci.org:travis-jvm-8

$ git clone --depth=100 --quiet --branch=master git://github.com/thinkaurelius/titan.git thinkaurelius/titan
$ cd thinkaurelius/titan
$ git checkout -qf a1bcc85c9b145bba0a3154131818318f19acd391
$ jdk_switcher use oraclejdk7
Switching to Oracle JDK7 (java-7-oracle), JAVA_HOME will be set to /usr/lib/jvm/java-7-oracle
update-alternatives: error: no alternatives for apt.
update-alternatives: error: no alternatives for mozilla-javaplugin.so.
update-alternatives: error: no alternatives for apt.
$ java -version
java version "1.7.0_11"
Java(TM) SE Runtime Environment (build 1.7.0_11-b21)
Java HotSpot(TM) 64-Bit Server VM (build 23.6-b04, mixed mode)
$ javac -version
javac 1.7.0_11
$ mvn install --quiet -DskipTests=true


No output has been received in the last 5 minutes, this potentially indicates a stalled build or something wrong with the build itself.

The build has been terminated

