Using worker: bluebox-linux-1.worker.travis-ci.org:travis-linux-8

$ git clone --depth=100 --quiet --branch=master git://github.com/thinkaurelius/titan.git thinkaurelius/titan
$ cd thinkaurelius/titan
$ git checkout -qf 318de9733e17709c96c71f5f6dc1b194f3b0de14
$ jdk_switcher use openjdk6
Switching to OpenJDK6 (java-1.6.0-openjdk-amd64), JAVA_HOME will be set to /usr/lib/jvm/java-6-openjdk-amd64
update-alternatives: error: no alternatives for apt.
update-alternatives: error: no alternatives for mozilla-javaplugin.so.
update-java-alternatives: plugin alternative does not exist: /usr/lib/jvm/java-6-openjdk-amd64/jre/lib/amd64/IcedTeaPlugin.so
$ java -version
java version "1.6.0_24"
OpenJDK Runtime Environment (IcedTea6 1.11.5) (6b24-1.11.5-0ubuntu1~12.04.1)
OpenJDK 64-Bit Server VM (build 20.0-b12, mixed mode)
$ javac -version
javac 1.6.0_24
$ mvn install --quiet -DskipTests=true


No output has been received in the last 10 minutes, this potentially indicates a stalled build or something wrong with the build itself.

The build has been terminated

