Using worker: bluebox-linux-2.worker.travis-ci.org:travis-linux-18

$ git clone --depth=100 --quiet git://github.com/thinkaurelius/titan.git thinkaurelius/titan
$ cd thinkaurelius/titan
$ git fetch origin +refs/pull/157/merge: 
remote: Counting objects: 26, done.[K
remote: Compressing objects:  25% (1/4)   [Kremote: Compressing objects:  50% (2/4)   [Kremote: Compressing objects:  75% (3/4)   [Kremote: Compressing objects: 100% (4/4)   [Kremote: Compressing objects: 100% (4/4), done.[K
remote: Total 14 (delta 6), reused 13 (delta 5)[K
Unpacking objects:   7% (1/14)   Unpacking objects:  14% (2/14)   Unpacking objects:  21% (3/14)   Unpacking objects:  28% (4/14)   Unpacking objects:  35% (5/14)   Unpacking objects:  42% (6/14)   Unpacking objects:  50% (7/14)   Unpacking objects:  57% (8/14)   Unpacking objects:  64% (9/14)   Unpacking objects:  71% (10/14)   Unpacking objects:  78% (11/14)   Unpacking objects:  85% (12/14)   Unpacking objects:  92% (13/14)   Unpacking objects: 100% (14/14)   Unpacking objects: 100% (14/14), done.
From git://github.com/thinkaurelius/titan
 * branch            refs/pull/157/merge -> FETCH_HEAD
$ git checkout -qf FETCH_HEAD
$ jdk_switcher use openjdk7
Switching to OpenJDK7 (java-1.7.0-openjdk-amd64), JAVA_HOME will be set to /usr/lib/jvm/java-7-openjdk-amd64
update-alternatives: error: no alternatives for apt.
update-alternatives: error: no alternatives for mozilla-javaplugin.so.
update-java-alternatives: plugin alternative does not exist: /usr/lib/jvm/java-7-openjdk-amd64/jre/lib/amd64/IcedTeaPlugin.so
$ java -version
java version "1.7.0_09"
OpenJDK Runtime Environment (IcedTea7 2.3.4) (7u9-2.3.4-0ubuntu1.12.04.1)
OpenJDK 64-Bit Server VM (build 23.2-b09, mixed mode)
$ javac -version
javac 1.7.0_09
$ mvn install --quiet -DskipTests=true
[ERROR] COMPILATION ERROR : 
[ERROR] /home/travis/build/thinkaurelius/titan/titan-core/src/main/java/com/thinkaurelius/titan/graphdb/relations/SimpleProperty.java:[14,7] error: SimpleProperty is not abstract and does not override abstract method addEdge(String,Vertex) in Vertex
[ERROR] /home/travis/build/thinkaurelius/titan/titan-core/src/main/java/com/thinkaurelius/titan/graphdb/vertices/StandardTitanVertex.java:[18,7] error: StandardTitanVertex is not abstract and does not override abstract method addEdge(String,Vertex) in Vertex
[ERROR] /home/travis/build/thinkaurelius/titan/titan-core/src/main/java/com/thinkaurelius/titan/graphdb/relations/SimpleTitanEdge.java:[15,7] error: SimpleTitanEdge is not abstract and does not override abstract method addEdge(String,Vertex) in Vertex
[ERROR] /home/travis/build/thinkaurelius/titan/titan-core/src/main/java/com/thinkaurelius/titan/graphdb/relations/InlineTitanEdge.java:[9,7] error: InlineTitanEdge is not abstract and does not override abstract method addEdge(String,Vertex) in Vertex
[ERROR] /home/travis/build/thinkaurelius/titan/titan-core/src/main/java/com/thinkaurelius/titan/graphdb/types/system/SystemKey.java:[12,7] error: SystemKey is not abstract and does not override abstract method addEdge(String,Vertex) in Vertex
[ERROR] /home/travis/build/thinkaurelius/titan/titan-core/src/main/java/com/thinkaurelius/titan/graphdb/types/vertices/PersistVertexTitanKey.java:[10,7] error: PersistVertexTitanKey is not abstract and does not override abstract method addEdge(String,Vertex) in Vertex
[ERROR] /home/travis/build/thinkaurelius/titan/titan-core/src/main/java/com/thinkaurelius/titan/tinkerpop/rexster/RexsterTitanClient.java:[44,41] error: cannot find symbol
[ERROR]   symbol:   method getInstance()
  location: class RexsterClientFactory
/home/travis/build/thinkaurelius/titan/titan-core/src/main/java/com/thinkaurelius/titan/tinkerpop/rexster/RexsterTitanClient.java:[53,41] error: cannot find symbol
[ERROR]   symbol:   method getInstance()
  location: class RexsterClientFactory
/home/travis/build/thinkaurelius/titan/titan-core/src/main/java/com/thinkaurelius/titan/graphdb/types/system/SystemLabel.java:[9,7] error: SystemLabel is not abstract and does not override abstract method addEdge(String,Vertex) in Vertex
[ERROR] /home/travis/build/thinkaurelius/titan/titan-core/src/main/java/com/thinkaurelius/titan/graphdb/types/vertices/PersistVertexTitanLabel.java:[10,7] error: PersistVertexTitanLabel is not abstract and does not override abstract method addEdge(String,Vertex) in Vertex
[ERROR] /home/travis/build/thinkaurelius/titan/titan-core/src/main/java/com/thinkaurelius/titan/graphdb/relations/InlineProperty.java:[6,7] error: InlineProperty is not abstract and does not override abstract method addEdge(String,Vertex) in Vertex
[ERROR] /home/travis/build/thinkaurelius/titan/titan-core/src/main/java/com/thinkaurelius/titan/graphdb/adjacencylist/DummyInternalRelation.java:[26,0] error: TypeInternalRelation is not abstract and does not override abstract method addEdge(String,Vertex) in Vertex
[ERROR] /home/travis/build/thinkaurelius/titan/titan-core/src/main/java/com/thinkaurelius/titan/graphdb/adjacencylist/DummyInternalRelation.java:[49,0] error: GroupInternalRelation is not abstract and does not override abstract method addEdge(String,Vertex) in Vertex
[ERROR] Failed to execute goal org.apache.maven.plugins:maven-compiler-plugin:2.5.1:compile (default-compile) on project titan-core: Compilation failure: Compilation failure:
[ERROR] /home/travis/build/thinkaurelius/titan/titan-core/src/main/java/com/thinkaurelius/titan/graphdb/relations/SimpleProperty.java:[14,7] error: SimpleProperty is not abstract and does not override abstract method addEdge(String,Vertex) in Vertex
[ERROR] /home/travis/build/thinkaurelius/titan/titan-core/src/main/java/com/thinkaurelius/titan/graphdb/vertices/StandardTitanVertex.java:[18,7] error: StandardTitanVertex is not abstract and does not override abstract method addEdge(String,Vertex) in Vertex
[ERROR] /home/travis/build/thinkaurelius/titan/titan-core/src/main/java/com/thinkaurelius/titan/graphdb/relations/SimpleTitanEdge.java:[15,7] error: SimpleTitanEdge is not abstract and does not override abstract method addEdge(String,Vertex) in Vertex
[ERROR] /home/travis/build/thinkaurelius/titan/titan-core/src/main/java/com/thinkaurelius/titan/graphdb/relations/InlineTitanEdge.java:[9,7] error: InlineTitanEdge is not abstract and does not override abstract method addEdge(String,Vertex) in Vertex
[ERROR] /home/travis/build/thinkaurelius/titan/titan-core/src/main/java/com/thinkaurelius/titan/graphdb/types/system/SystemKey.java:[12,7] error: SystemKey is not abstract and does not override abstract method addEdge(String,Vertex) in Vertex
[ERROR] /home/travis/build/thinkaurelius/titan/titan-core/src/main/java/com/thinkaurelius/titan/graphdb/types/vertices/PersistVertexTitanKey.java:[10,7] error: PersistVertexTitanKey is not abstract and does not override abstract method addEdge(String,Vertex) in Vertex
[ERROR] /home/travis/build/thinkaurelius/titan/titan-core/src/main/java/com/thinkaurelius/titan/tinkerpop/rexster/RexsterTitanClient.java:[44,41] error: cannot find symbol
[ERROR] symbol:   method getInstance()
[ERROR] location: class RexsterClientFactory
[ERROR] /home/travis/build/thinkaurelius/titan/titan-core/src/main/java/com/thinkaurelius/titan/tinkerpop/rexster/RexsterTitanClient.java:[53,41] error: cannot find symbol
[ERROR] symbol:   method getInstance()
[ERROR] location: class RexsterClientFactory
[ERROR] /home/travis/build/thinkaurelius/titan/titan-core/src/main/java/com/thinkaurelius/titan/graphdb/types/system/SystemLabel.java:[9,7] error: SystemLabel is not abstract and does not override abstract method addEdge(String,Vertex) in Vertex
[ERROR] /home/travis/build/thinkaurelius/titan/titan-core/src/main/java/com/thinkaurelius/titan/graphdb/types/vertices/PersistVertexTitanLabel.java:[10,7] error: PersistVertexTitanLabel is not abstract and does not override abstract method addEdge(String,Vertex) in Vertex
[ERROR] /home/travis/build/thinkaurelius/titan/titan-core/src/main/java/com/thinkaurelius/titan/graphdb/relations/InlineProperty.java:[6,7] error: InlineProperty is not abstract and does not override abstract method addEdge(String,Vertex) in Vertex
[ERROR] /home/travis/build/thinkaurelius/titan/titan-core/src/main/java/com/thinkaurelius/titan/graphdb/adjacencylist/DummyInternalRelation.java:[26,0] error: TypeInternalRelation is not abstract and does not override abstract method addEdge(String,Vertex) in Vertex
[ERROR] /home/travis/build/thinkaurelius/titan/titan-core/src/main/java/com/thinkaurelius/titan/graphdb/adjacencylist/DummyInternalRelation.java:[49,0] error: GroupInternalRelation is not abstract and does not override abstract method addEdge(String,Vertex) in Vertex
[ERROR] -> [Help 1]
[ERROR] 
[ERROR] To see the full stack trace of the errors, re-run Maven with the -e switch.
[ERROR] Re-run Maven using the -X switch to enable full debug logging.
[ERROR] 
[ERROR] For more information about the errors and possible solutions, please read the following articles:
[ERROR] [Help 1] http://cwiki.apache.org/confluence/display/MAVEN/MojoFailureException
[ERROR] 
[ERROR] After correcting the problems, you can resume the build with the command
[ERROR]   mvn <goals> -rf :titan-core

The command "mvn install --quiet -DskipTests=true" failed and exited with 1 during install.

Your build has been stopped.
