Using worker: bluebox-linux-2.worker.travis-ci.org:travis-linux-15

$ git clone --depth=100 --quiet --branch=master git://github.com/thinkaurelius/titan.git thinkaurelius/titan
$ cd thinkaurelius/titan
$ git checkout -qf 8ad988503a769319bfeaf9badab20bb681be5c4a
$ jdk_switcher use oraclejdk7
Switching to Oracle JDK7 (java-7-oracle), JAVA_HOME will be set to /usr/lib/jvm/java-7-oracle
update-alternatives: error: no alternatives for apt.
update-alternatives: error: no alternatives for mozilla-javaplugin.so.
update-alternatives: error: no alternatives for apt.
$ java -version
java version "1.7.0_13"
Java(TM) SE Runtime Environment (build 1.7.0_13-b20)
Java HotSpot(TM) 64-Bit Server VM (build 23.7-b01, mixed mode)
$ javac -version
javac 1.7.0_13
$ mvn install --quiet -DskipTests=true
[ERROR] COMPILATION ERROR : 
[ERROR] /home/travis/build/thinkaurelius/titan/titan-core/src/main/java/com/thinkaurelius/titan/graphdb/relations/SimpleProperty.java:[14,7] error: SimpleProperty is not abstract and does not override abstract method addEdge(String,Vertex) in Vertex
[ERROR] /home/travis/build/thinkaurelius/titan/titan-core/src/main/java/com/thinkaurelius/titan/graphdb/vertices/StandardTitanVertex.java:[18,7] error: StandardTitanVertex is not abstract and does not override abstract method addEdge(String,Vertex) in Vertex
[ERROR] /home/travis/build/thinkaurelius/titan/titan-core/src/main/java/com/thinkaurelius/titan/graphdb/relations/SimpleTitanEdge.java:[15,7] error: SimpleTitanEdge is not abstract and does not override abstract method addEdge(String,Vertex) in Vertex
[ERROR] /home/travis/build/thinkaurelius/titan/titan-core/src/main/java/com/thinkaurelius/titan/graphdb/relations/InlineTitanEdge.java:[9,7] error: InlineTitanEdge is not abstract and does not override abstract method addEdge(String,Vertex) in Vertex
[ERROR] /home/travis/build/thinkaurelius/titan/titan-core/src/main/java/com/thinkaurelius/titan/graphdb/types/system/SystemKey.java:[12,7] error: SystemKey is not abstract and does not override abstract method addEdge(String,Vertex) in Vertex
[ERROR] /home/travis/build/thinkaurelius/titan/titan-core/src/main/java/com/thinkaurelius/titan/graphdb/types/vertices/PersistVertexTitanKey.java:[10,7] error: PersistVertexTitanKey is not abstract and does not override abstract method addEdge(String,Vertex) in Vertex
[ERROR] /home/travis/build/thinkaurelius/titan/titan-core/src/main/java/com/thinkaurelius/titan/tinkerpop/rexster/RexsterTitanClient.java:[44,41] error: cannot find symbol
[ERROR]   symbol:   method getInstance()
  location: class RexsterClientFactory
/home/travis/build/thinkaurelius/titan/titan-core/src/main/java/com/thinkaurelius/titan/tinkerpop/rexster/RexsterTitanClient.java:[53,41] error: cannot find symbol
[ERROR]   symbol:   method getInstance()
  location: class RexsterClientFactory
/home/travis/build/thinkaurelius/titan/titan-core/src/main/java/com/thinkaurelius/titan/graphdb/types/system/SystemLabel.java:[9,7] error: SystemLabel is not abstract and does not override abstract method addEdge(String,Vertex) in Vertex
[ERROR] /home/travis/build/thinkaurelius/titan/titan-core/src/main/java/com/thinkaurelius/titan/graphdb/types/vertices/PersistVertexTitanLabel.java:[10,7] error: PersistVertexTitanLabel is not abstract and does not override abstract method addEdge(String,Vertex) in Vertex
[ERROR] /home/travis/build/thinkaurelius/titan/titan-core/src/main/java/com/thinkaurelius/titan/graphdb/relations/InlineProperty.java:[6,7] error: InlineProperty is not abstract and does not override abstract method addEdge(String,Vertex) in Vertex
[ERROR] /home/travis/build/thinkaurelius/titan/titan-core/src/main/java/com/thinkaurelius/titan/graphdb/adjacencylist/DummyInternalRelation.java:[26,0] error: TypeInternalRelation is not abstract and does not override abstract method addEdge(String,Vertex) in Vertex
[ERROR] /home/travis/build/thinkaurelius/titan/titan-core/src/main/java/com/thinkaurelius/titan/graphdb/adjacencylist/DummyInternalRelation.java:[49,0] error: GroupInternalRelation is not abstract and does not override abstract method addEdge(String,Vertex) in Vertex
[ERROR] Failed to execute goal org.apache.maven.plugins:maven-compiler-plugin:2.5.1:compile (default-compile) on project titan-core: Compilation failure: Compilation failure:
[ERROR] /home/travis/build/thinkaurelius/titan/titan-core/src/main/java/com/thinkaurelius/titan/graphdb/relations/SimpleProperty.java:[14,7] error: SimpleProperty is not abstract and does not override abstract method addEdge(String,Vertex) in Vertex
[ERROR] /home/travis/build/thinkaurelius/titan/titan-core/src/main/java/com/thinkaurelius/titan/graphdb/vertices/StandardTitanVertex.java:[18,7] error: StandardTitanVertex is not abstract and does not override abstract method addEdge(String,Vertex) in Vertex
[ERROR] /home/travis/build/thinkaurelius/titan/titan-core/src/main/java/com/thinkaurelius/titan/graphdb/relations/SimpleTitanEdge.java:[15,7] error: SimpleTitanEdge is not abstract and does not override abstract method addEdge(String,Vertex) in Vertex
[ERROR] /home/travis/build/thinkaurelius/titan/titan-core/src/main/java/com/thinkaurelius/titan/graphdb/relations/InlineTitanEdge.java:[9,7] error: InlineTitanEdge is not abstract and does not override abstract method addEdge(String,Vertex) in Vertex
[ERROR] /home/travis/build/thinkaurelius/titan/titan-core/src/main/java/com/thinkaurelius/titan/graphdb/types/system/SystemKey.java:[12,7] error: SystemKey is not abstract and does not override abstract method addEdge(String,Vertex) in Vertex
[ERROR] /home/travis/build/thinkaurelius/titan/titan-core/src/main/java/com/thinkaurelius/titan/graphdb/types/vertices/PersistVertexTitanKey.java:[10,7] error: PersistVertexTitanKey is not abstract and does not override abstract method addEdge(String,Vertex) in Vertex
[ERROR] /home/travis/build/thinkaurelius/titan/titan-core/src/main/java/com/thinkaurelius/titan/tinkerpop/rexster/RexsterTitanClient.java:[44,41] error: cannot find symbol
[ERROR] symbol:   method getInstance()
[ERROR] location: class RexsterClientFactory
[ERROR] /home/travis/build/thinkaurelius/titan/titan-core/src/main/java/com/thinkaurelius/titan/tinkerpop/rexster/RexsterTitanClient.java:[53,41] error: cannot find symbol
[ERROR] symbol:   method getInstance()
[ERROR] location: class RexsterClientFactory
[ERROR] /home/travis/build/thinkaurelius/titan/titan-core/src/main/java/com/thinkaurelius/titan/graphdb/types/system/SystemLabel.java:[9,7] error: SystemLabel is not abstract and does not override abstract method addEdge(String,Vertex) in Vertex
[ERROR] /home/travis/build/thinkaurelius/titan/titan-core/src/main/java/com/thinkaurelius/titan/graphdb/types/vertices/PersistVertexTitanLabel.java:[10,7] error: PersistVertexTitanLabel is not abstract and does not override abstract method addEdge(String,Vertex) in Vertex
[ERROR] /home/travis/build/thinkaurelius/titan/titan-core/src/main/java/com/thinkaurelius/titan/graphdb/relations/InlineProperty.java:[6,7] error: InlineProperty is not abstract and does not override abstract method addEdge(String,Vertex) in Vertex
[ERROR] /home/travis/build/thinkaurelius/titan/titan-core/src/main/java/com/thinkaurelius/titan/graphdb/adjacencylist/DummyInternalRelation.java:[26,0] error: TypeInternalRelation is not abstract and does not override abstract method addEdge(String,Vertex) in Vertex
[ERROR] /home/travis/build/thinkaurelius/titan/titan-core/src/main/java/com/thinkaurelius/titan/graphdb/adjacencylist/DummyInternalRelation.java:[49,0] error: GroupInternalRelation is not abstract and does not override abstract method addEdge(String,Vertex) in Vertex
[ERROR] -> [Help 1]
[ERROR] 
[ERROR] To see the full stack trace of the errors, re-run Maven with the -e switch.
[ERROR] Re-run Maven using the -X switch to enable full debug logging.
[ERROR] 
[ERROR] For more information about the errors and possible solutions, please read the following articles:
[ERROR] [Help 1] http://cwiki.apache.org/confluence/display/MAVEN/MojoFailureException
[ERROR] 
[ERROR] After correcting the problems, you can resume the build with the command
[ERROR]   mvn <goals> -rf :titan-core

The command "mvn install --quiet -DskipTests=true" failed and exited with 1 during install.

Your build has been stopped.
