Using worker: bluebox-jvm-otp.worker.travis-ci.org:travis-jvm-9

$ git clone --depth=100 --quiet git://github.com/JakeWharton/ActionBarSherlock.git JakeWharton/ActionBarSherlock
$ cd JakeWharton/ActionBarSherlock
$ git fetch origin +refs/pull/804/merge: 
remote: Counting objects: 695, done.[K
remote: Compressing objects:   0% (1/283)   [Kremote: Compressing objects:   1% (3/283)   [Kremote: Compressing objects:   2% (6/283)   [Kremote: Compressing objects:   3% (9/283)   [Kremote: Compressing objects:   4% (12/283)   [Kremote: Compressing objects:   5% (15/283)   [Kremote: Compressing objects:   6% (17/283)   [Kremote: Compressing objects:   7% (20/283)   [Kremote: Compressing objects:   8% (23/283)   [Kremote: Compressing objects:   9% (26/283)   [Kremote: Compressing objects:  10% (29/283)   [Kremote: Compressing objects:  11% (32/283)   [Kremote: Compressing objects:  12% (34/283)   [Kremote: Compressing objects:  13% (37/283)   [Kremote: Compressing objects:  14% (40/283)   [Kremote: Compressing objects:  15% (43/283)   [Kremote: Compressing objects:  16% (46/283)   [Kremote: Compressing objects:  17% (49/283)   [Kremote: Compressing objects:  18% (51/283)   [Kremote: Compressing objects:  19% (54/283)   [Kremote: Compressing objects:  20% (57/283)   [Kremote: Compressing objects:  21% (60/283)   [Kremote: Compressing objects:  22% (63/283)   [Kremote: Compressing objects:  23% (66/283)   [Kremote: Compressing objects:  24% (68/283)   [Kremote: Compressing objects:  25% (71/283)   [Kremote: Compressing objects:  26% (74/283)   [Kremote: Compressing objects:  27% (77/283)   [Kremote: Compressing objects:  28% (80/283)   [Kremote: Compressing objects:  29% (83/283)   [Kremote: Compressing objects:  30% (85/283)   [Kremote: Compressing objects:  31% (88/283)   [Kremote: Compressing objects:  32% (91/283)   [Kremote: Compressing objects:  33% (94/283)   [Kremote: Compressing objects:  34% (97/283)   [Kremote: Compressing objects:  35% (100/283)   [Kremote: Compressing objects:  36% (102/283)   [Kremote: Compressing objects:  37% (105/283)   [Kremote: Compressing objects:  38% (108/283)   [Kremote: Compressing objects:  39% (111/283)   [Kremote: Compressing objects:  40% (114/283)   [Kremote: Compressing objects:  41% (117/283)   [Kremote: Compressing objects:  42% (119/283)   [Kremote: Compressing objects:  43% (122/283)   [Kremote: Compressing objects:  44% (125/283)   [Kremote: Compressing objects:  45% (128/283)   [Kremote: Compressing objects:  46% (131/283)   [Kremote: Compressing objects:  47% (134/283)   [Kremote: Compressing objects:  48% (136/283)   [Kremote: Compressing objects:  49% (139/283)   [Kremote: Compressing objects:  50% (142/283)   [Kremote: Compressing objects:  51% (145/283)   [Kremote: Compressing objects:  52% (148/283)   [Kremote: Compressing objects:  53% (150/283)   [Kremote: Compressing objects:  54% (153/283)   [Kremote: Compressing objects:  55% (156/283)   [Kremote: Compressing objects:  56% (159/283)   [Kremote: Compressing objects:  57% (162/283)   [Kremote: Compressing objects:  58% (165/283)   [Kremote: Compressing objects:  59% (167/283)   [Kremote: Compressing objects:  60% (170/283)   [Kremote: Compressing objects:  61% (173/283)   [Kremote: Compressing objects:  62% (176/283)   [Kremote: Compressing objects:  63% (179/283)   [Kremote: Compressing objects:  64% (182/283)   [Kremote: Compressing objects:  65% (184/283)   [Kremote: Compressing objects:  66% (187/283)   [Kremote: Compressing objects:  67% (190/283)   [Kremote: Compressing objects:  68% (193/283)   [Kremote: Compressing objects:  69% (196/283)   [Kremote: Compressing objects:  70% (199/283)   [Kremote: Compressing objects:  71% (201/283)   [Kremote: Compressing objects:  72% (204/283)   [Kremote: Compressing objects:  73% (207/283)   [Kremote: Compressing objects:  74% (210/283)   [Kremote: Compressing objects:  75% (213/283)   [Kremote: Compressing objects:  76% (216/283)   [Kremote: Compressing objects:  77% (218/283)   [Kremote: Compressing objects:  78% (221/283)   [Kremote: Compressing objects:  79% (224/283)   [Kremote: Compressing objects:  80% (227/283)   [Kremote: Compressing objects:  81% (230/283)   [Kremote: Compressing objects:  82% (233/283)   [Kremote: Compressing objects:  83% (235/283)   [Kremote: Compressing objects:  84% (238/283)   [Kremote: Compressing objects:  85% (241/283)   [Kremote: Compressing objects:  86% (244/283)   [Kremote: Compressing objects:  87% (247/283)   [Kremote: Compressing objects:  88% (250/283)   [Kremote: Compressing objects:  89% (252/283)   [Kremote: Compressing objects:  90% (255/283)   [Kremote: Compressing objects:  91% (258/283)   [Kremote: Compressing objects:  92% (261/283)   [Kremote: Compressing objects:  93% (264/283)   [Kremote: Compressing objects:  94% (267/283)   [Kremote: Compressing objects:  95% (269/283)   [Kremote: Compressing objects:  96% (272/283)   [Kremote: Compressing objects:  97% (275/283)   [Kremote: Compressing objects:  98% (278/283)   [Kremote: Compressing objects:  99% (281/283)   [Kremote: Compressing objects: 100% (283/283)   [Kremote: Compressing objects: 100% (283/283), done.[K
Receiving objects:   0% (1/679)   Receiving objects:   1% (7/679)   Receiving objects:   2% (14/679)   Receiving objects:   3% (21/679)   Receiving objects:   4% (28/679)   Receiving objects:   5% (34/679)   Receiving objects:   6% (41/679)   Receiving objects:   7% (48/679)   Receiving objects:   8% (55/679)   Receiving objects:   9% (62/679)   Receiving objects:  10% (68/679)   Receiving objects:  11% (75/679)   Receiving objects:  12% (82/679)   Receiving objects:  13% (89/679)   Receiving objects:  14% (96/679)   Receiving objects:  15% (102/679)   Receiving objects:  16% (109/679)   Receiving objects:  17% (116/679)   Receiving objects:  18% (123/679)   Receiving objects:  19% (130/679)   Receiving objects:  20% (136/679)   Receiving objects:  21% (143/679)   Receiving objects:  22% (150/679)   Receiving objects:  23% (157/679)   Receiving objects:  24% (163/679)   Receiving objects:  25% (170/679)   Receiving objects:  26% (177/679)   Receiving objects:  27% (184/679)   Receiving objects:  28% (191/679)   Receiving objects:  29% (197/679)   Receiving objects:  30% (204/679)   Receiving objects:  31% (211/679)   Receiving objects:  32% (218/679)   Receiving objects:  33% (225/679)   Receiving objects:  34% (231/679)   Receiving objects:  35% (238/679)   Receiving objects:  36% (245/679)   Receiving objects:  37% (252/679)   Receiving objects:  38% (259/679)   Receiving objects:  39% (265/679)   Receiving objects:  40% (272/679)   Receiving objects:  41% (279/679)   Receiving objects:  42% (286/679)   Receiving objects:  43% (292/679)   Receiving objects:  44% (299/679)   Receiving objects:  45% (306/679)   Receiving objects:  46% (313/679)   Receiving objects:  47% (320/679)   Receiving objects:  48% (326/679)   Receiving objects:  49% (333/679)   Receiving objects:  50% (340/679)   Receiving objects:  51% (347/679)   Receiving objects:  52% (354/679)   Receiving objects:  53% (360/679)   Receiving objects:  54% (367/679)   Receiving objects:  55% (374/679)   Receiving objects:  56% (381/679)   Receiving objects:  57% (388/679)   Receiving objects:  58% (394/679)   Receiving objects:  59% (401/679)   Receiving objects:  60% (408/679)   Receiving objects:  61% (415/679)   Receiving objects:  62% (421/679)   Receiving objects:  63% (428/679)   Receiving objects:  64% (435/679)   Receiving objects:  65% (442/679)   Receiving objects:  66% (449/679)   Receiving objects:  67% (455/679)   Receiving objects:  68% (462/679)   Receiving objects:  69% (469/679)   Receiving objects:  70% (476/679)   Receiving objects:  71% (483/679)   Receiving objects:  72% (489/679)   Receiving objects:  73% (496/679)   Receiving objects:  74% (503/679)   Receiving objects:  75% (510/679)   Receiving objects:  76% (517/679)   remote: Total 679 (delta 359), reused 555 (delta 272)[K
Receiving objects:  77% (523/679)   Receiving objects:  78% (530/679)   Receiving objects:  79% (537/679)   Receiving objects:  80% (544/679)   Receiving objects:  81% (550/679)   Receiving objects:  82% (557/679)   Receiving objects:  83% (564/679)   Receiving objects:  84% (571/679)   Receiving objects:  85% (578/679)   Receiving objects:  86% (584/679)   Receiving objects:  87% (591/679)   Receiving objects:  88% (598/679)   Receiving objects:  89% (605/679)   Receiving objects:  90% (612/679)   Receiving objects:  91% (618/679)   Receiving objects:  92% (625/679)   Receiving objects:  93% (632/679)   Receiving objects:  94% (639/679)   Receiving objects:  95% (646/679)   Receiving objects:  96% (652/679)   Receiving objects:  97% (659/679)   Receiving objects:  98% (666/679)   Receiving objects:  99% (673/679)   Receiving objects: 100% (679/679)   Receiving objects: 100% (679/679), 226.59 KiB, done.
Resolving deltas:   0% (0/359)   Resolving deltas:   2% (8/359)   Resolving deltas:   3% (12/359)   Resolving deltas:   5% (20/359)   Resolving deltas:   9% (35/359)   Resolving deltas:  10% (37/359)   Resolving deltas:  11% (40/359)   Resolving deltas:  13% (47/359)   Resolving deltas:  16% (60/359)   Resolving deltas:  18% (65/359)   Resolving deltas:  21% (77/359)   Resolving deltas:  23% (85/359)   Resolving deltas:  29% (106/359)   Resolving deltas:  30% (111/359)   Resolving deltas:  31% (112/359)   Resolving deltas:  32% (118/359)   Resolving deltas:  34% (123/359)   Resolving deltas:  36% (132/359)   Resolving deltas:  37% (133/359)   Resolving deltas:  44% (160/359)   Resolving deltas:  45% (164/359)   Resolving deltas:  47% (169/359)   Resolving deltas:  49% (179/359)   Resolving deltas:  50% (180/359)   Resolving deltas:  51% (184/359)   Resolving deltas:  54% (194/359)   Resolving deltas:  55% (199/359)   Resolving deltas:  56% (202/359)   Resolving deltas:  59% (215/359)   Resolving deltas:  60% (216/359)   Resolving deltas:  62% (225/359)   Resolving deltas:  63% (227/359)   Resolving deltas:  64% (231/359)   Resolving deltas:  68% (245/359)   Resolving deltas:  69% (248/359)   Resolving deltas:  70% (252/359)   Resolving deltas:  71% (255/359)   Resolving deltas:  72% (261/359)   Resolving deltas:  74% (269/359)   Resolving deltas:  75% (270/359)   Resolving deltas:  76% (276/359)   Resolving deltas:  77% (277/359)   Resolving deltas:  78% (282/359)   Resolving deltas:  79% (285/359)   Resolving deltas:  85% (308/359)   Resolving deltas:  88% (319/359)   Resolving deltas:  90% (324/359)   Resolving deltas:  91% (328/359)   Resolving deltas:  93% (335/359)   Resolving deltas:  97% (351/359)   Resolving deltas:  98% (352/359)   Resolving deltas: 100% (359/359)   Resolving deltas: 100% (359/359), completed with 12 local objects.
From git://github.com/JakeWharton/ActionBarSherlock
 * branch            refs/pull/804/merge -> FETCH_HEAD
$ git checkout -qf 839dd27ee5e28963de76950c9483706c31594331
$ java -version
java version "1.7.0_09"
OpenJDK Runtime Environment (IcedTea7 2.3.4) (7u9-2.3.4-0ubuntu1.12.04.1)
OpenJDK 64-Bit Server VM (build 23.2-b09, mixed mode)
$ javac -version
javac 1.7.0_09
$ wget http://dl.google.com/android/android-sdk_r20.0.3-linux.tgz
--2013-01-23 17:31:23--  http://dl.google.com/android/android-sdk_r20.0.3-linux.tgz
Resolving dl.google.com (dl.google.com)... 2607:f8b0:400d:c00::5d, 74.125.228.46, 74.125.228.33, ...
Connecting to dl.google.com (dl.google.com)|2607:f8b0:400d:c00::5d|:80... failed: No route to host.
Connecting to dl.google.com (dl.google.com)|74.125.228.46|:80... connected.
HTTP request sent, awaiting response... 200 OK
Length: 82616305 (79M) [application/x-tar]
Saving to: `android-sdk_r20.0.3-linux.tgz'

 0% [                                       ] 0           --.-K/s               0% [                                       ] 8,192       30.5K/s               2% [                                       ] 2,105,344   3.44M/s               5% [=>                                     ] 4,268,032   5.18M/s              10% [==>                                    ] 8,396,800   7.04M/s              12% [===>                                   ] 10,493,952  7.45M/s              16% [=====>                                 ] 13,345,634  8.24M/s              20% [======>                                ] 16,785,408  8.47M/s              25% [========>                              ] 20,979,712  8.63M/s              27% [=========>                             ] 23,076,864  8.71M/s              31% [===========>                           ] 25,759,456  9.00M/s              33% [===========>                           ] 27,271,168  8.78M/s              35% [============>                          ] 29,368,320  8.78M/s  eta 6s      38% [=============>                         ] 31,465,472  8.74M/s  eta 6s      40% [==============>                        ] 33,570,816  8.81M/s  eta 6s      43% [===============>                       ] 35,659,776  8.71M/s  eta 6s      45% [================>                      ] 37,756,928  8.71M/s  eta 6s      49% [==================>                    ] 40,772,588  9.55M/s  eta 4s      50% [==================>                    ] 41,951,232  9.24M/s  eta 4s      53% [===================>                   ] 44,048,384  9.53M/s  eta 4s      57% [=====================>                 ] 47,167,016  9.75M/s  eta 4s      59% [======================>                ] 48,909,076  9.46M/s  eta 4s      63% [=======================>               ] 52,436,992  9.70M/s  eta 3s      66% [========================>              ] 54,534,144  9.57M/s  eta 3s      68% [=========================>             ] 56,631,296  9.26M/s  eta 3s      71% [==========================>            ] 58,736,640  9.22M/s  eta 3s      76% [============================>          ] 62,922,752  9.39M/s  eta 2s      78% [=============================>         ] 65,019,904  9.34M/s  eta 2s      81% [==============================>        ] 67,117,056  9.26M/s  eta 2s      83% [===============================>       ] 69,214,208  9.34M/s  eta 2s      87% [=================================>     ] 72,523,306  9.67M/s  eta 2s      88% [=================================>     ] 73,408,512  9.45M/s  eta 1s      92% [===================================>   ] 76,403,324  9.65M/s  eta 1s      96% [====================================>  ] 79,528,738  10.0M/s  eta 1s      96% [====================================>  ] 79,699,968  9.67M/s  eta 1s      100%[======================================>] 82,616,305  9.89M/s   in 8.4s    

2013-01-23 17:31:34 (9.35 MB/s) - `android-sdk_r20.0.3-linux.tgz' saved [82616305/82616305]

$ tar -zxf android-sdk_r20.0.3-linux.tgz
$ export ANDROID_HOME=~/builds/JakeWharton/ActionBarSherlock/android-sdk-linux
$ export PATH=${PATH}:${ANDROID_HOME}/tools:${ANDROID_HOME}/platform-tools
$ TOOLS=$(android list sdk --no-ui | grep "Android SDK Platform-tools" | cut -d"-" -f1)
/home/travis/build.sh: line 101: android: command not found
$ android update sdk --filter "$TOOLS" --no-ui --force
/home/travis/build.sh: line 104: android: command not found
\nThe command "android update sdk --filter "$TOOLS" --no-ui --force" failed and exited with 127 during before_install.\n\nYour build has been stopped.
