Using worker: bluebox-jvm-otp.worker.travis-ci.org:travis-jvm-2

$ git clone --depth=100 --quiet git://github.com/JakeWharton/ActionBarSherlock.git JakeWharton/ActionBarSherlock
$ cd JakeWharton/ActionBarSherlock
$ git fetch origin +refs/pull/810/merge: 
remote: Counting objects: 689, done.[K
remote: Compressing objects:   0% (1/283)   [Kremote: Compressing objects:   1% (3/283)   [Kremote: Compressing objects:   2% (6/283)   [Kremote: Compressing objects:   3% (9/283)   [Kremote: Compressing objects:   4% (12/283)   [Kremote: Compressing objects:   5% (15/283)   [Kremote: Compressing objects:   6% (17/283)   [Kremote: Compressing objects:   7% (20/283)   [Kremote: Compressing objects:   8% (23/283)   [Kremote: Compressing objects:   9% (26/283)   [Kremote: Compressing objects:  10% (29/283)   [Kremote: Compressing objects:  11% (32/283)   [Kremote: Compressing objects:  12% (34/283)   [Kremote: Compressing objects:  13% (37/283)   [Kremote: Compressing objects:  14% (40/283)   [Kremote: Compressing objects:  15% (43/283)   [Kremote: Compressing objects:  16% (46/283)   [Kremote: Compressing objects:  17% (49/283)   [Kremote: Compressing objects:  18% (51/283)   [Kremote: Compressing objects:  19% (54/283)   [Kremote: Compressing objects:  20% (57/283)   [Kremote: Compressing objects:  21% (60/283)   [Kremote: Compressing objects:  22% (63/283)   [Kremote: Compressing objects:  23% (66/283)   [Kremote: Compressing objects:  24% (68/283)   [Kremote: Compressing objects:  25% (71/283)   [Kremote: Compressing objects:  26% (74/283)   [Kremote: Compressing objects:  27% (77/283)   [Kremote: Compressing objects:  28% (80/283)   [Kremote: Compressing objects:  29% (83/283)   [Kremote: Compressing objects:  30% (85/283)   [Kremote: Compressing objects:  31% (88/283)   [Kremote: Compressing objects:  32% (91/283)   [Kremote: Compressing objects:  33% (94/283)   [Kremote: Compressing objects:  34% (97/283)   [Kremote: Compressing objects:  35% (100/283)   [Kremote: Compressing objects:  36% (102/283)   [Kremote: Compressing objects:  37% (105/283)   [Kremote: Compressing objects:  38% (108/283)   [Kremote: Compressing objects:  39% (111/283)   [Kremote: Compressing objects:  40% (114/283)   [Kremote: Compressing objects:  41% (117/283)   [Kremote: Compressing objects:  42% (119/283)   [Kremote: Compressing objects:  43% (122/283)   [Kremote: Compressing objects:  44% (125/283)   [Kremote: Compressing objects:  45% (128/283)   [Kremote: Compressing objects:  46% (131/283)   [Kremote: Compressing objects:  47% (134/283)   [Kremote: Compressing objects:  48% (136/283)   [Kremote: Compressing objects:  49% (139/283)   [Kremote: Compressing objects:  50% (142/283)   [Kremote: Compressing objects:  51% (145/283)   [Kremote: Compressing objects:  52% (148/283)   [Kremote: Compressing objects:  53% (150/283)   [Kremote: Compressing objects:  54% (153/283)   [Kremote: Compressing objects:  55% (156/283)   [Kremote: Compressing objects:  56% (159/283)   [Kremote: Compressing objects:  57% (162/283)   [Kremote: Compressing objects:  58% (165/283)   [Kremote: Compressing objects:  59% (167/283)   [Kremote: Compressing objects:  60% (170/283)   [Kremote: Compressing objects:  61% (173/283)   [Kremote: Compressing objects:  62% (176/283)   [Kremote: Compressing objects:  63% (179/283)   [Kremote: Compressing objects:  64% (182/283)   [Kremote: Compressing objects:  65% (184/283)   [Kremote: Compressing objects:  66% (187/283)   [Kremote: Compressing objects:  67% (190/283)   [Kremote: Compressing objects:  68% (193/283)   [Kremote: Compressing objects:  69% (196/283)   [Kremote: Compressing objects:  70% (199/283)   [Kremote: Compressing objects:  71% (201/283)   [Kremote: Compressing objects:  72% (204/283)   [Kremote: Compressing objects:  73% (207/283)   [Kremote: Compressing objects:  74% (210/283)   [Kremote: Compressing objects:  75% (213/283)   [Kremote: Compressing objects:  76% (216/283)   [Kremote: Compressing objects:  77% (218/283)   [Kremote: Compressing objects:  78% (221/283)   [Kremote: Compressing objects:  79% (224/283)   [Kremote: Compressing objects:  80% (227/283)   [Kremote: Compressing objects:  81% (230/283)   [Kremote: Compressing objects:  82% (233/283)   [Kremote: Compressing objects:  83% (235/283)   [Kremote: Compressing objects:  84% (238/283)   [Kremote: Compressing objects:  85% (241/283)   [Kremote: Compressing objects:  86% (244/283)   [Kremote: Compressing objects:  87% (247/283)   [Kremote: Compressing objects:  88% (250/283)   [Kremote: Compressing objects:  89% (252/283)   [Kremote: Compressing objects:  90% (255/283)   [Kremote: Compressing objects:  91% (258/283)   [Kremote: Compressing objects:  92% (261/283)   [Kremote: Compressing objects:  93% (264/283)   [Kremote: Compressing objects:  94% (267/283)   [Kremote: Compressing objects:  95% (269/283)   [Kremote: Compressing objects:  96% (272/283)   [Kremote: Compressing objects:  97% (275/283)   [Kremote: Compressing objects:  98% (278/283)   [Kremote: Compressing objects:  99% (281/283)   [Kremote: Compressing objects: 100% (283/283)   [Kremote: Compressing objects: 100% (283/283), done.[K
Receiving objects:   0% (1/673)   Receiving objects:   1% (7/673)   Receiving objects:   2% (14/673)   Receiving objects:   3% (21/673)   Receiving objects:   4% (27/673)   Receiving objects:   5% (34/673)   Receiving objects:   6% (41/673)   Receiving objects:   7% (48/673)   Receiving objects:   8% (54/673)   Receiving objects:   9% (61/673)   Receiving objects:  10% (68/673)   Receiving objects:  11% (75/673)   Receiving objects:  12% (81/673)   Receiving objects:  13% (88/673)   Receiving objects:  14% (95/673)   Receiving objects:  15% (101/673)   Receiving objects:  16% (108/673)   Receiving objects:  17% (115/673)   Receiving objects:  18% (122/673)   Receiving objects:  19% (128/673)   Receiving objects:  20% (135/673)   Receiving objects:  21% (142/673)   Receiving objects:  22% (149/673)   Receiving objects:  23% (155/673)   Receiving objects:  24% (162/673)   Receiving objects:  25% (169/673)   Receiving objects:  26% (175/673)   Receiving objects:  27% (182/673)   Receiving objects:  28% (189/673)   Receiving objects:  29% (196/673)   Receiving objects:  30% (202/673)   Receiving objects:  31% (209/673)   Receiving objects:  32% (216/673)   Receiving objects:  33% (223/673)   Receiving objects:  34% (229/673)   Receiving objects:  35% (236/673)   Receiving objects:  36% (243/673)   Receiving objects:  37% (250/673)   Receiving objects:  38% (256/673)   Receiving objects:  39% (263/673)   Receiving objects:  40% (270/673)   Receiving objects:  41% (276/673)   Receiving objects:  42% (283/673)   Receiving objects:  43% (290/673)   Receiving objects:  44% (297/673)   Receiving objects:  45% (303/673)   Receiving objects:  46% (310/673)   Receiving objects:  47% (317/673)   Receiving objects:  48% (324/673)   Receiving objects:  49% (330/673)   Receiving objects:  50% (337/673)   Receiving objects:  51% (344/673)   Receiving objects:  52% (350/673)   Receiving objects:  53% (357/673)   Receiving objects:  54% (364/673)   Receiving objects:  55% (371/673)   Receiving objects:  56% (377/673)   Receiving objects:  57% (384/673)   Receiving objects:  58% (391/673)   Receiving objects:  59% (398/673)   Receiving objects:  60% (404/673)   Receiving objects:  61% (411/673)   Receiving objects:  62% (418/673)   Receiving objects:  63% (424/673)   Receiving objects:  64% (431/673)   Receiving objects:  65% (438/673)   Receiving objects:  66% (445/673)   Receiving objects:  67% (451/673)   Receiving objects:  68% (458/673)   Receiving objects:  69% (465/673)   Receiving objects:  70% (472/673)   Receiving objects:  71% (478/673)   Receiving objects:  72% (485/673)   Receiving objects:  73% (492/673)   Receiving objects:  74% (499/673)   Receiving objects:  75% (505/673)   Receiving objects:  76% (512/673)   Receiving objects:  77% (519/673)   Receiving objects:  78% (525/673)   Receiving objects:  79% (532/673)   Receiving objects:  80% (539/673)   Receiving objects:  81% (546/673)   Receiving objects:  82% (552/673)   Receiving objects:  83% (559/673)   Receiving objects:  84% (566/673)   Receiving objects:  85% (573/673)   Receiving objects:  86% (579/673)   Receiving objects:  87% (586/673)   Receiving objects:  88% (593/673)   Receiving objects:  89% (599/673)   remote: Total 673 (delta 356), reused 549 (delta 268)[K
Receiving objects:  90% (606/673)   Receiving objects:  91% (613/673)   Receiving objects:  92% (620/673)   Receiving objects:  93% (626/673)   Receiving objects:  94% (633/673)   Receiving objects:  95% (640/673)   Receiving objects:  96% (647/673)   Receiving objects:  97% (653/673)   Receiving objects:  98% (660/673)   Receiving objects:  99% (667/673)   Receiving objects: 100% (673/673)   Receiving objects: 100% (673/673), 220.68 KiB, done.
Resolving deltas:   0% (0/356)   Resolving deltas:   3% (14/356)   Resolving deltas:   5% (19/356)   Resolving deltas:   7% (27/356)   Resolving deltas:  10% (37/356)   Resolving deltas:  11% (40/356)   Resolving deltas:  13% (47/356)   Resolving deltas:  17% (61/356)   Resolving deltas:  19% (68/356)   Resolving deltas:  23% (83/356)   Resolving deltas:  24% (87/356)   Resolving deltas:  28% (100/356)   Resolving deltas:  29% (106/356)   Resolving deltas:  30% (107/356)   Resolving deltas:  31% (113/356)   Resolving deltas:  33% (118/356)   Resolving deltas:  35% (127/356)   Resolving deltas:  42% (151/356)   Resolving deltas:  43% (154/356)   Resolving deltas:  44% (160/356)   Resolving deltas:  45% (161/356)   Resolving deltas:  48% (172/356)   Resolving deltas:  49% (177/356)   Resolving deltas:  50% (179/356)   Resolving deltas:  53% (190/356)   Resolving deltas:  54% (194/356)   Resolving deltas:  59% (213/356)   Resolving deltas:  60% (215/356)   Resolving deltas:  61% (219/356)   Resolving deltas:  62% (222/356)   Resolving deltas:  63% (226/356)   Resolving deltas:  66% (238/356)   Resolving deltas:  67% (240/356)   Resolving deltas:  68% (245/356)   Resolving deltas:  69% (247/356)   Resolving deltas:  70% (251/356)   Resolving deltas:  71% (253/356)   Resolving deltas:  72% (257/356)   Resolving deltas:  75% (267/356)   Resolving deltas:  76% (273/356)   Resolving deltas:  77% (275/356)   Resolving deltas:  78% (278/356)   Resolving deltas:  84% (301/356)   Resolving deltas:  87% (312/356)   Resolving deltas:  89% (319/356)   Resolving deltas:  91% (325/356)   Resolving deltas:  93% (332/356)   Resolving deltas:  97% (348/356)   Resolving deltas:  98% (349/356)   Resolving deltas: 100% (356/356)   Resolving deltas: 100% (356/356), completed with 12 local objects.
From git://github.com/JakeWharton/ActionBarSherlock
 * branch            refs/pull/810/merge -> FETCH_HEAD
$ git checkout -qf 8c1b5744d5007d5dfadf72d2e556ca682175a8e5
$ java -version
java version "1.7.0_09"
OpenJDK Runtime Environment (IcedTea7 2.3.4) (7u9-2.3.4-0ubuntu1.12.04.1)
OpenJDK 64-Bit Server VM (build 23.2-b09, mixed mode)
$ javac -version
javac 1.7.0_09
$ wget http://dl.google.com/android/android-sdk_r20.0.3-linux.tgz
--2013-01-26 01:36:26--  http://dl.google.com/android/android-sdk_r20.0.3-linux.tgz
Resolving dl.google.com (dl.google.com)... 2607:f8b0:400d:c00::88, 74.125.228.46, 74.125.228.41, ...
Connecting to dl.google.com (dl.google.com)|2607:f8b0:400d:c00::88|:80... failed: No route to host.
Connecting to dl.google.com (dl.google.com)|74.125.228.46|:80... connected.
HTTP request sent, awaiting response... 200 OK
Length: 82616305 (79M) [application/x-tar]
Saving to: `android-sdk_r20.0.3-linux.tgz'

 0% [                                       ] 0           --.-K/s               0% [                                       ] 16,384      54.0K/s               2% [                                       ] 2,105,344   3.46M/s               5% [>                                      ] 4,198,558   4.85M/s               9% [==>                                    ] 8,225,754   7.65M/s              12% [===>                                   ] 10,493,952  7.31M/s              15% [====>                                  ] 12,591,104  5.69M/s              20% [======>                                ] 16,785,408  6.34M/s              25% [========>                              ] 20,979,712  7.03M/s              30% [==========>                            ] 25,174,016  7.36M/s  eta 7s      33% [============>                          ] 27,934,946  7.70M/s  eta 7s      36% [=============>                         ] 30,347,972  7.90M/s  eta 7s      39% [==============>                        ] 32,750,488  8.09M/s  eta 7s      43% [===============>                       ] 35,659,776  8.09M/s  eta 7s      47% [=================>                     ] 39,066,204  8.46M/s  eta 5s      50% [==================>                    ] 41,951,232  8.71M/s  eta 5s      53% [===================>                   ] 44,263,272  9.12M/s  eta 5s      57% [=====================>                 ] 47,460,646  9.46M/s  eta 5s      60% [======================>                ] 50,339,840  9.21M/s  eta 4s      63% [=======================>               ] 52,436,992  9.09M/s  eta 4s      66% [========================>              ] 54,534,144  10.4M/s  eta 4s      68% [=========================>             ] 56,896,770  10.1M/s  eta 4s      73% [===========================>           ] 60,820,244  10.3M/s  eta 4s      78% [=============================>         ] 65,019,904  10.6M/s  eta 2s      81% [==============================>        ] 67,117,056  10.6M/s  eta 2s      83% [===============================>       ] 69,214,208  10.5M/s  eta 2s      88% [=================================>     ] 73,408,512  10.6M/s  eta 2s      93% [===================================>   ] 77,602,816  10.7M/s  eta 1s      96% [====================================>  ] 79,693,194  10.7M/s  eta 1s      100%[======================================>] 82,616,305  11.0M/s   in 8.3s    

2013-01-26 01:36:37 (9.53 MB/s) - `android-sdk_r20.0.3-linux.tgz' saved [82616305/82616305]

$ tar -zxf android-sdk_r20.0.3-linux.tgz
$ export ANDROID_HOME=~/builds/JakeWharton/ActionBarSherlock/android-sdk-linux
$ export PATH=${PATH}:${ANDROID_HOME}/tools:${ANDROID_HOME}/platform-tools
$ TOOLS=$(android list sdk --no-ui | grep "Android SDK Platform-tools" | cut -d"-" -f1)
/home/travis/build.sh: line 101: android: command not found
$ android update sdk --filter "$TOOLS" --no-ui --force
/home/travis/build.sh: line 104: android: command not found
\nThe command "android update sdk --filter "$TOOLS" --no-ui --force" failed and exited with 127 during before_install.\n\nYour build has been stopped.
