Using worker: bluebox-linux-1.worker.travis-ci.org:travis-linux-18

$ git clone --depth=100 --quiet git://github.com/JakeWharton/ActionBarSherlock.git JakeWharton/ActionBarSherlock
$ cd JakeWharton/ActionBarSherlock
$ git fetch origin +refs/pull/825/merge: 
remote: Counting objects: 712, done.[K
remote: Compressing objects:   0% (1/276)   [Kremote: Compressing objects:   1% (3/276)   [Kremote: Compressing objects:   2% (6/276)   [Kremote: Compressing objects:   3% (9/276)   [Kremote: Compressing objects:   4% (12/276)   [Kremote: Compressing objects:   5% (14/276)   [Kremote: Compressing objects:   6% (17/276)   [Kremote: Compressing objects:   7% (20/276)   [Kremote: Compressing objects:   8% (23/276)   [Kremote: Compressing objects:   9% (25/276)   [Kremote: Compressing objects:  10% (28/276)   [Kremote: Compressing objects:  11% (31/276)   [Kremote: Compressing objects:  12% (34/276)   [Kremote: Compressing objects:  13% (36/276)   [Kremote: Compressing objects:  14% (39/276)   [Kremote: Compressing objects:  15% (42/276)   [Kremote: Compressing objects:  16% (45/276)   [Kremote: Compressing objects:  17% (47/276)   [Kremote: Compressing objects:  18% (50/276)   [Kremote: Compressing objects:  19% (53/276)   [Kremote: Compressing objects:  20% (56/276)   [Kremote: Compressing objects:  21% (58/276)   [Kremote: Compressing objects:  22% (61/276)   [Kremote: Compressing objects:  23% (64/276)   [Kremote: Compressing objects:  24% (67/276)   [Kremote: Compressing objects:  25% (69/276)   [Kremote: Compressing objects:  26% (72/276)   [Kremote: Compressing objects:  27% (75/276)   [Kremote: Compressing objects:  28% (78/276)   [Kremote: Compressing objects:  29% (81/276)   [Kremote: Compressing objects:  30% (83/276)   [Kremote: Compressing objects:  31% (86/276)   [Kremote: Compressing objects:  32% (89/276)   [Kremote: Compressing objects:  33% (92/276)   [Kremote: Compressing objects:  34% (94/276)   [Kremote: Compressing objects:  35% (97/276)   [Kremote: Compressing objects:  36% (100/276)   [Kremote: Compressing objects:  37% (103/276)   [Kremote: Compressing objects:  38% (105/276)   [Kremote: Compressing objects:  39% (108/276)   [Kremote: Compressing objects:  40% (111/276)   [Kremote: Compressing objects:  41% (114/276)   [Kremote: Compressing objects:  42% (116/276)   [Kremote: Compressing objects:  43% (119/276)   [Kremote: Compressing objects:  44% (122/276)   [Kremote: Compressing objects:  45% (125/276)   [Kremote: Compressing objects:  46% (127/276)   [Kremote: Compressing objects:  47% (130/276)   [Kremote: Compressing objects:  48% (133/276)   [Kremote: Compressing objects:  49% (136/276)   [Kremote: Compressing objects:  50% (138/276)   [Kremote: Compressing objects:  51% (141/276)   [Kremote: Compressing objects:  52% (144/276)   [Kremote: Compressing objects:  53% (147/276)   [Kremote: Compressing objects:  54% (150/276)   [Kremote: Compressing objects:  55% (152/276)   [Kremote: Compressing objects:  56% (155/276)   [Kremote: Compressing objects:  57% (158/276)   [Kremote: Compressing objects:  58% (161/276)   [Kremote: Compressing objects:  59% (163/276)   [Kremote: Compressing objects:  60% (166/276)   [Kremote: Compressing objects:  61% (169/276)   [Kremote: Compressing objects:  62% (172/276)   [Kremote: Compressing objects:  63% (174/276)   [Kremote: Compressing objects:  64% (177/276)   [Kremote: Compressing objects:  65% (180/276)   [Kremote: Compressing objects:  66% (183/276)   [Kremote: Compressing objects:  67% (185/276)   [Kremote: Compressing objects:  68% (188/276)   [Kremote: Compressing objects:  69% (191/276)   [Kremote: Compressing objects:  70% (194/276)   [Kremote: Compressing objects:  71% (196/276)   [Kremote: Compressing objects:  72% (199/276)   [Kremote: Compressing objects:  73% (202/276)   [Kremote: Compressing objects:  74% (205/276)   [Kremote: Compressing objects:  75% (207/276)   [Kremote: Compressing objects:  76% (210/276)   [Kremote: Compressing objects:  77% (213/276)   [Kremote: Compressing objects:  78% (216/276)   [Kremote: Compressing objects:  79% (219/276)   [Kremote: Compressing objects:  80% (221/276)   [Kremote: Compressing objects:  81% (224/276)   [Kremote: Compressing objects:  82% (227/276)   [Kremote: Compressing objects:  83% (230/276)   [Kremote: Compressing objects:  84% (232/276)   [Kremote: Compressing objects:  85% (235/276)   [Kremote: Compressing objects:  86% (238/276)   [Kremote: Compressing objects:  87% (241/276)   [Kremote: Compressing objects:  88% (243/276)   [Kremote: Compressing objects:  89% (246/276)   [Kremote: Compressing objects:  90% (249/276)   [Kremote: Compressing objects:  91% (252/276)   [Kremote: Compressing objects:  92% (254/276)   [Kremote: Compressing objects:  93% (257/276)   [Kremote: Compressing objects:  94% (260/276)   [Kremote: Compressing objects:  95% (263/276)   [Kremote: Compressing objects:  96% (265/276)   [Kremote: Compressing objects:  97% (268/276)   [Kremote: Compressing objects:  98% (271/276)   [Kremote: Compressing objects:  99% (274/276)   [Kremote: Compressing objects: 100% (276/276)   [Kremote: Compressing objects: 100% (276/276), done.[K
Receiving objects:   0% (1/696)   Receiving objects:   1% (7/696)   Receiving objects:   2% (14/696)   Receiving objects:   3% (21/696)   Receiving objects:   4% (28/696)   Receiving objects:   5% (35/696)   Receiving objects:   6% (42/696)   Receiving objects:   7% (49/696)   Receiving objects:   8% (56/696)   Receiving objects:   9% (63/696)   Receiving objects:  10% (70/696)   Receiving objects:  11% (77/696)   Receiving objects:  12% (84/696)   Receiving objects:  13% (91/696)   Receiving objects:  14% (98/696)   Receiving objects:  15% (105/696)   Receiving objects:  16% (112/696)   Receiving objects:  17% (119/696)   Receiving objects:  18% (126/696)   Receiving objects:  19% (133/696)   Receiving objects:  20% (140/696)   Receiving objects:  21% (147/696)   Receiving objects:  22% (154/696)   Receiving objects:  23% (161/696)   Receiving objects:  24% (168/696)   Receiving objects:  25% (174/696)   Receiving objects:  26% (181/696)   Receiving objects:  27% (188/696)   Receiving objects:  28% (195/696)   Receiving objects:  29% (202/696)   Receiving objects:  30% (209/696)   Receiving objects:  31% (216/696)   Receiving objects:  32% (223/696)   Receiving objects:  33% (230/696)   Receiving objects:  34% (237/696)   Receiving objects:  35% (244/696)   Receiving objects:  36% (251/696)   Receiving objects:  37% (258/696)   Receiving objects:  38% (265/696)   Receiving objects:  39% (272/696)   Receiving objects:  40% (279/696)   Receiving objects:  41% (286/696)   Receiving objects:  42% (293/696)   Receiving objects:  43% (300/696)   Receiving objects:  44% (307/696)   Receiving objects:  45% (314/696)   Receiving objects:  46% (321/696)   Receiving objects:  47% (328/696)   Receiving objects:  48% (335/696)   Receiving objects:  49% (342/696)   Receiving objects:  50% (348/696)   Receiving objects:  51% (355/696)   Receiving objects:  52% (362/696)   Receiving objects:  53% (369/696)   Receiving objects:  54% (376/696)   Receiving objects:  55% (383/696)   Receiving objects:  56% (390/696)   Receiving objects:  57% (397/696)   Receiving objects:  58% (404/696)   Receiving objects:  59% (411/696)   Receiving objects:  60% (418/696)   Receiving objects:  61% (425/696)   Receiving objects:  62% (432/696)   Receiving objects:  63% (439/696)   Receiving objects:  64% (446/696)   Receiving objects:  65% (453/696)   Receiving objects:  66% (460/696)   Receiving objects:  67% (467/696)   Receiving objects:  68% (474/696)   Receiving objects:  69% (481/696)   Receiving objects:  70% (488/696)   remote: Total 696 (delta 364), reused 579 (delta 290)[K
Receiving objects:  71% (495/696)   Receiving objects:  72% (502/696)   Receiving objects:  73% (509/696)   Receiving objects:  74% (516/696)   Receiving objects:  75% (522/696)   Receiving objects:  76% (529/696)   Receiving objects:  77% (536/696)   Receiving objects:  78% (543/696)   Receiving objects:  79% (550/696)   Receiving objects:  80% (557/696)   Receiving objects:  81% (564/696)   Receiving objects:  82% (571/696)   Receiving objects:  83% (578/696)   Receiving objects:  84% (585/696)   Receiving objects:  85% (592/696)   Receiving objects:  86% (599/696)   Receiving objects:  87% (606/696)   Receiving objects:  88% (613/696)   Receiving objects:  89% (620/696)   Receiving objects:  90% (627/696)   Receiving objects:  91% (634/696)   Receiving objects:  92% (641/696)   Receiving objects:  93% (648/696)   Receiving objects:  94% (655/696)   Receiving objects:  95% (662/696)   Receiving objects:  96% (669/696)   Receiving objects:  97% (676/696)   Receiving objects:  98% (683/696)   Receiving objects:  99% (690/696)   Receiving objects: 100% (696/696)   Receiving objects: 100% (696/696), 221.07 KiB, done.
Resolving deltas:   0% (0/364)   Resolving deltas:   2% (10/364)   Resolving deltas:   3% (13/364)   Resolving deltas:   5% (20/364)   Resolving deltas:   9% (34/364)   Resolving deltas:  10% (39/364)   Resolving deltas:  11% (41/364)   Resolving deltas:  15% (55/364)   Resolving deltas:  18% (67/364)   Resolving deltas:  20% (75/364)   Resolving deltas:  24% (88/364)   Resolving deltas:  28% (103/364)   Resolving deltas:  29% (108/364)   Resolving deltas:  31% (113/364)   Resolving deltas:  33% (121/364)   Resolving deltas:  34% (124/364)   Resolving deltas:  35% (130/364)   Resolving deltas:  37% (136/364)   Resolving deltas:  39% (144/364)   Resolving deltas:  46% (168/364)   Resolving deltas:  47% (172/364)   Resolving deltas:  48% (177/364)   Resolving deltas:  51% (187/364)   Resolving deltas:  52% (191/364)   Resolving deltas:  54% (200/364)   Resolving deltas:  55% (201/364)   Resolving deltas:  56% (205/364)   Resolving deltas:  57% (209/364)   Resolving deltas:  58% (214/364)   Resolving deltas:  59% (216/364)   Resolving deltas:  60% (219/364)   Resolving deltas:  61% (223/364)   Resolving deltas:  64% (235/364)   Resolving deltas:  65% (237/364)   Resolving deltas:  66% (242/364)   Resolving deltas:  67% (244/364)   Resolving deltas:  69% (253/364)   Resolving deltas:  70% (255/364)   Resolving deltas:  71% (259/364)   Resolving deltas:  72% (263/364)   Resolving deltas:  74% (270/364)   Resolving deltas:  75% (275/364)   Resolving deltas:  77% (281/364)   Resolving deltas:  78% (286/364)   Resolving deltas:  84% (309/364)   Resolving deltas:  87% (320/364)   Resolving deltas:  89% (327/364)   Resolving deltas:  90% (328/364)   Resolving deltas:  91% (333/364)   Resolving deltas:  93% (340/364)   Resolving deltas:  97% (356/364)   Resolving deltas:  98% (357/364)   Resolving deltas: 100% (364/364)   Resolving deltas: 100% (364/364), completed with 12 local objects.
From git://github.com/JakeWharton/ActionBarSherlock
 * branch            refs/pull/825/merge -> FETCH_HEAD
$ git checkout -qf FETCH_HEAD
$ java -version
java version "1.7.0_09"
OpenJDK Runtime Environment (IcedTea7 2.3.4) (7u9-2.3.4-0ubuntu1.12.04.1)
OpenJDK 64-Bit Server VM (build 23.2-b09, mixed mode)
$ javac -version
javac 1.7.0_09
$ wget http://dl.google.com/android/android-sdk_r20.0.3-linux.tgz
--2013-02-08 08:13:02--  http://dl.google.com/android/android-sdk_r20.0.3-linux.tgz
Resolving dl.google.com (dl.google.com)... 2607:f8b0:400d:c00::be, 74.125.228.35, 74.125.228.36, ...
Connecting to dl.google.com (dl.google.com)|2607:f8b0:400d:c00::be|:80... failed: No route to host.
Connecting to dl.google.com (dl.google.com)|74.125.228.35|:80... connected.
HTTP request sent, awaiting response... 200 OK
Length: 82616305 (79M) [application/x-tar]
Saving to: `android-sdk_r20.0.3-linux.tgz'

 0% [                                       ] 0           --.-K/s               0% [                                       ] 8,192       30.7K/s               2% [                                       ] 2,105,344   3.23M/s               5% [>                                      ] 4,202,496   4.65M/s               7% [=>                                     ] 6,299,648   4.29M/s              10% [==>                                    ] 8,396,800   4.54M/s              12% [===>                                   ] 10,493,952  5.04M/s              15% [====>                                  ] 12,591,104  5.24M/s              20% [======>                                ] 16,785,408  6.01M/s              22% [=======>                               ] 18,882,560  5.74M/s  eta 11s     25% [========>                              ] 20,979,712  5.77M/s  eta 11s     30% [==========>                            ] 25,174,016  6.11M/s  eta 11s     33% [===========>                           ] 27,271,168  5.84M/s  eta 9s      35% [============>                          ] 29,368,320  5.73M/s  eta 9s      38% [=============>                         ] 31,465,472  5.87M/s  eta 9s      40% [==============>                        ] 33,562,624  5.99M/s  eta 9s      43% [===============>                       ] 35,659,776  6.13M/s  eta 7s      45% [================>                      ] 37,756,928  6.26M/s  eta 7s      50% [==================>                    ] 41,951,232  6.85M/s  eta 7s      53% [===================>                   ] 44,048,384  7.02M/s  eta 7s      58% [=====================>                 ] 48,242,688  7.48M/s  eta 5s      60% [======================>                ] 50,339,840  7.53M/s  eta 5s      64% [========================>              ] 53,534,832  7.75M/s  eta 5s      68% [=========================>             ] 56,631,296  7.53M/s  eta 4s      73% [===========================>           ] 60,825,600  7.39M/s  eta 4s      76% [============================>          ] 63,174,200  7.62M/s  eta 4s      78% [=============================>         ] 65,019,904  7.50M/s  eta 2s      81% [==============================>        ] 67,117,056  7.63M/s  eta 2s      86% [================================>      ] 71,311,360  8.65M/s  eta 2s      88% [=================================>     ] 73,408,512  8.67M/s  eta 2s      88% [=================================>     ] 73,416,704  8.19M/s  eta 1s      96% [====================================>  ] 79,699,968  8.77M/s  eta 1s      100%[======================================>] 82,616,305  9.17M/s   in 10s     

2013-02-08 08:13:15 (7.56 MB/s) - `android-sdk_r20.0.3-linux.tgz' saved [82616305/82616305]

$ tar -zxf android-sdk_r20.0.3-linux.tgz
$ export ANDROID_HOME=~/builds/JakeWharton/ActionBarSherlock/android-sdk-linux
$ export PATH=${PATH}:${ANDROID_HOME}/tools:${ANDROID_HOME}/platform-tools
$ TOOLS=$(android list sdk --no-ui | grep "Android SDK Platform-tools" | cut -d"-" -f1)
/home/travis/build.sh: line 102: android: command not found
$ android update sdk --filter "$TOOLS" --no-ui --force
/home/travis/build.sh: line 105: android: command not found

The command "android update sdk --filter "$TOOLS" --no-ui --force" failed and exited with 127 during before_install.

Your build has been stopped.
