Using worker: bluebox-linux-1.worker.travis-ci.org:travis-linux-16

$ git clone --depth=100 --quiet git://github.com/JakeWharton/ActionBarSherlock.git JakeWharton/ActionBarSherlock
$ cd JakeWharton/ActionBarSherlock
$ git fetch origin +refs/pull/826/merge: 
remote: Counting objects: 712, done.[K
remote: Compressing objects:   0% (1/278)   [Kremote: Compressing objects:   1% (3/278)   [Kremote: Compressing objects:   2% (6/278)   [Kremote: Compressing objects:   3% (9/278)   [Kremote: Compressing objects:   4% (12/278)   [Kremote: Compressing objects:   5% (14/278)   [Kremote: Compressing objects:   6% (17/278)   [Kremote: Compressing objects:   7% (20/278)   [Kremote: Compressing objects:   8% (23/278)   [Kremote: Compressing objects:   9% (26/278)   [Kremote: Compressing objects:  10% (28/278)   [Kremote: Compressing objects:  11% (31/278)   [Kremote: Compressing objects:  12% (34/278)   [Kremote: Compressing objects:  13% (37/278)   [Kremote: Compressing objects:  14% (39/278)   [Kremote: Compressing objects:  15% (42/278)   [Kremote: Compressing objects:  16% (45/278)   [Kremote: Compressing objects:  17% (48/278)   [Kremote: Compressing objects:  18% (51/278)   [Kremote: Compressing objects:  19% (53/278)   [Kremote: Compressing objects:  20% (56/278)   [Kremote: Compressing objects:  21% (59/278)   [Kremote: Compressing objects:  22% (62/278)   [Kremote: Compressing objects:  23% (64/278)   [Kremote: Compressing objects:  24% (67/278)   [Kremote: Compressing objects:  25% (70/278)   [Kremote: Compressing objects:  26% (73/278)   [Kremote: Compressing objects:  27% (76/278)   [Kremote: Compressing objects:  28% (78/278)   [Kremote: Compressing objects:  29% (81/278)   [Kremote: Compressing objects:  30% (84/278)   [Kremote: Compressing objects:  31% (87/278)   [Kremote: Compressing objects:  32% (89/278)   [Kremote: Compressing objects:  33% (92/278)   [Kremote: Compressing objects:  34% (95/278)   [Kremote: Compressing objects:  35% (98/278)   [Kremote: Compressing objects:  36% (101/278)   [Kremote: Compressing objects:  37% (103/278)   [Kremote: Compressing objects:  38% (106/278)   [Kremote: Compressing objects:  39% (109/278)   [Kremote: Compressing objects:  40% (112/278)   [Kremote: Compressing objects:  41% (114/278)   [Kremote: Compressing objects:  42% (117/278)   [Kremote: Compressing objects:  43% (120/278)   [Kremote: Compressing objects:  44% (123/278)   [Kremote: Compressing objects:  45% (126/278)   [Kremote: Compressing objects:  46% (128/278)   [Kremote: Compressing objects:  47% (131/278)   [Kremote: Compressing objects:  48% (134/278)   [Kremote: Compressing objects:  49% (137/278)   [Kremote: Compressing objects:  50% (139/278)   [Kremote: Compressing objects:  51% (142/278)   [Kremote: Compressing objects:  52% (145/278)   [Kremote: Compressing objects:  53% (148/278)   [Kremote: Compressing objects:  54% (151/278)   [Kremote: Compressing objects:  55% (153/278)   [Kremote: Compressing objects:  56% (156/278)   [Kremote: Compressing objects:  57% (159/278)   [Kremote: Compressing objects:  58% (162/278)   [Kremote: Compressing objects:  59% (165/278)   [Kremote: Compressing objects:  60% (167/278)   [Kremote: Compressing objects:  61% (170/278)   [Kremote: Compressing objects:  62% (173/278)   [Kremote: Compressing objects:  63% (176/278)   [Kremote: Compressing objects:  64% (178/278)   [Kremote: Compressing objects:  65% (181/278)   [Kremote: Compressing objects:  66% (184/278)   [Kremote: Compressing objects:  67% (187/278)   [Kremote: Compressing objects:  68% (190/278)   [Kremote: Compressing objects:  69% (192/278)   [Kremote: Compressing objects:  70% (195/278)   [Kremote: Compressing objects:  71% (198/278)   [Kremote: Compressing objects:  72% (201/278)   [Kremote: Compressing objects:  73% (203/278)   [Kremote: Compressing objects:  74% (206/278)   [Kremote: Compressing objects:  75% (209/278)   [Kremote: Compressing objects:  76% (212/278)   [Kremote: Compressing objects:  77% (215/278)   [Kremote: Compressing objects:  78% (217/278)   [Kremote: Compressing objects:  79% (220/278)   [Kremote: Compressing objects:  80% (223/278)   [Kremote: Compressing objects:  81% (226/278)   [Kremote: Compressing objects:  82% (228/278)   [Kremote: Compressing objects:  83% (231/278)   [Kremote: Compressing objects:  84% (234/278)   [Kremote: Compressing objects:  85% (237/278)   [Kremote: Compressing objects:  86% (240/278)   [Kremote: Compressing objects:  87% (242/278)   [Kremote: Compressing objects:  88% (245/278)   [Kremote: Compressing objects:  89% (248/278)   [Kremote: Compressing objects:  90% (251/278)   [Kremote: Compressing objects:  91% (253/278)   [Kremote: Compressing objects:  92% (256/278)   [Kremote: Compressing objects:  93% (259/278)   [Kremote: Compressing objects:  94% (262/278)   [Kremote: Compressing objects:  95% (265/278)   [Kremote: Compressing objects:  96% (267/278)   [Kremote: Compressing objects:  97% (270/278)   [Kremote: Compressing objects:  98% (273/278)   [Kremote: Compressing objects:  99% (276/278)   [Kremote: Compressing objects: 100% (278/278)   [Kremote: Compressing objects: 100% (278/278), done.[K
Receiving objects:   0% (1/696)   Receiving objects:   1% (7/696)   Receiving objects:   2% (14/696)   Receiving objects:   3% (21/696)   Receiving objects:   4% (28/696)   Receiving objects:   5% (35/696)   Receiving objects:   6% (42/696)   Receiving objects:   7% (49/696)   Receiving objects:   8% (56/696)   Receiving objects:   9% (63/696)   Receiving objects:  10% (70/696)   Receiving objects:  11% (77/696)   Receiving objects:  12% (84/696)   Receiving objects:  13% (91/696)   Receiving objects:  14% (98/696)   Receiving objects:  15% (105/696)   Receiving objects:  16% (112/696)   Receiving objects:  17% (119/696)   Receiving objects:  18% (126/696)   Receiving objects:  19% (133/696)   Receiving objects:  20% (140/696)   Receiving objects:  21% (147/696)   Receiving objects:  22% (154/696)   Receiving objects:  23% (161/696)   Receiving objects:  24% (168/696)   Receiving objects:  25% (174/696)   Receiving objects:  26% (181/696)   Receiving objects:  27% (188/696)   Receiving objects:  28% (195/696)   Receiving objects:  29% (202/696)   Receiving objects:  30% (209/696)   Receiving objects:  31% (216/696)   Receiving objects:  32% (223/696)   Receiving objects:  33% (230/696)   Receiving objects:  34% (237/696)   Receiving objects:  35% (244/696)   Receiving objects:  36% (251/696)   Receiving objects:  37% (258/696)   Receiving objects:  38% (265/696)   Receiving objects:  39% (272/696)   Receiving objects:  40% (279/696)   Receiving objects:  41% (286/696)   Receiving objects:  42% (293/696)   Receiving objects:  43% (300/696)   Receiving objects:  44% (307/696)   Receiving objects:  45% (314/696)   Receiving objects:  46% (321/696)   Receiving objects:  47% (328/696)   Receiving objects:  48% (335/696)   Receiving objects:  49% (342/696)   Receiving objects:  50% (348/696)   Receiving objects:  51% (355/696)   Receiving objects:  52% (362/696)   Receiving objects:  53% (369/696)   Receiving objects:  54% (376/696)   Receiving objects:  55% (383/696)   Receiving objects:  56% (390/696)   Receiving objects:  57% (397/696)   Receiving objects:  58% (404/696)   Receiving objects:  59% (411/696)   Receiving objects:  60% (418/696)   Receiving objects:  61% (425/696)   Receiving objects:  62% (432/696)   Receiving objects:  63% (439/696)   Receiving objects:  64% (446/696)   Receiving objects:  65% (453/696)   Receiving objects:  66% (460/696)   Receiving objects:  67% (467/696)   Receiving objects:  68% (474/696)   Receiving objects:  69% (481/696)   Receiving objects:  70% (488/696)   Receiving objects:  71% (495/696)   remote: Total 696 (delta 364), reused 577 (delta 288)[K
Receiving objects:  72% (502/696)   Receiving objects:  73% (509/696)   Receiving objects:  74% (516/696)   Receiving objects:  75% (522/696)   Receiving objects:  76% (529/696)   Receiving objects:  77% (536/696)   Receiving objects:  78% (543/696)   Receiving objects:  79% (550/696)   Receiving objects:  80% (557/696)   Receiving objects:  81% (564/696)   Receiving objects:  82% (571/696)   Receiving objects:  83% (578/696)   Receiving objects:  84% (585/696)   Receiving objects:  85% (592/696)   Receiving objects:  86% (599/696)   Receiving objects:  87% (606/696)   Receiving objects:  88% (613/696)   Receiving objects:  89% (620/696)   Receiving objects:  90% (627/696)   Receiving objects:  91% (634/696)   Receiving objects:  92% (641/696)   Receiving objects:  93% (648/696)   Receiving objects:  94% (655/696)   Receiving objects:  95% (662/696)   Receiving objects:  96% (669/696)   Receiving objects:  97% (676/696)   Receiving objects:  98% (683/696)   Receiving objects:  99% (690/696)   Receiving objects: 100% (696/696)   Receiving objects: 100% (696/696), 221.01 KiB, done.
Resolving deltas:   0% (0/364)   Resolving deltas:   1% (7/364)   Resolving deltas:   3% (12/364)   Resolving deltas:   4% (18/364)   Resolving deltas:   8% (31/364)   Resolving deltas:   9% (33/364)   Resolving deltas:  12% (46/364)   Resolving deltas:  17% (62/364)   Resolving deltas:  18% (67/364)   Resolving deltas:  20% (76/364)   Resolving deltas:  24% (88/364)   Resolving deltas:  25% (92/364)   Resolving deltas:  30% (111/364)   Resolving deltas:  32% (117/364)   Resolving deltas:  35% (130/364)   Resolving deltas:  36% (133/364)   Resolving deltas:  38% (139/364)   Resolving deltas:  40% (146/364)   Resolving deltas:  45% (167/364)   Resolving deltas:  46% (168/364)   Resolving deltas:  47% (172/364)   Resolving deltas:  49% (180/364)   Resolving deltas:  51% (187/364)   Resolving deltas:  52% (191/364)   Resolving deltas:  54% (200/364)   Resolving deltas:  55% (201/364)   Resolving deltas:  56% (206/364)   Resolving deltas:  57% (208/364)   Resolving deltas:  58% (214/364)   Resolving deltas:  59% (215/364)   Resolving deltas:  60% (221/364)   Resolving deltas:  61% (223/364)   Resolving deltas:  64% (235/364)   Resolving deltas:  65% (237/364)   Resolving deltas:  66% (242/364)   Resolving deltas:  67% (244/364)   Resolving deltas:  69% (252/364)   Resolving deltas:  70% (255/364)   Resolving deltas:  73% (268/364)   Resolving deltas:  74% (270/364)   Resolving deltas:  75% (273/364)   Resolving deltas:  77% (281/364)   Resolving deltas:  78% (286/364)   Resolving deltas:  84% (309/364)   Resolving deltas:  87% (320/364)   Resolving deltas:  89% (327/364)   Resolving deltas:  90% (328/364)   Resolving deltas:  91% (333/364)   Resolving deltas:  93% (340/364)   Resolving deltas:  97% (356/364)   Resolving deltas:  98% (357/364)   Resolving deltas: 100% (364/364)   Resolving deltas: 100% (364/364), completed with 12 local objects.
From git://github.com/JakeWharton/ActionBarSherlock
 * branch            refs/pull/826/merge -> FETCH_HEAD
$ git checkout -qf FETCH_HEAD
$ java -version
java version "1.7.0_09"
OpenJDK Runtime Environment (IcedTea7 2.3.4) (7u9-2.3.4-0ubuntu1.12.04.1)
OpenJDK 64-Bit Server VM (build 23.2-b09, mixed mode)
$ javac -version
javac 1.7.0_09
$ wget http://dl.google.com/android/android-sdk_r20.0.3-linux.tgz
--2013-02-08 09:15:18--  http://dl.google.com/android/android-sdk_r20.0.3-linux.tgz
Resolving dl.google.com (dl.google.com)... 2607:f8b0:400d:c00::88, 74.125.228.32, 74.125.228.33, ...
Connecting to dl.google.com (dl.google.com)|2607:f8b0:400d:c00::88|:80... failed: No route to host.
Connecting to dl.google.com (dl.google.com)|74.125.228.32|:80... connected.
HTTP request sent, awaiting response... 200 OK
Length: 82616305 (79M) [application/x-tar]
Saving to: `android-sdk_r20.0.3-linux.tgz'

 0% [                                       ] 0           --.-K/s               2% [                                       ] 1,657,634   7.88M/s               7% [=>                                     ] 6,299,648   14.1M/s              15% [====>                                  ] 12,591,104  19.0M/s              22% [=======>                               ] 18,882,560  21.3M/s              30% [==========>                            ] 25,174,016  22.9M/s              38% [=============>                         ] 31,465,472  23.9M/s              45% [================>                      ] 37,754,408  24.5M/s              53% [===================>                   ] 44,048,384  24.7M/s              63% [=======================>               ] 52,436,992  25.8M/s              71% [==========================>            ] 58,728,448  25.9M/s              73% [===========================>           ] 60,825,600  23.9M/s              81% [==============================>        ] 67,117,056  24.1M/s              88% [=================================>     ] 72,904,772  24.3M/s              96% [====================================>  ] 79,699,968  24.7M/s  eta 0s      100%[======================================>] 82,616,305  25.2M/s   in 3.1s    

2013-02-08 09:15:24 (25.2 MB/s) - `android-sdk_r20.0.3-linux.tgz' saved [82616305/82616305]

$ tar -zxf android-sdk_r20.0.3-linux.tgz
$ export ANDROID_HOME=~/builds/JakeWharton/ActionBarSherlock/android-sdk-linux
$ export PATH=${PATH}:${ANDROID_HOME}/tools:${ANDROID_HOME}/platform-tools
$ TOOLS=$(android list sdk --no-ui | grep "Android SDK Platform-tools" | cut -d"-" -f1)
/home/travis/build.sh: line 102: android: command not found
$ android update sdk --filter "$TOOLS" --no-ui --force
/home/travis/build.sh: line 105: android: command not found

The command "android update sdk --filter "$TOOLS" --no-ui --force" failed and exited with 127 during before_install.

Your build has been stopped.
