Using worker: bluebox-linux-2.worker.travis-ci.org:travis-linux-14

$ git clone --depth=100 --quiet git://github.com/JakeWharton/ActionBarSherlock.git JakeWharton/ActionBarSherlock
$ cd JakeWharton/ActionBarSherlock
$ git fetch origin +refs/pull/827/merge: 
remote: Counting objects: 721, done.[K
remote: Compressing objects:   0% (1/288)   [Kremote: Compressing objects:   1% (3/288)   [Kremote: Compressing objects:   2% (6/288)   [Kremote: Compressing objects:   3% (9/288)   [Kremote: Compressing objects:   4% (12/288)   [Kremote: Compressing objects:   5% (15/288)   [Kremote: Compressing objects:   6% (18/288)   [Kremote: Compressing objects:   7% (21/288)   [Kremote: Compressing objects:   8% (24/288)   [Kremote: Compressing objects:   9% (26/288)   [Kremote: Compressing objects:  10% (29/288)   [Kremote: Compressing objects:  11% (32/288)   [Kremote: Compressing objects:  12% (35/288)   [Kremote: Compressing objects:  13% (38/288)   [Kremote: Compressing objects:  14% (41/288)   [Kremote: Compressing objects:  15% (44/288)   [Kremote: Compressing objects:  16% (47/288)   [Kremote: Compressing objects:  17% (49/288)   [Kremote: Compressing objects:  18% (52/288)   [Kremote: Compressing objects:  19% (55/288)   [Kremote: Compressing objects:  20% (58/288)   [Kremote: Compressing objects:  21% (61/288)   [Kremote: Compressing objects:  22% (64/288)   [Kremote: Compressing objects:  23% (67/288)   [Kremote: Compressing objects:  24% (70/288)   [Kremote: Compressing objects:  25% (72/288)   [Kremote: Compressing objects:  26% (75/288)   [Kremote: Compressing objects:  27% (78/288)   [Kremote: Compressing objects:  28% (81/288)   [Kremote: Compressing objects:  29% (84/288)   [Kremote: Compressing objects:  30% (87/288)   [Kremote: Compressing objects:  31% (90/288)   [Kremote: Compressing objects:  32% (93/288)   [Kremote: Compressing objects:  33% (96/288)   [Kremote: Compressing objects:  34% (98/288)   [Kremote: Compressing objects:  35% (101/288)   [Kremote: Compressing objects:  36% (104/288)   [Kremote: Compressing objects:  37% (107/288)   [Kremote: Compressing objects:  38% (110/288)   [Kremote: Compressing objects:  39% (113/288)   [Kremote: Compressing objects:  40% (116/288)   [Kremote: Compressing objects:  41% (119/288)   [Kremote: Compressing objects:  42% (121/288)   [Kremote: Compressing objects:  43% (124/288)   [Kremote: Compressing objects:  44% (127/288)   [Kremote: Compressing objects:  45% (130/288)   [Kremote: Compressing objects:  46% (133/288)   [Kremote: Compressing objects:  47% (136/288)   [Kremote: Compressing objects:  48% (139/288)   [Kremote: Compressing objects:  49% (142/288)   [Kremote: Compressing objects:  50% (144/288)   [Kremote: Compressing objects:  51% (147/288)   [Kremote: Compressing objects:  52% (150/288)   [Kremote: Compressing objects:  53% (153/288)   [Kremote: Compressing objects:  54% (156/288)   [Kremote: Compressing objects:  55% (159/288)   [Kremote: Compressing objects:  56% (162/288)   [Kremote: Compressing objects:  57% (165/288)   [Kremote: Compressing objects:  58% (168/288)   [Kremote: Compressing objects:  59% (170/288)   [Kremote: Compressing objects:  60% (173/288)   [Kremote: Compressing objects:  61% (176/288)   [Kremote: Compressing objects:  62% (179/288)   [Kremote: Compressing objects:  63% (182/288)   [Kremote: Compressing objects:  64% (185/288)   [Kremote: Compressing objects:  65% (188/288)   [Kremote: Compressing objects:  66% (191/288)   [Kremote: Compressing objects:  67% (193/288)   [Kremote: Compressing objects:  68% (196/288)   [Kremote: Compressing objects:  69% (199/288)   [Kremote: Compressing objects:  70% (202/288)   [Kremote: Compressing objects:  71% (205/288)   [Kremote: Compressing objects:  72% (208/288)   [Kremote: Compressing objects:  73% (211/288)   [Kremote: Compressing objects:  74% (214/288)   [Kremote: Compressing objects:  75% (216/288)   [Kremote: Compressing objects:  76% (219/288)   [Kremote: Compressing objects:  77% (222/288)   [Kremote: Compressing objects:  78% (225/288)   [Kremote: Compressing objects:  79% (228/288)   [Kremote: Compressing objects:  80% (231/288)   [Kremote: Compressing objects:  81% (234/288)   [Kremote: Compressing objects:  82% (237/288)   [Kremote: Compressing objects:  83% (240/288)   [Kremote: Compressing objects:  84% (242/288)   [Kremote: Compressing objects:  85% (245/288)   [Kremote: Compressing objects:  86% (248/288)   [Kremote: Compressing objects:  87% (251/288)   [Kremote: Compressing objects:  88% (254/288)   [Kremote: Compressing objects:  89% (257/288)   [Kremote: Compressing objects:  90% (260/288)   [Kremote: Compressing objects:  91% (263/288)   [Kremote: Compressing objects:  92% (265/288)   [Kremote: Compressing objects:  93% (268/288)   [Kremote: Compressing objects:  94% (271/288)   [Kremote: Compressing objects:  95% (274/288)   [Kremote: Compressing objects:  96% (277/288)   [Kremote: Compressing objects:  97% (280/288)   [Kremote: Compressing objects:  98% (283/288)   [Kremote: Compressing objects:  99% (286/288)   [Kremote: Compressing objects: 100% (288/288)   [Kremote: Compressing objects: 100% (288/288), done.[K
Receiving objects:   0% (1/705)   Receiving objects:   1% (8/705)   Receiving objects:   2% (15/705)   Receiving objects:   3% (22/705)   Receiving objects:   4% (29/705)   Receiving objects:   5% (36/705)   Receiving objects:   6% (43/705)   Receiving objects:   7% (50/705)   Receiving objects:   8% (57/705)   Receiving objects:   9% (64/705)   Receiving objects:  10% (71/705)   Receiving objects:  11% (78/705)   Receiving objects:  12% (85/705)   Receiving objects:  13% (92/705)   Receiving objects:  14% (99/705)   Receiving objects:  15% (106/705)   Receiving objects:  16% (113/705)   Receiving objects:  17% (120/705)   Receiving objects:  18% (127/705)   Receiving objects:  19% (134/705)   Receiving objects:  20% (141/705)   Receiving objects:  21% (149/705)   Receiving objects:  22% (156/705)   Receiving objects:  23% (163/705)   Receiving objects:  24% (170/705)   Receiving objects:  25% (177/705)   Receiving objects:  26% (184/705)   Receiving objects:  27% (191/705)   Receiving objects:  28% (198/705)   Receiving objects:  29% (205/705)   Receiving objects:  30% (212/705)   Receiving objects:  31% (219/705)   Receiving objects:  32% (226/705)   Receiving objects:  33% (233/705)   Receiving objects:  34% (240/705)   Receiving objects:  35% (247/705)   Receiving objects:  36% (254/705)   Receiving objects:  37% (261/705)   Receiving objects:  38% (268/705)   Receiving objects:  39% (275/705)   Receiving objects:  40% (282/705)   Receiving objects:  41% (290/705)   Receiving objects:  42% (297/705)   Receiving objects:  43% (304/705)   Receiving objects:  44% (311/705)   Receiving objects:  45% (318/705)   Receiving objects:  46% (325/705)   Receiving objects:  47% (332/705)   Receiving objects:  48% (339/705)   Receiving objects:  49% (346/705)   Receiving objects:  50% (353/705)   Receiving objects:  51% (360/705)   Receiving objects:  52% (367/705)   Receiving objects:  53% (374/705)   Receiving objects:  54% (381/705)   remote: Total 705 (delta 371), reused 577 (delta 290)[K
Receiving objects:  55% (388/705)   Receiving objects:  56% (395/705)   Receiving objects:  57% (402/705)   Receiving objects:  58% (409/705)   Receiving objects:  59% (416/705)   Receiving objects:  60% (423/705)   Receiving objects:  61% (431/705)   Receiving objects:  62% (438/705)   Receiving objects:  63% (445/705)   Receiving objects:  64% (452/705)   Receiving objects:  65% (459/705)   Receiving objects:  66% (466/705)   Receiving objects:  67% (473/705)   Receiving objects:  68% (480/705)   Receiving objects:  69% (487/705)   Receiving objects:  70% (494/705)   Receiving objects:  71% (501/705)   Receiving objects:  72% (508/705)   Receiving objects:  73% (515/705)   Receiving objects:  74% (522/705)   Receiving objects:  75% (529/705)   Receiving objects:  76% (536/705)   Receiving objects:  77% (543/705)   Receiving objects:  78% (550/705)   Receiving objects:  79% (557/705)   Receiving objects:  80% (564/705)   Receiving objects:  81% (572/705)   Receiving objects:  82% (579/705)   Receiving objects:  83% (586/705)   Receiving objects:  84% (593/705)   Receiving objects:  85% (600/705)   Receiving objects:  86% (607/705)   Receiving objects:  87% (614/705)   Receiving objects:  88% (621/705)   Receiving objects:  89% (628/705)   Receiving objects:  90% (635/705)   Receiving objects:  91% (642/705)   Receiving objects:  92% (649/705)   Receiving objects:  93% (656/705)   Receiving objects:  94% (663/705)   Receiving objects:  95% (670/705)   Receiving objects:  96% (677/705)   Receiving objects:  97% (684/705)   Receiving objects:  98% (691/705)   Receiving objects:  99% (698/705)   Receiving objects: 100% (705/705)   Receiving objects: 100% (705/705), 238.88 KiB, done.
Resolving deltas:   0% (0/371)   Resolving deltas:   2% (10/371)   Resolving deltas:   3% (14/371)   Resolving deltas:   4% (16/371)   Resolving deltas:   6% (24/371)   Resolving deltas:  10% (38/371)   Resolving deltas:  11% (41/371)   Resolving deltas:  14% (53/371)   Resolving deltas:  18% (68/371)   Resolving deltas:  20% (77/371)   Resolving deltas:  24% (90/371)   Resolving deltas:  27% (101/371)   Resolving deltas:  28% (106/371)   Resolving deltas:  30% (112/371)   Resolving deltas:  32% (119/371)   Resolving deltas:  33% (126/371)   Resolving deltas:  35% (131/371)   Resolving deltas:  37% (138/371)   Resolving deltas:  43% (162/371)   Resolving deltas:  44% (164/371)   Resolving deltas:  46% (173/371)   Resolving deltas:  49% (185/371)   Resolving deltas:  51% (190/371)   Resolving deltas:  52% (193/371)   Resolving deltas:  53% (197/371)   Resolving deltas:  55% (205/371)   Resolving deltas:  57% (213/371)   Resolving deltas:  59% (219/371)   Resolving deltas:  63% (234/371)   Resolving deltas:  64% (238/371)   Resolving deltas:  65% (242/371)   Resolving deltas:  67% (251/371)   Resolving deltas:  69% (256/371)   Resolving deltas:  73% (272/371)   Resolving deltas:  74% (278/371)   Resolving deltas:  75% (279/371)   Resolving deltas:  77% (286/371)   Resolving deltas:  78% (292/371)   Resolving deltas:  84% (315/371)   Resolving deltas:  88% (327/371)   Resolving deltas:  90% (334/371)   Resolving deltas:  91% (340/371)   Resolving deltas:  93% (347/371)   Resolving deltas:  97% (363/371)   Resolving deltas:  98% (364/371)   Resolving deltas: 100% (371/371)   Resolving deltas: 100% (371/371), completed with 12 local objects.
From git://github.com/JakeWharton/ActionBarSherlock
 * branch            refs/pull/827/merge -> FETCH_HEAD
$ git checkout -qf FETCH_HEAD
$ java -version
java version "1.7.0_09"
OpenJDK Runtime Environment (IcedTea7 2.3.4) (7u9-2.3.4-0ubuntu1.12.04.1)
OpenJDK 64-Bit Server VM (build 23.2-b09, mixed mode)
$ javac -version
javac 1.7.0_09
$ wget http://dl.google.com/android/android-sdk_r20.0.3-linux.tgz
--2013-02-10 00:05:50--  http://dl.google.com/android/android-sdk_r20.0.3-linux.tgz
Resolving dl.google.com (dl.google.com)... 2607:f8b0:400d:c00::be, 74.125.228.41, 74.125.228.46, ...
Connecting to dl.google.com (dl.google.com)|2607:f8b0:400d:c00::be|:80... failed: No route to host.
Connecting to dl.google.com (dl.google.com)|74.125.228.41|:80... connected.
HTTP request sent, awaiting response... 200 OK
Length: 82616305 (79M) [application/x-tar]
Saving to: `android-sdk_r20.0.3-linux.tgz'

 0% [                                       ] 0           --.-K/s               0% [                                       ] 8,192       37.8K/s               2% [                                       ] 2,099,988   4.46M/s               5% [>                                      ] 4,198,558   5.50M/s              10% [==>                                    ] 8,396,800   7.45M/s              12% [===>                                   ] 10,491,432  7.56M/s              16% [=====>                                 ] 13,839,756  8.67M/s              19% [======>                                ] 16,327,926  9.04M/s              20% [======>                                ] 16,785,408  8.27M/s              22% [=======>                               ] 18,882,560  8.17M/s              25% [========>                              ] 20,979,712  8.10M/s              27% [=========>                             ] 23,076,864  8.04M/s              30% [==========>                            ] 25,174,016  8.03M/s              33% [===========>                           ] 27,271,168  8.14M/s  eta 6s      38% [=============>                         ] 31,465,472  8.48M/s  eta 6s      40% [==============>                        ] 33,562,624  8.43M/s  eta 6s      43% [===============>                       ] 35,659,776  8.46M/s  eta 6s      45% [================>                      ] 37,754,408  8.42M/s  eta 5s      48% [=================>                     ] 39,851,560  8.41M/s  eta 5s      51% [===================>                   ] 42,602,872  9.01M/s  eta 5s      53% [===================>                   ] 44,178,200  8.96M/s  eta 5s      55% [====================>                  ] 46,145,536  8.98M/s  eta 5s      58% [=====================>                 ] 48,241,586  8.83M/s  eta 4s      60% [======================>                ] 50,338,738  8.68M/s  eta 4s      63% [=======================>               ] 52,231,024  8.73M/s  eta 4s      66% [========================>              ] 54,531,624  8.55M/s  eta 4s      68% [=========================>             ] 56,630,194  8.45M/s  eta 3s      71% [==========================>            ] 58,728,448  8.53M/s  eta 3s      73% [===========================>           ] 60,825,600  8.30M/s  eta 3s      76% [============================>          ] 62,921,650  8.39M/s  eta 3s      78% [=============================>         ] 65,019,904  8.38M/s  eta 2s      81% [==============================>        ] 67,117,056  8.28M/s  eta 2s      83% [===============================>       ] 69,214,208  7.72M/s  eta 2s      86% [================================>      ] 71,311,360  7.87M/s  eta 2s      88% [=================================>     ] 73,408,512  7.80M/s  eta 1s      91% [==================================>    ] 75,503,144  7.74M/s  eta 1s      93% [===================================>   ] 77,601,714  7.61M/s  eta 1s      96% [====================================>  ] 79,696,030  7.63M/s  eta 1s      100%[======================================>] 82,616,305  7.75M/s   in 9.7s    

2013-02-10 00:06:03 (8.13 MB/s) - `android-sdk_r20.0.3-linux.tgz' saved [82616305/82616305]

$ tar -zxf android-sdk_r20.0.3-linux.tgz
$ export ANDROID_HOME=~/builds/JakeWharton/ActionBarSherlock/android-sdk-linux
$ export PATH=${PATH}:${ANDROID_HOME}/tools:${ANDROID_HOME}/platform-tools
$ TOOLS=$(android list sdk --no-ui | grep "Android SDK Platform-tools" | cut -d"-" -f1)
/home/travis/build.sh: line 102: android: command not found
$ android update sdk --filter "$TOOLS" --no-ui --force
/home/travis/build.sh: line 105: android: command not found

The command "android update sdk --filter "$TOOLS" --no-ui --force" failed and exited with 127 during before_install.

Your build has been stopped.
