Using worker: bluebox-linux-2.worker.travis-ci.org:travis-linux-14

$ git clone --depth=100 --quiet git://github.com/JakeWharton/ActionBarSherlock.git JakeWharton/ActionBarSherlock
$ cd JakeWharton/ActionBarSherlock
$ git fetch origin +refs/pull/838/merge: 
remote: Counting objects: 721, done.[K
remote: Compressing objects:   0% (1/289)   [Kremote: Compressing objects:   1% (3/289)   [Kremote: Compressing objects:   2% (6/289)   [Kremote: Compressing objects:   3% (9/289)   [Kremote: Compressing objects:   4% (12/289)   [Kremote: Compressing objects:   5% (15/289)   [Kremote: Compressing objects:   6% (18/289)   [Kremote: Compressing objects:   7% (21/289)   [Kremote: Compressing objects:   8% (24/289)   [Kremote: Compressing objects:   9% (27/289)   [Kremote: Compressing objects:  10% (29/289)   [Kremote: Compressing objects:  11% (32/289)   [Kremote: Compressing objects:  12% (35/289)   [Kremote: Compressing objects:  13% (38/289)   [Kremote: Compressing objects:  14% (41/289)   [Kremote: Compressing objects:  15% (44/289)   [Kremote: Compressing objects:  16% (47/289)   [Kremote: Compressing objects:  17% (50/289)   [Kremote: Compressing objects:  18% (53/289)   [Kremote: Compressing objects:  19% (55/289)   [Kremote: Compressing objects:  20% (58/289)   [Kremote: Compressing objects:  21% (61/289)   [Kremote: Compressing objects:  22% (64/289)   [Kremote: Compressing objects:  23% (67/289)   [Kremote: Compressing objects:  24% (70/289)   [Kremote: Compressing objects:  25% (73/289)   [Kremote: Compressing objects:  26% (76/289)   [Kremote: Compressing objects:  27% (79/289)   [Kremote: Compressing objects:  28% (81/289)   [Kremote: Compressing objects:  29% (84/289)   [Kremote: Compressing objects:  30% (87/289)   [Kremote: Compressing objects:  31% (90/289)   [Kremote: Compressing objects:  32% (93/289)   [Kremote: Compressing objects:  33% (96/289)   [Kremote: Compressing objects:  34% (99/289)   [Kremote: Compressing objects:  35% (102/289)   [Kremote: Compressing objects:  36% (105/289)   [Kremote: Compressing objects:  37% (107/289)   [Kremote: Compressing objects:  38% (110/289)   [Kremote: Compressing objects:  39% (113/289)   [Kremote: Compressing objects:  40% (116/289)   [Kremote: Compressing objects:  41% (119/289)   [Kremote: Compressing objects:  42% (122/289)   [Kremote: Compressing objects:  43% (125/289)   [Kremote: Compressing objects:  44% (128/289)   [Kremote: Compressing objects:  45% (131/289)   [Kremote: Compressing objects:  46% (133/289)   [Kremote: Compressing objects:  47% (136/289)   [Kremote: Compressing objects:  48% (139/289)   [Kremote: Compressing objects:  49% (142/289)   [Kremote: Compressing objects:  50% (145/289)   [Kremote: Compressing objects:  51% (148/289)   [Kremote: Compressing objects:  52% (151/289)   [Kremote: Compressing objects:  53% (154/289)   [Kremote: Compressing objects:  54% (157/289)   [Kremote: Compressing objects:  55% (159/289)   [Kremote: Compressing objects:  56% (162/289)   [Kremote: Compressing objects:  57% (165/289)   [Kremote: Compressing objects:  58% (168/289)   [Kremote: Compressing objects:  59% (171/289)   [Kremote: Compressing objects:  60% (174/289)   [Kremote: Compressing objects:  61% (177/289)   [Kremote: Compressing objects:  62% (180/289)   [Kremote: Compressing objects:  63% (183/289)   [Kremote: Compressing objects:  64% (185/289)   [Kremote: Compressing objects:  65% (188/289)   [Kremote: Compressing objects:  66% (191/289)   [Kremote: Compressing objects:  67% (194/289)   [Kremote: Compressing objects:  68% (197/289)   [Kremote: Compressing objects:  69% (200/289)   [Kremote: Compressing objects:  70% (203/289)   [Kremote: Compressing objects:  71% (206/289)   [Kremote: Compressing objects:  72% (209/289)   [Kremote: Compressing objects:  73% (211/289)   [Kremote: Compressing objects:  74% (214/289)   [Kremote: Compressing objects:  75% (217/289)   [Kremote: Compressing objects:  76% (220/289)   [Kremote: Compressing objects:  77% (223/289)   [Kremote: Compressing objects:  78% (226/289)   [Kremote: Compressing objects:  79% (229/289)   [Kremote: Compressing objects:  80% (232/289)   [Kremote: Compressing objects:  81% (235/289)   [Kremote: Compressing objects:  82% (237/289)   [Kremote: Compressing objects:  83% (240/289)   [Kremote: Compressing objects:  84% (243/289)   [Kremote: Compressing objects:  85% (246/289)   [Kremote: Compressing objects:  86% (249/289)   [Kremote: Compressing objects:  87% (252/289)   [Kremote: Compressing objects:  88% (255/289)   [Kremote: Compressing objects:  89% (258/289)   [Kremote: Compressing objects:  90% (261/289)   [Kremote: Compressing objects:  91% (263/289)   [Kremote: Compressing objects:  92% (266/289)   [Kremote: Compressing objects:  93% (269/289)   [Kremote: Compressing objects:  94% (272/289)   [Kremote: Compressing objects:  95% (275/289)   [Kremote: Compressing objects:  96% (278/289)   [Kremote: Compressing objects:  97% (281/289)   [Kremote: Compressing objects:  98% (284/289)   [Kremote: Compressing objects:  99% (287/289)   [Kremote: Compressing objects: 100% (289/289)   [Kremote: Compressing objects: 100% (289/289), done.[K
Receiving objects:   0% (1/705)   Receiving objects:   1% (8/705)   Receiving objects:   2% (15/705)   Receiving objects:   3% (22/705)   Receiving objects:   4% (29/705)   Receiving objects:   5% (36/705)   Receiving objects:   6% (43/705)   Receiving objects:   7% (50/705)   Receiving objects:   8% (57/705)   Receiving objects:   9% (64/705)   Receiving objects:  10% (71/705)   Receiving objects:  11% (78/705)   Receiving objects:  12% (85/705)   Receiving objects:  13% (92/705)   Receiving objects:  14% (99/705)   Receiving objects:  15% (106/705)   Receiving objects:  16% (113/705)   Receiving objects:  17% (120/705)   Receiving objects:  18% (127/705)   Receiving objects:  19% (134/705)   Receiving objects:  20% (141/705)   Receiving objects:  21% (149/705)   Receiving objects:  22% (156/705)   Receiving objects:  23% (163/705)   Receiving objects:  24% (170/705)   Receiving objects:  25% (177/705)   Receiving objects:  26% (184/705)   Receiving objects:  27% (191/705)   Receiving objects:  28% (198/705)   Receiving objects:  29% (205/705)   Receiving objects:  30% (212/705)   Receiving objects:  31% (219/705)   Receiving objects:  32% (226/705)   Receiving objects:  33% (233/705)   Receiving objects:  34% (240/705)   Receiving objects:  35% (247/705)   Receiving objects:  36% (254/705)   Receiving objects:  37% (261/705)   Receiving objects:  38% (268/705)   Receiving objects:  39% (275/705)   Receiving objects:  40% (282/705)   Receiving objects:  41% (290/705)   Receiving objects:  42% (297/705)   Receiving objects:  43% (304/705)   Receiving objects:  44% (311/705)   Receiving objects:  45% (318/705)   Receiving objects:  46% (325/705)   Receiving objects:  47% (332/705)   Receiving objects:  48% (339/705)   Receiving objects:  49% (346/705)   Receiving objects:  50% (353/705)   Receiving objects:  51% (360/705)   Receiving objects:  52% (367/705)   Receiving objects:  53% (374/705)   Receiving objects:  54% (381/705)   Receiving objects:  55% (388/705)   Receiving objects:  56% (395/705)   Receiving objects:  57% (402/705)   Receiving objects:  58% (409/705)   Receiving objects:  59% (416/705)   Receiving objects:  60% (423/705)   Receiving objects:  61% (431/705)   Receiving objects:  62% (438/705)   Receiving objects:  63% (445/705)   Receiving objects:  64% (452/705)   Receiving objects:  65% (459/705)   Receiving objects:  66% (466/705)   Receiving objects:  67% (473/705)   Receiving objects:  68% (480/705)   Receiving objects:  69% (487/705)   Receiving objects:  70% (494/705)   Receiving objects:  71% (501/705)   Receiving objects:  72% (508/705)   Receiving objects:  73% (515/705)   Receiving objects:  74% (522/705)   Receiving objects:  75% (529/705)   Receiving objects:  76% (536/705)   Receiving objects:  77% (543/705)   Receiving objects:  78% (550/705)   remote: Total 705 (delta 372), reused 576 (delta 288)[K
Receiving objects:  79% (557/705)   Receiving objects:  80% (564/705)   Receiving objects:  81% (572/705)   Receiving objects:  82% (579/705)   Receiving objects:  83% (586/705)   Receiving objects:  84% (593/705)   Receiving objects:  85% (600/705)   Receiving objects:  86% (607/705)   Receiving objects:  87% (614/705)   Receiving objects:  88% (621/705)   Receiving objects:  89% (628/705)   Receiving objects:  90% (635/705)   Receiving objects:  91% (642/705)   Receiving objects:  92% (649/705)   Receiving objects:  93% (656/705)   Receiving objects:  94% (663/705)   Receiving objects:  95% (670/705)   Receiving objects:  96% (677/705)   Receiving objects:  97% (684/705)   Receiving objects:  98% (691/705)   Receiving objects:  99% (698/705)   Receiving objects: 100% (705/705)   Receiving objects: 100% (705/705), 309.55 KiB, done.
Resolving deltas:   0% (0/372)   Resolving deltas:   2% (8/372)   Resolving deltas:   3% (13/372)   Resolving deltas:   6% (25/372)   Resolving deltas:   9% (34/372)   Resolving deltas:  10% (38/372)   Resolving deltas:  13% (49/372)   Resolving deltas:  16% (62/372)   Resolving deltas:  19% (71/372)   Resolving deltas:  21% (81/372)   Resolving deltas:  25% (95/372)   Resolving deltas:  27% (102/372)   Resolving deltas:  32% (121/372)   Resolving deltas:  33% (126/372)   Resolving deltas:  34% (127/372)   Resolving deltas:  36% (135/372)   Resolving deltas:  37% (138/372)   Resolving deltas:  38% (142/372)   Resolving deltas:  39% (147/372)   Resolving deltas:  40% (150/372)   Resolving deltas:  41% (154/372)   Resolving deltas:  47% (177/372)   Resolving deltas:  48% (181/372)   Resolving deltas:  50% (186/372)   Resolving deltas:  51% (190/372)   Resolving deltas:  53% (198/372)   Resolving deltas:  54% (203/372)   Resolving deltas:  55% (207/372)   Resolving deltas:  56% (209/372)   Resolving deltas:  58% (216/372)   Resolving deltas:  59% (222/372)   Resolving deltas:  61% (227/372)   Resolving deltas:  62% (232/372)   Resolving deltas:  65% (244/372)   Resolving deltas:  66% (246/372)   Resolving deltas:  67% (250/372)   Resolving deltas:  68% (254/372)   Resolving deltas:  69% (258/372)   Resolving deltas:  74% (278/372)   Resolving deltas:  75% (279/372)   Resolving deltas:  76% (285/372)   Resolving deltas:  77% (289/372)   Resolving deltas:  78% (291/372)   Resolving deltas:  79% (294/372)   Resolving deltas:  85% (317/372)   Resolving deltas:  88% (328/372)   Resolving deltas:  90% (335/372)   Resolving deltas:  91% (341/372)   Resolving deltas:  93% (348/372)   Resolving deltas:  97% (364/372)   Resolving deltas:  98% (365/372)   Resolving deltas: 100% (372/372)   Resolving deltas: 100% (372/372), completed with 12 local objects.
From git://github.com/JakeWharton/ActionBarSherlock
 * branch            refs/pull/838/merge -> FETCH_HEAD
$ git checkout -qf FETCH_HEAD
$ java -version
java version "1.7.0_09"
OpenJDK Runtime Environment (IcedTea7 2.3.4) (7u9-2.3.4-0ubuntu1.12.04.1)
OpenJDK 64-Bit Server VM (build 23.2-b09, mixed mode)
$ javac -version
javac 1.7.0_09
$ wget http://dl.google.com/android/android-sdk_r20.0.3-linux.tgz
--2013-02-23 06:29:44--  http://dl.google.com/android/android-sdk_r20.0.3-linux.tgz
Resolving dl.google.com (dl.google.com)... 2607:f8b0:400d:c02::5b, 74.125.228.39, 74.125.228.35, ...
Connecting to dl.google.com (dl.google.com)|2607:f8b0:400d:c02::5b|:80... connected.
HTTP request sent, awaiting response... 200 OK
Length: 82616305 (79M) [application/x-tar]
Saving to: `android-sdk_r20.0.3-linux.tgz'

 0% [                                       ] 0           --.-K/s               0% [                                       ] 8,192       27.9K/s               0% [                                       ] 275,372      523K/s               0% [                                       ] 510,832      658K/s               1% [                                       ] 887,812      821K/s               1% [                                       ] 1,267,232    903K/s               2% [                                       ] 1,684,472   1.02M/s               2% [                                       ] 1,992,960   1.05M/s               2% [>                                      ] 2,308,732   1.06M/s               3% [>                                      ] 3,002,740   1.20M/s               4% [>                                      ] 3,897,876   1.42M/s               5% [>                                      ] 4,205,316   1.40M/s               5% [=>                                     ] 4,593,276   1.40M/s  eta 53s      5% [=>                                     ] 4,909,256   1.40M/s  eta 53s      6% [=>                                     ] 5,138,616   1.37M/s  eta 53s      7% [=>                                     ] 5,979,228   1.51M/s  eta 53s      7% [=>                                     ] 6,040,728   1.43M/s  eta 53s      7% [==>                                    ] 6,440,544   1.53M/s  eta 51s      8% [==>                                    ] 6,707,208   1.53M/s  eta 51s      8% [==>                                    ] 7,307,448   1.63M/s  eta 51s      9% [==>                                    ] 7,579,508   1.55M/s  eta 51s      9% [==>                                    ] 7,930,868   1.53M/s  eta 52s     10% [===>                                   ] 8,600,648   1.58M/s  eta 52s     10% [===>                                   ] 8,912,968   1.58M/s  eta 52s     11% [===>                                   ] 9,237,488   1.60M/s  eta 52s     11% [===>                                   ] 9,725,488   1.57M/s  eta 52s     12% [===>                                   ] 10,043,908  1.58M/s  eta 48s     12% [===>                                   ] 10,546,548  1.43M/s  eta 48s     13% [====>                                  ] 11,143,128  1.47M/s  eta 48s     14% [====>                                  ] 11,723,848  1.53M/s  eta 48s     14% [====>                                  ] 11,888,548  1.49M/s  eta 47s     14% [====>                                  ] 12,321,648  1.54M/s  eta 47s     15% [=====>                                 ] 12,727,908  1.48M/s  eta 47s     16% [=====>                                 ] 13,411,108  1.53M/s  eta 47s     16% [=====>                                 ] 13,663,648  1.47M/s  eta 45s     17% [=====>                                 ] 14,276,088  1.54M/s  eta 45s     17% [=====>                                 ] 14,589,628  1.43M/s  eta 45s     18% [======>                                ] 15,400,928  1.55M/s  eta 44s     19% [======>                                ] 15,895,028  1.58M/s  eta 44s     19% [======>                                ] 16,319,588  1.62M/s  eta 44s     20% [======>                                ] 16,725,848  1.57M/s  eta 44s     20% [=======>                               ] 17,143,088  1.55M/s  eta 42s     21% [=======>                               ] 17,695,748  1.59M/s  eta 42s     21% [=======>                               ] 18,108,108  1.63M/s  eta 42s     22% [=======>                               ] 18,558,288  1.58M/s  eta 42s     23% [========>                              ] 19,134,128  1.64M/s  eta 40s     23% [========>                              ] 19,752,668  1.68M/s  eta 40s     24% [========>                              ] 19,911,268  1.64M/s  eta 40s     24% [========>                              ] 20,423,668  1.62M/s  eta 40s     25% [========>                              ] 21,071,488  1.71M/s  eta 40s     25% [=========>                             ] 21,370,388  1.68M/s  eta 38s     26% [=========>                             ] 21,672,948  1.71M/s  eta 38s     26% [=========>                             ] 21,988,928  1.64M/s  eta 38s     26% [=========>                             ] 22,303,688  1.68M/s  eta 38s     27% [=========>                             ] 22,616,008  1.62M/s  eta 38s     27% [=========>                             ] 22,931,988  1.66M/s  eta 37s     28% [=========>                             ] 23,246,748  1.62M/s  eta 37s     28% [==========>                            ] 23,559,068  1.60M/s  eta 37s     28% [==========>                            ] 23,870,168  1.39M/s  eta 39s     29% [==========>                            ] 24,205,668  1.35M/s  eta 39s     30% [==========>                            ] 24,837,628  1.38M/s  eta 39s     30% [==========>                            ] 24,928,956  1.27M/s  eta 39s     30% [===========>                           ] 25,455,480  1.25M/s  eta 39s     31% [===========>                           ] 26,013,020  1.23M/s  eta 39s     32% [===========>                           ] 26,668,160  1.16M/s  eta 38s     32% [===========>                           ] 27,180,560  1.22M/s  eta 38s     34% [============>                          ] 28,161,440  1.29M/s  eta 38s     34% [============>                          ] 28,462,780  1.24M/s  eta 38s     34% [============>                          ] 28,782,420  1.24M/s  eta 38s     35% [============>                          ] 29,104,500  1.24M/s  eta 35s     35% [============>                          ] 29,260,660  1.22M/s  eta 35s     35% [=============>                         ] 29,726,700  1.25M/s  eta 35s     36% [=============>                         ] 30,493,208  1.31M/s  eta 35s     37% [=============>                         ] 30,871,060  1.32M/s  eta 34s     37% [=============>                         ] 31,182,160  1.32M/s  eta 34s     38% [==============>                        ] 31,971,500  1.58M/s  eta 34s     39% [==============>                        ] 32,466,820  1.56M/s  eta 34s     40% [==============>                        ] 33,137,820  1.78M/s  eta 32s     40% [==============>                        ] 33,624,600  1.81M/s  eta 32s     41% [===============>                       ] 34,252,900  1.91M/s  eta 32s     41% [===============>                       ] 34,560,340  1.86M/s  eta 32s     42% [===============>                       ] 34,871,440  1.76M/s  eta 32s     42% [===============>                       ] 35,504,620  1.86M/s  eta 30s     43% [===============>                       ] 35,810,840  1.84M/s  eta 30s     43% [================>                      ] 36,052,400  1.81M/s  eta 30s     44% [================>                      ] 36,767,320  1.74M/s  eta 30s     45% [================>                      ] 37,413,920  1.81M/s  eta 28s     45% [================>                      ] 37,794,560  1.86M/s  eta 28s     45% [================>                      ] 37,948,280  1.78M/s  eta 28s     47% [=================>                     ] 38,943,800  1.81M/s  eta 28s     47% [=================>                     ] 39,467,180  1.85M/s  eta 27s     48% [==================>                    ] 40,306,540  1.94M/s  eta 27s     49% [==================>                    ] 40,905,560  1.89M/s  eta 27s     50% [==================>                    ] 41,579,000  1.93M/s  eta 27s     50% [==================>                    ] 41,885,220  1.88M/s  eta 25s     51% [==================>                    ] 42,222,812  1.85M/s  eta 25s     51% [===================>                   ] 42,591,600  1.76M/s  eta 25s     51% [===================>                   ] 42,902,700  1.77M/s  eta 25s     52% [===================>                   ] 43,212,580  1.81M/s  eta 25s     52% [===================>                   ] 43,523,680  1.74M/s  eta 24s     53% [===================>                   ] 43,833,560  1.74M/s  eta 24s     53% [===================>                   ] 44,217,860  1.69M/s  eta 24s     53% [====================>                  ] 44,528,960  1.73M/s  eta 24s     54% [====================>                  ] 44,838,840  1.66M/s  eta 24s     54% [====================>                  ] 45,149,940  1.65M/s  eta 23s     55% [====================>                  ] 45,481,780  1.70M/s  eta 23s     55% [====================>                  ] 45,635,500  1.47M/s  eta 23s     55% [====================>                  ] 46,024,680  1.40M/s  eta 23s     55% [====================>                  ] 46,243,060  1.33M/s  eta 23s     56% [====================>                  ] 46,552,940  1.25M/s  eta 23s     56% [=====================>                 ] 47,040,940  1.31M/s  eta 23s     57% [=====================>                 ] 47,616,780  1.21M/s  eta 22s     58% [=====================>                 ] 48,135,280  1.25M/s  eta 22s     59% [======================>                ] 48,879,480  1.31M/s  eta 22s     59% [======================>                ] 49,102,740  1.30M/s  eta 22s     60% [======================>                ] 49,615,140  1.34M/s  eta 22s     60% [======================>                ] 50,028,720  1.34M/s  eta 21s     61% [======================>                ] 50,454,500  1.36M/s  eta 21s     61% [=======================>               ] 50,861,980  1.32M/s  eta 21s     62% [=======================>               ] 51,420,740  1.34M/s  eta 21s     62% [=======================>               ] 52,012,440  1.39M/s  eta 19s     63% [=======================>               ] 52,294,260  1.38M/s  eta 19s     63% [=======================>               ] 52,679,780  1.39M/s  eta 19s     64% [=======================>               ] 52,954,280  1.38M/s  eta 19s     64% [========================>              ] 53,250,740  1.52M/s  eta 19s     64% [========================>              ] 53,628,940  1.57M/s  eta 18s     65% [========================>              ] 53,947,360  1.59M/s  eta 18s     65% [========================>              ] 54,223,080  1.58M/s  eta 18s     66% [========================>              ] 54,529,300  1.61M/s  eta 18s     66% [========================>              ] 54,813,560  1.55M/s  eta 18s     66% [=========================>             ] 55,113,680  1.52M/s  eta 17s     67% [=========================>             ] 55,494,320  1.44M/s  eta 17s     67% [=========================>             ] 55,871,300  1.47M/s  eta 17s     68% [=========================>             ] 56,256,820  1.44M/s  eta 17s     68% [=========================>             ] 56,705,780  1.45M/s  eta 16s     68% [=========================>             ] 56,981,500  1.42M/s  eta 16s     69% [==========================>            ] 57,296,260  1.42M/s  eta 16s     69% [==========================>            ] 57,674,460  1.43M/s  eta 16s     70% [==========================>            ] 58,036,800  1.37M/s  eta 16s     70% [==========================>            ] 58,422,320  1.32M/s  eta 15s     71% [==========================>            ] 58,798,080  1.33M/s  eta 15s     71% [==========================>            ] 59,310,480  1.38M/s  eta 15s     71% [===========================>           ] 59,477,620  1.33M/s  eta 15s     72% [===========================>           ] 60,152,280  1.40M/s  eta 14s     73% [===========================>           ] 60,481,680  1.39M/s  eta 14s     73% [===========================>           ] 60,858,660  1.39M/s  eta 14s     74% [============================>          ] 61,440,600  1.44M/s  eta 14s     74% [============================>          ] 61,751,700  1.44M/s  eta 13s     75% [============================>          ] 62,061,580  1.44M/s  eta 13s     75% [============================>          ] 62,372,680  1.43M/s  eta 13s     75% [============================>          ] 62,682,560  1.43M/s  eta 13s     76% [============================>          ] 62,993,660  1.46M/s  eta 13s     76% [============================>          ] 63,309,640  1.41M/s  eta 12s     77% [=============================>         ] 63,619,520  1.42M/s  eta 12s     77% [=============================>         ] 63,861,080  1.39M/s  eta 12s     77% [=============================>         ] 64,292,960  1.40M/s  eta 12s     78% [=============================>         ] 64,992,020  1.47M/s  eta 11s     78% [=============================>         ] 65,219,894  1.51M/s  eta 11s     79% [=============================>         ] 65,527,334  1.50M/s  eta 11s     79% [==============================>        ] 65,838,434  1.45M/s  eta 11s     80% [==============================>        ] 66,156,854  1.50M/s  eta 11s     80% [==============================>        ] 66,466,734  1.44M/s  eta 10s     80% [==============================>        ] 66,843,714  1.45M/s  eta 10s     81% [==============================>        ] 67,171,894  1.28M/s  eta 10s     81% [==============================>        ] 67,567,174  1.25M/s  eta 10s     81% [==============================>        ] 67,709,914  1.21M/s  eta 10s     82% [===============================>       ] 68,024,674  1.20M/s  eta 10s     82% [===============================>       ] 68,323,574  1.20M/s  eta 10s     83% [===============================>       ] 68,712,754  1.20M/s  eta 9s      83% [===============================>       ] 69,022,634  1.20M/s  eta 9s      83% [===============================>       ] 69,342,274  1.20M/s  eta 9s      84% [===============================>       ] 69,769,282  1.23M/s  eta 9s      84% [================================>      ] 69,975,454  1.09M/s  eta 8s      85% [================================>      ] 70,430,514  1.13M/s  eta 8s      85% [================================>      ] 70,822,134  1.12M/s  eta 8s      86% [================================>      ] 71,218,634  1.07M/s  eta 8s      86% [================================>      ] 71,513,874  1.07M/s  eta 7s      86% [================================>      ] 71,667,594  1.04M/s  eta 7s      87% [=================================>     ] 72,504,514  1.12M/s  eta 7s      88% [=================================>     ] 72,814,394  1.12M/s  eta 7s      88% [=================================>     ] 73,134,034  1.13M/s  eta 7s      89% [=================================>     ] 73,734,274  1.24M/s  eta 6s      90% [==================================>    ] 74,424,794  1.29M/s  eta 6s      90% [==================================>    ] 74,518,734  1.23M/s  eta 6s      90% [==================================>    ] 74,822,514  1.23M/s  eta 6s      90% [==================================>    ] 75,148,254  1.23M/s  eta 5s      91% [==================================>    ] 75,445,934  1.23M/s  eta 5s      91% [==================================>    ] 75,822,914  1.23M/s  eta 5s      92% [===================================>   ] 76,293,834  1.24M/s  eta 5s      92% [===================================>   ] 76,607,374  1.24M/s  eta 5s      92% [===================================>   ] 76,764,754  1.34M/s  eta 4s      93% [===================================>   ] 77,433,314  1.40M/s  eta 4s      94% [===================================>   ] 77,739,534  1.36M/s  eta 4s      94% [===================================>   ] 78,157,994  1.38M/s  eta 4s      95% [====================================>  ] 78,832,654  1.43M/s  eta 2s      95% [====================================>  ] 79,123,014  1.42M/s  eta 2s      96% [====================================>  ] 79,441,434  1.46M/s  eta 2s      96% [====================================>  ] 79,752,534  1.38M/s  eta 2s      96% [====================================>  ] 80,064,854  1.38M/s  eta 2s      97% [====================================>  ] 80,375,954  1.37M/s  eta 1s      97% [=====================================> ] 80,529,674  1.37M/s  eta 1s      98% [=====================================> ] 80,999,374  1.37M/s  eta 1s      98% [=====================================> ] 81,688,674  1.36M/s  eta 1s      99% [=====================================> ] 82,249,874  1.47M/s  eta 0s      100%[======================================>] 82,616,305  1.55M/s   in 54s     

2013-02-23 06:30:39 (1.45 MB/s) - `android-sdk_r20.0.3-linux.tgz' saved [82616305/82616305]

$ tar -zxf android-sdk_r20.0.3-linux.tgz
$ export ANDROID_HOME=~/builds/JakeWharton/ActionBarSherlock/android-sdk-linux
$ export PATH=${PATH}:${ANDROID_HOME}/tools:${ANDROID_HOME}/platform-tools
$ TOOLS=$(android list sdk --no-ui | grep "Android SDK Platform-tools" | cut -d"-" -f1)
/home/travis/build.sh: line 107: android: command not found
$ android update sdk --filter "$TOOLS" --no-ui --force
/home/travis/build.sh: line 110: android: command not found

The command "android update sdk --filter "$TOOLS" --no-ui --force" failed and exited with 127 during before_install.

Your build has been stopped.
