Using worker: bluebox-linux-2.worker.travis-ci.org:travis-linux-16

$ git clone --depth=100 --quiet git://github.com/JakeWharton/ActionBarSherlock.git JakeWharton/ActionBarSherlock
$ cd JakeWharton/ActionBarSherlock
$ git fetch origin +refs/pull/839/merge: 
remote: Counting objects: 723, done.[K
remote: Compressing objects:   0% (1/284)   [Kremote: Compressing objects:   1% (3/284)   [Kremote: Compressing objects:   2% (6/284)   [Kremote: Compressing objects:   3% (9/284)   [Kremote: Compressing objects:   4% (12/284)   [Kremote: Compressing objects:   5% (15/284)   [Kremote: Compressing objects:   6% (18/284)   [Kremote: Compressing objects:   7% (20/284)   [Kremote: Compressing objects:   8% (23/284)   [Kremote: Compressing objects:   9% (26/284)   [Kremote: Compressing objects:  10% (29/284)   [Kremote: Compressing objects:  11% (32/284)   [Kremote: Compressing objects:  12% (35/284)   [Kremote: Compressing objects:  13% (37/284)   [Kremote: Compressing objects:  14% (40/284)   [Kremote: Compressing objects:  15% (43/284)   [Kremote: Compressing objects:  16% (46/284)   [Kremote: Compressing objects:  17% (49/284)   [Kremote: Compressing objects:  18% (52/284)   [Kremote: Compressing objects:  19% (54/284)   [Kremote: Compressing objects:  20% (57/284)   [Kremote: Compressing objects:  21% (60/284)   [Kremote: Compressing objects:  22% (63/284)   [Kremote: Compressing objects:  23% (66/284)   [Kremote: Compressing objects:  24% (69/284)   [Kremote: Compressing objects:  25% (71/284)   [Kremote: Compressing objects:  26% (74/284)   [Kremote: Compressing objects:  27% (77/284)   [Kremote: Compressing objects:  28% (80/284)   [Kremote: Compressing objects:  29% (83/284)   [Kremote: Compressing objects:  30% (86/284)   [Kremote: Compressing objects:  31% (89/284)   [Kremote: Compressing objects:  32% (91/284)   [Kremote: Compressing objects:  33% (94/284)   [Kremote: Compressing objects:  34% (97/284)   [Kremote: Compressing objects:  35% (100/284)   [Kremote: Compressing objects:  36% (103/284)   [Kremote: Compressing objects:  37% (106/284)   [Kremote: Compressing objects:  38% (108/284)   [Kremote: Compressing objects:  39% (111/284)   [Kremote: Compressing objects:  40% (114/284)   [Kremote: Compressing objects:  41% (117/284)   [Kremote: Compressing objects:  42% (120/284)   [Kremote: Compressing objects:  43% (123/284)   [Kremote: Compressing objects:  44% (125/284)   [Kremote: Compressing objects:  45% (128/284)   [Kremote: Compressing objects:  46% (131/284)   [Kremote: Compressing objects:  47% (134/284)   [Kremote: Compressing objects:  48% (137/284)   [Kremote: Compressing objects:  49% (140/284)   [Kremote: Compressing objects:  50% (142/284)   [Kremote: Compressing objects:  51% (145/284)   [Kremote: Compressing objects:  52% (148/284)   [Kremote: Compressing objects:  53% (151/284)   [Kremote: Compressing objects:  54% (154/284)   [Kremote: Compressing objects:  55% (157/284)   [Kremote: Compressing objects:  56% (160/284)   [Kremote: Compressing objects:  57% (162/284)   [Kremote: Compressing objects:  58% (165/284)   [Kremote: Compressing objects:  59% (168/284)   [Kremote: Compressing objects:  60% (171/284)   [Kremote: Compressing objects:  61% (174/284)   [Kremote: Compressing objects:  62% (177/284)   [Kremote: Compressing objects:  63% (179/284)   [Kremote: Compressing objects:  64% (182/284)   [Kremote: Compressing objects:  65% (185/284)   [Kremote: Compressing objects:  66% (188/284)   [Kremote: Compressing objects:  67% (191/284)   [Kremote: Compressing objects:  68% (194/284)   [Kremote: Compressing objects:  69% (196/284)   [Kremote: Compressing objects:  70% (199/284)   [Kremote: Compressing objects:  71% (202/284)   [Kremote: Compressing objects:  72% (205/284)   [Kremote: Compressing objects:  73% (208/284)   [Kremote: Compressing objects:  74% (211/284)   [Kremote: Compressing objects:  75% (213/284)   [Kremote: Compressing objects:  76% (216/284)   [Kremote: Compressing objects:  77% (219/284)   [Kremote: Compressing objects:  78% (222/284)   [Kremote: Compressing objects:  79% (225/284)   [Kremote: Compressing objects:  80% (228/284)   [Kremote: Compressing objects:  81% (231/284)   [Kremote: Compressing objects:  82% (233/284)   [Kremote: Compressing objects:  83% (236/284)   [Kremote: Compressing objects:  84% (239/284)   [Kremote: Compressing objects:  85% (242/284)   [Kremote: Compressing objects:  86% (245/284)   [Kremote: Compressing objects:  87% (248/284)   [Kremote: Compressing objects:  88% (250/284)   [Kremote: Compressing objects:  89% (253/284)   [Kremote: Compressing objects:  90% (256/284)   [Kremote: Compressing objects:  91% (259/284)   [Kremote: Compressing objects:  92% (262/284)   [Kremote: Compressing objects:  93% (265/284)   [Kremote: Compressing objects:  94% (267/284)   [Kremote: Compressing objects:  95% (270/284)   [Kremote: Compressing objects:  96% (273/284)   [Kremote: Compressing objects:  97% (276/284)   [Kremote: Compressing objects:  98% (279/284)   [Kremote: Compressing objects:  99% (282/284)   [Kremote: Compressing objects: 100% (284/284)   [Kremote: Compressing objects: 100% (284/284), done.[K
Receiving objects:   0% (1/707)   Receiving objects:   1% (8/707)   Receiving objects:   2% (15/707)   Receiving objects:   3% (22/707)   Receiving objects:   4% (29/707)   Receiving objects:   5% (36/707)   Receiving objects:   6% (43/707)   Receiving objects:   7% (50/707)   Receiving objects:   8% (57/707)   Receiving objects:   9% (64/707)   Receiving objects:  10% (71/707)   Receiving objects:  11% (78/707)   Receiving objects:  12% (85/707)   Receiving objects:  13% (92/707)   Receiving objects:  14% (99/707)   Receiving objects:  15% (107/707)   Receiving objects:  16% (114/707)   Receiving objects:  17% (121/707)   Receiving objects:  18% (128/707)   Receiving objects:  19% (135/707)   Receiving objects:  20% (142/707)   Receiving objects:  21% (149/707)   Receiving objects:  22% (156/707)   Receiving objects:  23% (163/707)   Receiving objects:  24% (170/707)   Receiving objects:  25% (177/707)   Receiving objects:  26% (184/707)   Receiving objects:  27% (191/707)   Receiving objects:  28% (198/707)   Receiving objects:  29% (206/707)   Receiving objects:  30% (213/707)   Receiving objects:  31% (220/707)   Receiving objects:  32% (227/707)   Receiving objects:  33% (234/707)   Receiving objects:  34% (241/707)   Receiving objects:  35% (248/707)   Receiving objects:  36% (255/707)   Receiving objects:  37% (262/707)   Receiving objects:  38% (269/707)   Receiving objects:  39% (276/707)   Receiving objects:  40% (283/707)   Receiving objects:  41% (290/707)   Receiving objects:  42% (297/707)   Receiving objects:  43% (305/707)   Receiving objects:  44% (312/707)   Receiving objects:  45% (319/707)   Receiving objects:  46% (326/707)   Receiving objects:  47% (333/707)   Receiving objects:  48% (340/707)   Receiving objects:  49% (347/707)   remote: Total 707 (delta 374), reused 587 (delta 295)[K
Receiving objects:  50% (354/707)   Receiving objects:  51% (361/707)   Receiving objects:  52% (368/707)   Receiving objects:  53% (375/707)   Receiving objects:  54% (382/707)   Receiving objects:  55% (389/707)   Receiving objects:  56% (396/707)   Receiving objects:  57% (403/707)   Receiving objects:  58% (411/707)   Receiving objects:  59% (418/707)   Receiving objects:  60% (425/707)   Receiving objects:  61% (432/707)   Receiving objects:  62% (439/707)   Receiving objects:  63% (446/707)   Receiving objects:  64% (453/707)   Receiving objects:  65% (460/707)   Receiving objects:  66% (467/707)   Receiving objects:  67% (474/707)   Receiving objects:  68% (481/707)   Receiving objects:  69% (488/707)   Receiving objects:  70% (495/707)   Receiving objects:  71% (502/707)   Receiving objects:  72% (510/707)   Receiving objects:  73% (517/707)   Receiving objects:  74% (524/707)   Receiving objects:  75% (531/707)   Receiving objects:  76% (538/707)   Receiving objects:  77% (545/707)   Receiving objects:  78% (552/707)   Receiving objects:  79% (559/707)   Receiving objects:  80% (566/707)   Receiving objects:  81% (573/707)   Receiving objects:  82% (580/707)   Receiving objects:  83% (587/707)   Receiving objects:  84% (594/707)   Receiving objects:  85% (601/707)   Receiving objects:  86% (609/707)   Receiving objects:  87% (616/707)   Receiving objects:  88% (623/707)   Receiving objects:  89% (630/707)   Receiving objects:  90% (637/707)   Receiving objects:  91% (644/707)   Receiving objects:  92% (651/707)   Receiving objects:  93% (658/707)   Receiving objects:  94% (665/707)   Receiving objects:  95% (672/707)   Receiving objects:  96% (679/707)   Receiving objects:  97% (686/707)   Receiving objects:  98% (693/707)   Receiving objects:  99% (700/707)   Receiving objects: 100% (707/707)   Receiving objects: 100% (707/707), 223.08 KiB, done.
Resolving deltas:   0% (0/374)   Resolving deltas:   2% (8/374)   Resolving deltas:   4% (15/374)   Resolving deltas:   6% (26/374)   Resolving deltas:   8% (31/374)   Resolving deltas:   9% (36/374)   Resolving deltas:  10% (38/374)   Resolving deltas:  13% (49/374)   Resolving deltas:  16% (63/374)   Resolving deltas:  17% (64/374)   Resolving deltas:  18% (70/374)   Resolving deltas:  21% (81/374)   Resolving deltas:  25% (95/374)   Resolving deltas:  26% (100/374)   Resolving deltas:  27% (101/374)   Resolving deltas:  29% (111/374)   Resolving deltas:  30% (115/374)   Resolving deltas:  31% (116/374)   Resolving deltas:  32% (122/374)   Resolving deltas:  33% (127/374)   Resolving deltas:  34% (128/374)   Resolving deltas:  36% (135/374)   Resolving deltas:  43% (162/374)   Resolving deltas:  44% (167/374)   Resolving deltas:  46% (173/374)   Resolving deltas:  48% (182/374)   Resolving deltas:  49% (185/374)   Resolving deltas:  52% (196/374)   Resolving deltas:  54% (202/374)   Resolving deltas:  56% (210/374)   Resolving deltas:  58% (218/374)   Resolving deltas:  59% (224/374)   Resolving deltas:  60% (226/374)   Resolving deltas:  63% (238/374)   Resolving deltas:  64% (240/374)   Resolving deltas:  65% (244/374)   Resolving deltas:  66% (247/374)   Resolving deltas:  68% (257/374)   Resolving deltas:  70% (264/374)   Resolving deltas:  71% (266/374)   Resolving deltas:  73% (274/374)   Resolving deltas:  74% (280/374)   Resolving deltas:  75% (281/374)   Resolving deltas:  76% (285/374)   Resolving deltas:  77% (289/374)   Resolving deltas:  78% (294/374)   Resolving deltas:  85% (318/374)   Resolving deltas:  87% (329/374)   Resolving deltas:  89% (336/374)   Resolving deltas:  90% (337/374)   Resolving deltas:  91% (342/374)   Resolving deltas:  93% (349/374)   Resolving deltas:  97% (366/374)   Resolving deltas:  99% (373/374)   Resolving deltas: 100% (374/374)   Resolving deltas: 100% (374/374), completed with 11 local objects.
From git://github.com/JakeWharton/ActionBarSherlock
 * branch            refs/pull/839/merge -> FETCH_HEAD
$ git checkout -qf FETCH_HEAD
$ java -version
java version "1.7.0_09"
OpenJDK Runtime Environment (IcedTea7 2.3.4) (7u9-2.3.4-0ubuntu1.12.04.1)
OpenJDK 64-Bit Server VM (build 23.2-b09, mixed mode)
$ javac -version
javac 1.7.0_09
$ wget http://dl.google.com/android/android-sdk_r20.0.3-linux.tgz
--2013-02-25 20:58:38--  http://dl.google.com/android/android-sdk_r20.0.3-linux.tgz
Resolving dl.google.com (dl.google.com)... 2607:f8b0:400d:c02::5b, 74.125.228.35, 74.125.228.39, ...
Connecting to dl.google.com (dl.google.com)|2607:f8b0:400d:c02::5b|:80... connected.
HTTP request sent, awaiting response... 200 OK
Length: 82616305 (79M) [application/x-tar]
Saving to: `android-sdk_r20.0.3-linux.tgz'

 0% [                                       ] 0           --.-K/s               0% [                                       ] 1,220       3.69K/s               0% [                                       ] 325,740      602K/s               0% [                                       ] 821,584     1.07M/s               1% [                                       ] 1,379,472   1.40M/s               2% [                                       ] 2,098,372   1.53M/s               3% [>                                      ] 2,529,142   1.60M/s               3% [>                                      ] 3,213,562   1.79M/s               4% [>                                      ] 4,062,682   2.02M/s               5% [=>                                     ] 4,420,356   1.99M/s               6% [=>                                     ] 5,155,504   2.11M/s               6% [=>                                     ] 5,710,248   2.14M/s               7% [=>                                     ] 6,299,648   2.13M/s               8% [==>                                    ] 7,011,956   2.21M/s  eta 33s      9% [==>                                    ] 7,872,056   2.33M/s  eta 33s     10% [==>                                    ] 8,396,800   2.32M/s  eta 33s     11% [===>                                   ] 9,186,752   2.40M/s  eta 33s     12% [===>                                   ] 10,132,600  2.72M/s  eta 33s     12% [===>                                   ] 10,486,980  2.66M/s  eta 29s     13% [====>                                  ] 11,447,820  2.76M/s  eta 29s     14% [====>                                  ] 12,340,860  2.84M/s  eta 29s     15% [=====>                                 ] 13,021,072  2.92M/s  eta 29s     17% [=====>                                 ] 14,342,680  3.15M/s  eta 29s     17% [=====>                                 ] 14,688,256  3.07M/s  eta 24s     19% [======>                                ] 15,799,504  3.15M/s  eta 24s     20% [======>                                ] 16,752,324  3.28M/s  eta 24s     20% [=======>                               ] 16,982,356  3.14M/s  eta 24s     21% [=======>                               ] 17,947,376  3.24M/s  eta 24s     22% [=======>                               ] 18,882,560  3.30M/s  eta 21s     24% [========>                              ] 19,961,916  3.47M/s  eta 21s     25% [========>                              ] 20,972,740  3.40M/s  eta 21s     26% [=========>                             ] 22,002,948  3.45M/s  eta 21s     27% [=========>                             ] 23,021,648  3.59M/s  eta 19s     28% [=========>                             ] 23,236,340  3.40M/s  eta 19s     28% [==========>                            ] 23,689,832  2.57M/s  eta 23s     32% [===========>                           ] 27,248,376  3.11M/s  eta 23s     33% [============>                          ] 27,596,076  2.97M/s  eta 23s     33% [============>                          ] 27,985,256  2.94M/s  eta 23s     34% [============>                          ] 28,479,356  2.80M/s  eta 23s     35% [============>                          ] 29,086,916  2.82M/s  eta 19s     35% [============>                          ] 29,299,908  2.68M/s  eta 19s     36% [=============>                         ] 30,258,116  2.72M/s  eta 19s     37% [=============>                         ] 30,921,104  2.66M/s  eta 19s     38% [=============>                         ] 31,564,736  2.61M/s  eta 19s     39% [==============>                        ] 32,280,876  2.63M/s  eta 17s     40% [==============>                        ] 33,058,016  2.57M/s  eta 17s     40% [==============>                        ] 33,626,764  2.59M/s  eta 17s     41% [===============>                       ] 34,642,152  2.63M/s  eta 17s     42% [===============>                       ] 35,464,432  2.60M/s  eta 17s     44% [================>                      ] 36,398,924  2.64M/s  eta 16s     45% [================>                      ] 37,322,464  3.82M/s  eta 16s     46% [=================>                     ] 38,180,996  2.99M/s  eta 16s     47% [=================>                     ] 39,064,624  3.21M/s  eta 16s     48% [=================>                     ] 39,695,712  3.26M/s  eta 16s     48% [=================>                     ] 40,196,436  3.10M/s  eta 14s     50% [==================>                    ] 41,951,232  3.36M/s  eta 14s     51% [===================>                   ] 42,857,868  3.47M/s  eta 14s     52% [===================>                   ] 43,633,440  3.49M/s  eta 14s     53% [===================>                   ] 43,866,722  3.00M/s  eta 13s     53% [===================>                   ] 44,048,384  2.83M/s  eta 13s     53% [===================>                   ] 44,056,576  2.28M/s  eta 14s     56% [=====================>                 ] 46,835,040  2.69M/s  eta 14s     57% [=====================>                 ] 47,706,992  2.73M/s  eta 14s     59% [======================>                ] 48,747,304  2.81M/s  eta 14s     60% [======================>                ] 49,789,532  2.74M/s  eta 14s     61% [=======================>               ] 50,915,336  2.81M/s  eta 11s     62% [=======================>               ] 51,940,496  2.90M/s  eta 11s     63% [=======================>               ] 52,811,276  2.86M/s  eta 11s     64% [========================>              ] 53,592,956  2.90M/s  eta 11s     66% [========================>              ] 54,543,556  2.92M/s  eta 11s     66% [=========================>             ] 55,115,476  2.89M/s  eta 9s      68% [=========================>             ] 56,631,296  2.81M/s  eta 9s      69% [==========================>            ] 57,652,092  2.94M/s  eta 9s      70% [==========================>            ] 58,564,304  2.94M/s  eta 9s      71% [==========================>            ] 59,204,948  3.23M/s  eta 8s      73% [===========================>           ] 60,818,628  3.63M/s  eta 8s      74% [============================>          ] 61,687,708  4.48M/s  eta 8s      75% [============================>          ] 62,706,408  4.19M/s  eta 8s      77% [=============================>         ] 63,903,228  4.07M/s  eta 8s      78% [=============================>         ] 65,193,988  4.15M/s  eta 5s      80% [==============================>        ] 66,305,408  4.14M/s  eta 5s      81% [==============================>        ] 67,117,056  4.05M/s  eta 5s      82% [===============================>       ] 68,248,872  4.07M/s  eta 5s      83% [===============================>       ] 69,173,632  4.14M/s  eta 5s      84% [================================>      ] 70,076,432  4.10M/s  eta 4s      85% [================================>      ] 70,731,572  4.04M/s  eta 4s      86% [================================>      ] 71,455,032  3.98M/s  eta 4s      87% [================================>      ] 71,902,424  4.02M/s  eta 4s      89% [=================================>     ] 73,679,092  4.19M/s  eta 4s      90% [==================================>    ] 74,497,712  4.17M/s  eta 2s      91% [==================================>    ] 75,218,732  4.25M/s  eta 2s      92% [==================================>    ] 76,148,372  4.08M/s  eta 2s      93% [===================================>   ] 76,873,400  4.06M/s  eta 2s      93% [===================================>   ] 77,539,172  3.99M/s  eta 2s      95% [====================================>  ] 78,493,560  3.96M/s  eta 1s      95% [====================================>  ] 78,788,104  2.68M/s  eta 1s      98% [=====================================> ] 81,574,932  3.04M/s  eta 1s      100%[======================================>] 82,616,305  3.13M/s   in 26s     

2013-02-25 20:59:05 (3.06 MB/s) - `android-sdk_r20.0.3-linux.tgz' saved [82616305/82616305]

$ tar -zxf android-sdk_r20.0.3-linux.tgz
$ export ANDROID_HOME=~/builds/JakeWharton/ActionBarSherlock/android-sdk-linux
$ export PATH=${PATH}:${ANDROID_HOME}/tools:${ANDROID_HOME}/platform-tools
$ TOOLS=$(android list sdk --no-ui | grep "Android SDK Platform-tools" | cut -d"-" -f1)
/home/travis/build.sh: line 107: android: command not found
$ android update sdk --filter "$TOOLS" --no-ui --force
/home/travis/build.sh: line 110: android: command not found

The command "android update sdk --filter "$TOOLS" --no-ui --force" failed and exited with 127 during before_install.

Your build has been stopped.
