Using worker: bluebox-linux-2.worker.travis-ci.org:travis-linux-10

$ git clone --depth=100 --quiet git://github.com/JakeWharton/ActionBarSherlock.git JakeWharton/ActionBarSherlock
$ cd JakeWharton/ActionBarSherlock
$ git fetch origin +refs/pull/839/merge: 
remote: Counting objects: 744, done.[K
remote: Compressing objects:   0% (1/302)   [Kremote: Compressing objects:   1% (4/302)   [Kremote: Compressing objects:   2% (7/302)   [Kremote: Compressing objects:   3% (10/302)   [Kremote: Compressing objects:   4% (13/302)   [Kremote: Compressing objects:   5% (16/302)   [Kremote: Compressing objects:   6% (19/302)   [Kremote: Compressing objects:   7% (22/302)   [Kremote: Compressing objects:   8% (25/302)   [Kremote: Compressing objects:   9% (28/302)   [Kremote: Compressing objects:  10% (31/302)   [Kremote: Compressing objects:  11% (34/302)   [Kremote: Compressing objects:  12% (37/302)   [Kremote: Compressing objects:  13% (40/302)   [Kremote: Compressing objects:  14% (43/302)   [Kremote: Compressing objects:  15% (46/302)   [Kremote: Compressing objects:  16% (49/302)   [Kremote: Compressing objects:  17% (52/302)   [Kremote: Compressing objects:  18% (55/302)   [Kremote: Compressing objects:  19% (58/302)   [Kremote: Compressing objects:  20% (61/302)   [Kremote: Compressing objects:  21% (64/302)   [Kremote: Compressing objects:  22% (67/302)   [Kremote: Compressing objects:  23% (70/302)   [Kremote: Compressing objects:  24% (73/302)   [Kremote: Compressing objects:  25% (76/302)   [Kremote: Compressing objects:  26% (79/302)   [Kremote: Compressing objects:  27% (82/302)   [Kremote: Compressing objects:  28% (85/302)   [Kremote: Compressing objects:  29% (88/302)   [Kremote: Compressing objects:  30% (91/302)   [Kremote: Compressing objects:  31% (94/302)   [Kremote: Compressing objects:  32% (97/302)   [Kremote: Compressing objects:  33% (100/302)   [Kremote: Compressing objects:  34% (103/302)   [Kremote: Compressing objects:  35% (106/302)   [Kremote: Compressing objects:  36% (109/302)   [Kremote: Compressing objects:  37% (112/302)   [Kremote: Compressing objects:  38% (115/302)   [Kremote: Compressing objects:  39% (118/302)   [Kremote: Compressing objects:  40% (121/302)   [Kremote: Compressing objects:  41% (124/302)   [Kremote: Compressing objects:  42% (127/302)   [Kremote: Compressing objects:  43% (130/302)   [Kremote: Compressing objects:  44% (133/302)   [Kremote: Compressing objects:  45% (136/302)   [Kremote: Compressing objects:  46% (139/302)   [Kremote: Compressing objects:  47% (142/302)   [Kremote: Compressing objects:  48% (145/302)   [Kremote: Compressing objects:  49% (148/302)   [Kremote: Compressing objects:  50% (151/302)   [Kremote: Compressing objects:  51% (155/302)   [Kremote: Compressing objects:  52% (158/302)   [Kremote: Compressing objects:  53% (161/302)   [Kremote: Compressing objects:  54% (164/302)   [Kremote: Compressing objects:  55% (167/302)   [Kremote: Compressing objects:  56% (170/302)   [Kremote: Compressing objects:  57% (173/302)   [Kremote: Compressing objects:  58% (176/302)   [Kremote: Compressing objects:  59% (179/302)   [Kremote: Compressing objects:  60% (182/302)   [Kremote: Compressing objects:  61% (185/302)   [Kremote: Compressing objects:  62% (188/302)   [Kremote: Compressing objects:  63% (191/302)   [Kremote: Compressing objects:  64% (194/302)   [Kremote: Compressing objects:  65% (197/302)   [Kremote: Compressing objects:  66% (200/302)   [Kremote: Compressing objects:  67% (203/302)   [Kremote: Compressing objects:  68% (206/302)   [Kremote: Compressing objects:  69% (209/302)   [Kremote: Compressing objects:  70% (212/302)   [Kremote: Compressing objects:  71% (215/302)   [Kremote: Compressing objects:  72% (218/302)   [Kremote: Compressing objects:  73% (221/302)   [Kremote: Compressing objects:  74% (224/302)   [Kremote: Compressing objects:  75% (227/302)   [Kremote: Compressing objects:  76% (230/302)   [Kremote: Compressing objects:  77% (233/302)   [Kremote: Compressing objects:  78% (236/302)   [Kremote: Compressing objects:  79% (239/302)   [Kremote: Compressing objects:  80% (242/302)   [Kremote: Compressing objects:  81% (245/302)   [Kremote: Compressing objects:  82% (248/302)   [Kremote: Compressing objects:  83% (251/302)   [Kremote: Compressing objects:  84% (254/302)   [Kremote: Compressing objects:  85% (257/302)   [Kremote: Compressing objects:  86% (260/302)   [Kremote: Compressing objects:  87% (263/302)   [Kremote: Compressing objects:  88% (266/302)   [Kremote: Compressing objects:  89% (269/302)   [Kremote: Compressing objects:  90% (272/302)   [Kremote: Compressing objects:  91% (275/302)   [Kremote: Compressing objects:  92% (278/302)   [Kremote: Compressing objects:  93% (281/302)   [Kremote: Compressing objects:  94% (284/302)   [Kremote: Compressing objects:  95% (287/302)   [Kremote: Compressing objects:  96% (290/302)   [Kremote: Compressing objects:  97% (293/302)   [Kremote: Compressing objects:  98% (296/302)   [Kremote: Compressing objects:  99% (299/302)   [Kremote: Compressing objects: 100% (302/302)   [Kremote: Compressing objects: 100% (302/302), done.[K
Receiving objects:   0% (1/728)   Receiving objects:   1% (8/728)   Receiving objects:   2% (15/728)   Receiving objects:   3% (22/728)   Receiving objects:   4% (30/728)   Receiving objects:   5% (37/728)   Receiving objects:   6% (44/728)   Receiving objects:   7% (51/728)   Receiving objects:   8% (59/728)   Receiving objects:   9% (66/728)   Receiving objects:  10% (73/728)   Receiving objects:  11% (81/728)   Receiving objects:  12% (88/728)   Receiving objects:  13% (95/728)   Receiving objects:  14% (102/728)   Receiving objects:  15% (110/728)   Receiving objects:  16% (117/728)   Receiving objects:  17% (124/728)   Receiving objects:  18% (132/728)   Receiving objects:  19% (139/728)   Receiving objects:  20% (146/728)   Receiving objects:  21% (153/728)   Receiving objects:  22% (161/728)   Receiving objects:  23% (168/728)   Receiving objects:  24% (175/728)   Receiving objects:  25% (182/728)   Receiving objects:  26% (190/728)   Receiving objects:  27% (197/728)   Receiving objects:  28% (204/728)   Receiving objects:  29% (212/728)   Receiving objects:  30% (219/728)   Receiving objects:  31% (226/728)   Receiving objects:  32% (233/728)   Receiving objects:  33% (241/728)   Receiving objects:  34% (248/728)   Receiving objects:  35% (255/728)   Receiving objects:  36% (263/728)   Receiving objects:  37% (270/728)   Receiving objects:  38% (277/728)   Receiving objects:  39% (284/728)   Receiving objects:  40% (292/728)   Receiving objects:  41% (299/728)   Receiving objects:  42% (306/728)   Receiving objects:  43% (314/728)   Receiving objects:  44% (321/728)   Receiving objects:  45% (328/728)   Receiving objects:  46% (335/728)   Receiving objects:  47% (343/728)   Receiving objects:  48% (350/728)   Receiving objects:  49% (357/728)   Receiving objects:  50% (364/728)   Receiving objects:  51% (372/728)   Receiving objects:  52% (379/728)   Receiving objects:  53% (386/728)   Receiving objects:  54% (394/728)   Receiving objects:  55% (401/728)   Receiving objects:  56% (408/728)   Receiving objects:  57% (415/728)   Receiving objects:  58% (423/728)   Receiving objects:  59% (430/728)   Receiving objects:  60% (437/728)   Receiving objects:  61% (445/728)   Receiving objects:  62% (452/728)   Receiving objects:  63% (459/728)   Receiving objects:  64% (466/728)   Receiving objects:  65% (474/728)   Receiving objects:  66% (481/728)   Receiving objects:  67% (488/728)   Receiving objects:  68% (496/728)   Receiving objects:  69% (503/728)   Receiving objects:  70% (510/728)   Receiving objects:  71% (517/728)   Receiving objects:  72% (525/728)   Receiving objects:  73% (532/728)   Receiving objects:  74% (539/728)   Receiving objects:  75% (546/728)   Receiving objects:  76% (554/728)   Receiving objects:  77% (561/728)   Receiving objects:  78% (568/728)   Receiving objects:  79% (576/728)   Receiving objects:  80% (583/728)   Receiving objects:  81% (590/728)   remote: Total 728 (delta 389), reused 594 (delta 296)[K
Receiving objects:  82% (597/728)   Receiving objects:  83% (605/728)   Receiving objects:  84% (612/728)   Receiving objects:  85% (619/728)   Receiving objects:  86% (627/728)   Receiving objects:  87% (634/728)   Receiving objects:  88% (641/728)   Receiving objects:  89% (648/728)   Receiving objects:  90% (656/728)   Receiving objects:  91% (663/728)   Receiving objects:  92% (670/728)   Receiving objects:  93% (678/728)   Receiving objects:  94% (685/728)   Receiving objects:  95% (692/728)   Receiving objects:  96% (699/728)   Receiving objects:  97% (707/728)   Receiving objects:  98% (714/728)   Receiving objects:  99% (721/728)   Receiving objects: 100% (728/728)   Receiving objects: 100% (728/728), 224.54 KiB, done.
Resolving deltas:   0% (0/389)   Resolving deltas:   1% (7/389)   Resolving deltas:   3% (15/389)   Resolving deltas:   4% (17/389)   Resolving deltas:   6% (26/389)   Resolving deltas:   8% (32/389)   Resolving deltas:   9% (37/389)   Resolving deltas:  10% (39/389)   Resolving deltas:  12% (50/389)   Resolving deltas:  16% (63/389)   Resolving deltas:  17% (70/389)   Resolving deltas:  20% (78/389)   Resolving deltas:  23% (92/389)   Resolving deltas:  24% (97/389)   Resolving deltas:  28% (111/389)   Resolving deltas:  30% (119/389)   Resolving deltas:  32% (126/389)   Resolving deltas:  33% (131/389)   Resolving deltas:  35% (137/389)   Resolving deltas:  36% (143/389)   Resolving deltas:  43% (171/389)   Resolving deltas:  44% (172/389)   Resolving deltas:  45% (176/389)   Resolving deltas:  46% (180/389)   Resolving deltas:  48% (188/389)   Resolving deltas:  49% (191/389)   Resolving deltas:  52% (205/389)   Resolving deltas:  53% (207/389)   Resolving deltas:  55% (215/389)   Resolving deltas:  56% (221/389)   Resolving deltas:  57% (223/389)   Resolving deltas:  59% (232/389)   Resolving deltas:  61% (241/389)   Resolving deltas:  62% (242/389)   Resolving deltas:  63% (246/389)   Resolving deltas:  66% (257/389)   Resolving deltas:  67% (262/389)   Resolving deltas:  68% (267/389)   Resolving deltas:  70% (274/389)   Resolving deltas:  71% (277/389)   Resolving deltas:  72% (283/389)   Resolving deltas:  76% (296/389)   Resolving deltas:  77% (300/389)   Resolving deltas:  78% (304/389)   Resolving deltas:  79% (309/389)   Resolving deltas:  85% (333/389)   Resolving deltas:  88% (344/389)   Resolving deltas:  90% (351/389)   Resolving deltas:  91% (357/389)   Resolving deltas:  93% (364/389)   Resolving deltas:  97% (381/389)   Resolving deltas:  99% (388/389)   Resolving deltas: 100% (389/389)   Resolving deltas: 100% (389/389), completed with 11 local objects.
From git://github.com/JakeWharton/ActionBarSherlock
 * branch            refs/pull/839/merge -> FETCH_HEAD
$ git checkout -qf FETCH_HEAD
$ java -version
java version "1.7.0_09"
OpenJDK Runtime Environment (IcedTea7 2.3.4) (7u9-2.3.4-0ubuntu1.12.04.1)
OpenJDK 64-Bit Server VM (build 23.2-b09, mixed mode)
$ javac -version
javac 1.7.0_09
$ wget http://dl.google.com/android/android-sdk_r20.0.3-linux.tgz
--2013-02-25 21:23:13--  http://dl.google.com/android/android-sdk_r20.0.3-linux.tgz
Resolving dl.google.com (dl.google.com)... 2607:f8b0:400d:c02::be, 173.194.74.93, 173.194.74.190, ...
Connecting to dl.google.com (dl.google.com)|2607:f8b0:400d:c02::be|:80... connected.
HTTP request sent, awaiting response... 200 OK
Length: 82616305 (79M) [application/x-tar]
Saving to: `android-sdk_r20.0.3-linux.tgz'

 0% [                                       ] 0           --.-K/s               0% [                                       ] 8,192       29.7K/s               0% [                                       ] 666,992     1.34M/s               2% [                                       ] 1,672,272   2.22M/s               2% [                                       ] 2,105,344   2.09M/s               4% [>                                      ] 3,452,906   2.82M/s               5% [>                                      ] 4,202,496   2.61M/s               6% [=>                                     ] 5,245,510   2.88M/s               7% [=>                                     ] 6,299,648   2.97M/s               8% [==>                                    ] 7,402,566   3.14M/s              10% [==>                                    ] 8,396,800   3.22M/s              11% [===>                                   ] 9,543,044   3.30M/s              12% [===>                                   ] 10,493,952  3.20M/s  eta 21s     14% [====>                                  ] 12,173,680  3.45M/s  eta 21s     15% [====>                                  ] 12,591,104  3.25M/s  eta 21s     17% [=====>                                 ] 14,385,972  3.48M/s  eta 21s     17% [=====>                                 ] 14,688,256  3.35M/s  eta 19s     20% [======>                                ] 16,595,444  3.59M/s  eta 19s     20% [======>                                ] 16,785,408  3.67M/s  eta 19s     22% [=======>                               ] 18,622,006  3.90M/s  eta 19s     24% [========>                              ] 19,829,608  3.95M/s  eta 19s     25% [========>                              ] 20,971,520  3.37M/s  eta 18s     26% [=========>                             ] 22,106,410  3.46M/s  eta 18s     27% [=========>                             ] 23,076,864  3.36M/s  eta 18s     29% [==========>                            ] 24,479,282  3.62M/s  eta 18s     30% [==========>                            ] 25,174,016  3.47M/s  eta 17s     32% [===========>                           ] 26,649,464  3.56M/s  eta 17s     33% [===========>                           ] 27,271,168  3.47M/s  eta 17s     34% [============>                          ] 28,888,006  3.57M/s  eta 17s     35% [============>                          ] 29,368,320  3.28M/s  eta 15s     37% [=============>                         ] 30,914,438  3.42M/s  eta 15s     38% [=============>                         ] 31,465,472  3.43M/s  eta 15s     40% [==============>                        ] 33,139,650  3.47M/s  eta 15s     40% [==============>                        ] 33,554,432  3.05M/s  eta 15s     40% [==============>                        ] 33,554,432  2.68M/s  eta 15s     40% [==============>                        ] 33,554,432  2.39M/s  eta 18s     40% [==============>                        ] 33,554,432  2.16M/s  eta 18s     40% [==============>                        ] 33,554,432  1.96M/s  eta 20s     40% [==============>                        ] 33,562,624  1.83M/s  eta 20s     42% [===============>                       ] 34,969,622  1.85M/s  eta 20s     43% [===============>                       ] 35,659,776  1.82M/s  eta 20s     44% [================>                      ] 36,648,174  1.79M/s  eta 20s     45% [================>                      ] 37,749,956  1.82M/s  eta 20s     47% [=================>                     ] 39,328,776  1.84M/s  eta 20s     48% [=================>                     ] 40,083,456  1.81M/s  eta 20s     50% [==================>                    ] 41,645,398  1.81M/s  eta 16s     50% [==================>                    ] 41,951,232  1.93M/s  eta 16s     51% [===================>                   ] 42,949,250  1.90M/s  eta 16s     53% [===================>                   ] 44,041,412  1.91M/s  eta 16s     54% [====================>                  ] 44,996,576  1.86M/s  eta 15s     55% [====================>                  ] 46,145,536  1.84M/s  eta 15s     57% [=====================>                 ] 47,904,234  1.91M/s  eta 15s     58% [=====================>                 ] 48,673,348  1.88M/s  eta 15s     60% [======================>                ] 49,899,448  1.89M/s  eta 12s     60% [======================>                ] 50,339,840  1.85M/s  eta 12s     62% [=======================>               ] 51,534,168  1.82M/s  eta 12s     63% [=======================>               ] 52,436,992  3.87M/s  eta 12s     64% [========================>              ] 53,666,490  3.97M/s  eta 11s     66% [========================>              ] 54,534,144  3.78M/s  eta 11s     67% [=========================>             ] 55,835,532  3.82M/s  eta 11s     68% [=========================>             ] 56,623,104  3.17M/s  eta 10s     69% [==========================>            ] 57,198,244  2.95M/s  eta 10s     70% [==========================>            ] 58,571,964  3.17M/s  eta 10s     71% [==========================>            ] 59,276,886  3.13M/s  eta 10s     73% [===========================>           ] 60,334,626  3.19M/s  eta 10s     73% [===========================>           ] 60,825,600  3.13M/s  eta 8s      75% [============================>          ] 62,266,068  3.24M/s  eta 8s      76% [============================>          ] 62,922,752  3.27M/s  eta 8s      77% [=============================>         ] 64,081,310  3.19M/s  eta 8s      78% [=============================>         ] 65,024,784  3.22M/s  eta 8s      80% [==============================>        ] 66,139,632  3.21M/s  eta 6s      81% [==============================>        ] 67,117,056  3.15M/s  eta 6s      82% [===============================>       ] 68,364,674  3.15M/s  eta 6s      83% [===============================>       ] 69,214,208  3.11M/s  eta 6s      85% [================================>      ] 70,641,036  3.35M/s  eta 4s      86% [================================>      ] 71,311,360  3.26M/s  eta 4s      88% [=================================>     ] 72,921,188  3.36M/s  eta 4s      88% [=================================>     ] 73,402,760  3.41M/s  eta 4s      90% [==================================>    ] 74,746,280  3.43M/s  eta 4s      91% [==================================>    ] 75,505,664  3.37M/s  eta 2s      93% [===================================>   ] 77,108,172  4.29M/s  eta 2s      93% [===================================>   ] 77,602,816  4.15M/s  eta 2s      96% [====================================>  ] 79,453,024  4.43M/s  eta 2s      96% [====================================>  ] 79,692,996  4.05M/s  eta 2s      98% [=====================================> ] 81,160,866  4.25M/s  eta 0s      99% [=====================================> ] 81,797,120  4.11M/s  eta 0s      100%[======================================>] 82,616,305  4.21M/s   in 27s     

2013-02-25 21:23:41 (2.91 MB/s) - `android-sdk_r20.0.3-linux.tgz' saved [82616305/82616305]

$ tar -zxf android-sdk_r20.0.3-linux.tgz
$ export ANDROID_HOME=~/builds/JakeWharton/ActionBarSherlock/android-sdk-linux
$ export PATH=${PATH}:${ANDROID_HOME}/tools:${ANDROID_HOME}/platform-tools
$ TOOLS=$(android list sdk --no-ui | grep "Android SDK Platform-tools" | cut -d"-" -f1)
/home/travis/build.sh: line 107: android: command not found
$ android update sdk --filter "$TOOLS" --no-ui --force
/home/travis/build.sh: line 110: android: command not found

The command "android update sdk --filter "$TOOLS" --no-ui --force" failed and exited with 127 during before_install.

Your build has been stopped.
