Using worker: bluebox-linux-3.worker.travis-ci.org:travis-linux-3

$ git clone --depth=100 --quiet git://github.com/JakeWharton/ActionBarSherlock.git JakeWharton/ActionBarSherlock
$ cd JakeWharton/ActionBarSherlock
$ git fetch origin +refs/pull/839/merge: 
remote: Counting objects: 744, done.[K
remote: Compressing objects:   0% (1/302)   [Kremote: Compressing objects:   1% (4/302)   [Kremote: Compressing objects:   2% (7/302)   [Kremote: Compressing objects:   3% (10/302)   [Kremote: Compressing objects:   4% (13/302)   [Kremote: Compressing objects:   5% (16/302)   [Kremote: Compressing objects:   6% (19/302)   [Kremote: Compressing objects:   7% (22/302)   [Kremote: Compressing objects:   8% (25/302)   [Kremote: Compressing objects:   9% (28/302)   [Kremote: Compressing objects:  10% (31/302)   [Kremote: Compressing objects:  11% (34/302)   [Kremote: Compressing objects:  12% (37/302)   [Kremote: Compressing objects:  13% (40/302)   [Kremote: Compressing objects:  14% (43/302)   [Kremote: Compressing objects:  15% (46/302)   [Kremote: Compressing objects:  16% (49/302)   [Kremote: Compressing objects:  17% (52/302)   [Kremote: Compressing objects:  18% (55/302)   [Kremote: Compressing objects:  19% (58/302)   [Kremote: Compressing objects:  20% (61/302)   [Kremote: Compressing objects:  21% (64/302)   [Kremote: Compressing objects:  22% (67/302)   [Kremote: Compressing objects:  23% (70/302)   [Kremote: Compressing objects:  24% (73/302)   [Kremote: Compressing objects:  25% (76/302)   [Kremote: Compressing objects:  26% (79/302)   [Kremote: Compressing objects:  27% (82/302)   [Kremote: Compressing objects:  28% (85/302)   [Kremote: Compressing objects:  29% (88/302)   [Kremote: Compressing objects:  30% (91/302)   [Kremote: Compressing objects:  31% (94/302)   [Kremote: Compressing objects:  32% (97/302)   [Kremote: Compressing objects:  33% (100/302)   [Kremote: Compressing objects:  34% (103/302)   [Kremote: Compressing objects:  35% (106/302)   [Kremote: Compressing objects:  36% (109/302)   [Kremote: Compressing objects:  37% (112/302)   [Kremote: Compressing objects:  38% (115/302)   [Kremote: Compressing objects:  39% (118/302)   [Kremote: Compressing objects:  40% (121/302)   [Kremote: Compressing objects:  41% (124/302)   [Kremote: Compressing objects:  42% (127/302)   [Kremote: Compressing objects:  43% (130/302)   [Kremote: Compressing objects:  44% (133/302)   [Kremote: Compressing objects:  45% (136/302)   [Kremote: Compressing objects:  46% (139/302)   [Kremote: Compressing objects:  47% (142/302)   [Kremote: Compressing objects:  48% (145/302)   [Kremote: Compressing objects:  49% (148/302)   [Kremote: Compressing objects:  50% (151/302)   [Kremote: Compressing objects:  51% (155/302)   [Kremote: Compressing objects:  52% (158/302)   [Kremote: Compressing objects:  53% (161/302)   [Kremote: Compressing objects:  54% (164/302)   [Kremote: Compressing objects:  55% (167/302)   [Kremote: Compressing objects:  56% (170/302)   [Kremote: Compressing objects:  57% (173/302)   [Kremote: Compressing objects:  58% (176/302)   [Kremote: Compressing objects:  59% (179/302)   [Kremote: Compressing objects:  60% (182/302)   [Kremote: Compressing objects:  61% (185/302)   [Kremote: Compressing objects:  62% (188/302)   [Kremote: Compressing objects:  63% (191/302)   [Kremote: Compressing objects:  64% (194/302)   [Kremote: Compressing objects:  65% (197/302)   [Kremote: Compressing objects:  66% (200/302)   [Kremote: Compressing objects:  67% (203/302)   [Kremote: Compressing objects:  68% (206/302)   [Kremote: Compressing objects:  69% (209/302)   [Kremote: Compressing objects:  70% (212/302)   [Kremote: Compressing objects:  71% (215/302)   [Kremote: Compressing objects:  72% (218/302)   [Kremote: Compressing objects:  73% (221/302)   [Kremote: Compressing objects:  74% (224/302)   [Kremote: Compressing objects:  75% (227/302)   [Kremote: Compressing objects:  76% (230/302)   [Kremote: Compressing objects:  77% (233/302)   [Kremote: Compressing objects:  78% (236/302)   [Kremote: Compressing objects:  79% (239/302)   [Kremote: Compressing objects:  80% (242/302)   [Kremote: Compressing objects:  81% (245/302)   [Kremote: Compressing objects:  82% (248/302)   [Kremote: Compressing objects:  83% (251/302)   [Kremote: Compressing objects:  84% (254/302)   [Kremote: Compressing objects:  85% (257/302)   [Kremote: Compressing objects:  86% (260/302)   [Kremote: Compressing objects:  87% (263/302)   [Kremote: Compressing objects:  88% (266/302)   [Kremote: Compressing objects:  89% (269/302)   [Kremote: Compressing objects:  90% (272/302)   [Kremote: Compressing objects:  91% (275/302)   [Kremote: Compressing objects:  92% (278/302)   [Kremote: Compressing objects:  93% (281/302)   [Kremote: Compressing objects:  94% (284/302)   [Kremote: Compressing objects:  95% (287/302)   [Kremote: Compressing objects:  96% (290/302)   [Kremote: Compressing objects:  97% (293/302)   [Kremote: Compressing objects:  98% (296/302)   [Kremote: Compressing objects:  99% (299/302)   [Kremote: Compressing objects: 100% (302/302)   [Kremote: Compressing objects: 100% (302/302), done.[K
Receiving objects:   0% (1/728)   Receiving objects:   1% (8/728)   Receiving objects:   2% (15/728)   Receiving objects:   3% (22/728)   Receiving objects:   4% (30/728)   Receiving objects:   5% (37/728)   Receiving objects:   6% (44/728)   Receiving objects:   7% (51/728)   Receiving objects:   8% (59/728)   Receiving objects:   9% (66/728)   Receiving objects:  10% (73/728)   Receiving objects:  11% (81/728)   Receiving objects:  12% (88/728)   Receiving objects:  13% (95/728)   Receiving objects:  14% (102/728)   Receiving objects:  15% (110/728)   Receiving objects:  16% (117/728)   Receiving objects:  17% (124/728)   Receiving objects:  18% (132/728)   Receiving objects:  19% (139/728)   Receiving objects:  20% (146/728)   Receiving objects:  21% (153/728)   Receiving objects:  22% (161/728)   Receiving objects:  23% (168/728)   Receiving objects:  24% (175/728)   Receiving objects:  25% (182/728)   Receiving objects:  26% (190/728)   Receiving objects:  27% (197/728)   Receiving objects:  28% (204/728)   Receiving objects:  29% (212/728)   Receiving objects:  30% (219/728)   Receiving objects:  31% (226/728)   Receiving objects:  32% (233/728)   Receiving objects:  33% (241/728)   Receiving objects:  34% (248/728)   Receiving objects:  35% (255/728)   Receiving objects:  36% (263/728)   Receiving objects:  37% (270/728)   Receiving objects:  38% (277/728)   Receiving objects:  39% (284/728)   Receiving objects:  40% (292/728)   Receiving objects:  41% (299/728)   Receiving objects:  42% (306/728)   Receiving objects:  43% (314/728)   Receiving objects:  44% (321/728)   Receiving objects:  45% (328/728)   Receiving objects:  46% (335/728)   Receiving objects:  47% (343/728)   Receiving objects:  48% (350/728)   Receiving objects:  49% (357/728)   Receiving objects:  50% (364/728)   Receiving objects:  51% (372/728)   Receiving objects:  52% (379/728)   Receiving objects:  53% (386/728)   Receiving objects:  54% (394/728)   Receiving objects:  55% (401/728)   Receiving objects:  56% (408/728)   Receiving objects:  57% (415/728)   Receiving objects:  58% (423/728)   Receiving objects:  59% (430/728)   Receiving objects:  60% (437/728)   Receiving objects:  61% (445/728)   Receiving objects:  62% (452/728)   Receiving objects:  63% (459/728)   Receiving objects:  64% (466/728)   Receiving objects:  65% (474/728)   Receiving objects:  66% (481/728)   Receiving objects:  67% (488/728)   Receiving objects:  68% (496/728)   Receiving objects:  69% (503/728)   Receiving objects:  70% (510/728)   Receiving objects:  71% (517/728)   remote: Total 728 (delta 389), reused 594 (delta 296)[K
Receiving objects:  72% (525/728)   Receiving objects:  73% (532/728)   Receiving objects:  74% (539/728)   Receiving objects:  75% (546/728)   Receiving objects:  76% (554/728)   Receiving objects:  77% (561/728)   Receiving objects:  78% (568/728)   Receiving objects:  79% (576/728)   Receiving objects:  80% (583/728)   Receiving objects:  81% (590/728)   Receiving objects:  82% (597/728)   Receiving objects:  83% (605/728)   Receiving objects:  84% (612/728)   Receiving objects:  85% (619/728)   Receiving objects:  86% (627/728)   Receiving objects:  87% (634/728)   Receiving objects:  88% (641/728)   Receiving objects:  89% (648/728)   Receiving objects:  90% (656/728)   Receiving objects:  91% (663/728)   Receiving objects:  92% (670/728)   Receiving objects:  93% (678/728)   Receiving objects:  94% (685/728)   Receiving objects:  95% (692/728)   Receiving objects:  96% (699/728)   Receiving objects:  97% (707/728)   Receiving objects:  98% (714/728)   Receiving objects:  99% (721/728)   Receiving objects: 100% (728/728)   Receiving objects: 100% (728/728), 224.54 KiB, done.
Resolving deltas:   0% (0/389)   Resolving deltas:   2% (9/389)   Resolving deltas:   3% (13/389)   Resolving deltas:   5% (22/389)   Resolving deltas:   8% (34/389)   Resolving deltas:   9% (36/389)   Resolving deltas:  10% (39/389)   Resolving deltas:  12% (47/389)   Resolving deltas:  15% (59/389)   Resolving deltas:  16% (66/389)   Resolving deltas:  19% (75/389)   Resolving deltas:  20% (80/389)   Resolving deltas:  22% (87/389)   Resolving deltas:  23% (92/389)   Resolving deltas:  24% (94/389)   Resolving deltas:  25% (99/389)   Resolving deltas:  26% (102/389)   Resolving deltas:  30% (119/389)   Resolving deltas:  32% (128/389)   Resolving deltas:  33% (129/389)   Resolving deltas:  42% (165/389)   Resolving deltas:  43% (171/389)   Resolving deltas:  44% (174/389)   Resolving deltas:  46% (180/389)   Resolving deltas:  48% (190/389)   Resolving deltas:  49% (192/389)   Resolving deltas:  51% (202/389)   Resolving deltas:  55% (216/389)   Resolving deltas:  56% (218/389)   Resolving deltas:  57% (224/389)   Resolving deltas:  59% (233/389)   Resolving deltas:  60% (234/389)   Resolving deltas:  62% (242/389)   Resolving deltas:  63% (246/389)   Resolving deltas:  66% (257/389)   Resolving deltas:  67% (262/389)   Resolving deltas:  68% (266/389)   Resolving deltas:  69% (269/389)   Resolving deltas:  74% (289/389)   Resolving deltas:  75% (292/389)   Resolving deltas:  76% (299/389)   Resolving deltas:  78% (304/389)   Resolving deltas:  79% (309/389)   Resolving deltas:  85% (333/389)   Resolving deltas:  88% (344/389)   Resolving deltas:  90% (351/389)   Resolving deltas:  91% (357/389)   Resolving deltas:  93% (364/389)   Resolving deltas:  97% (381/389)   Resolving deltas:  99% (388/389)   Resolving deltas: 100% (389/389)   Resolving deltas: 100% (389/389), completed with 11 local objects.
From git://github.com/JakeWharton/ActionBarSherlock
 * branch            refs/pull/839/merge -> FETCH_HEAD
$ git checkout -qf FETCH_HEAD
$ java -version
java version "1.7.0_09"
OpenJDK Runtime Environment (IcedTea7 2.3.4) (7u9-2.3.4-0ubuntu1.12.04.1)
OpenJDK 64-Bit Server VM (build 23.2-b09, mixed mode)
$ javac -version
javac 1.7.0_09
$ wget http://dl.google.com/android/android-sdk_r20.0.3-linux.tgz
--2013-02-25 21:27:26--  http://dl.google.com/android/android-sdk_r20.0.3-linux.tgz
Resolving dl.google.com (dl.google.com)... 2607:f8b0:400d:c02::be, 173.194.74.190, 173.194.74.136, ...
Connecting to dl.google.com (dl.google.com)|2607:f8b0:400d:c02::be|:80... connected.
HTTP request sent, awaiting response... 200 OK
Length: 82616305 (79M) [application/x-tar]
Saving to: `android-sdk_r20.0.3-linux.tgz'

 0% [                                       ] 0           --.-K/s               0% [                                       ] 185,268      874K/s               0% [                                       ] 731,308     1.70M/s               1% [                                       ] 1,362,924   1.99M/s               2% [                                       ] 1,988,436   1.98M/s               3% [>                                      ] 3,087,840   2.44M/s               5% [=>                                     ] 4,626,440   3.08M/s               6% [=>                                     ] 5,456,912   2.81M/s               9% [==>                                    ] 7,445,512   3.26M/s              11% [===>                                   ] 9,407,272   3.68M/s              13% [====>                                  ] 11,464,540  4.15M/s              15% [=====>                                 ] 12,830,940  4.25M/s              17% [=====>                                 ] 14,388,880  4.36M/s  eta 15s     17% [=====>                                 ] 14,778,932  4.14M/s  eta 15s     20% [======>                                ] 16,785,408  4.33M/s  eta 15s     21% [=======>                               ] 17,818,006  4.35M/s  eta 15s     23% [========>                              ] 19,108,170  4.39M/s  eta 14s     24% [========>                              ] 20,650,250  4.66M/s  eta 14s     25% [=========>                             ] 21,406,850  4.69M/s  eta 14s     27% [=========>                             ] 22,382,850  4.71M/s  eta 14s     28% [==========>                            ] 23,604,070  5.07M/s  eta 14s     28% [==========>                            ] 23,612,262  4.67M/s  eta 13s     32% [===========>                           ] 26,772,410  5.00M/s  eta 13s     34% [============>                          ] 28,446,250  5.39M/s  eta 13s     35% [============>                          ] 29,368,320  4.48M/s  eta 12s     36% [=============>                         ] 30,550,058  4.47M/s  eta 12s     38% [=============>                         ] 31,465,472  4.13M/s  eta 12s     39% [==============>                        ] 32,504,340  4.09M/s  eta 12s     40% [==============>                        ] 33,562,624  3.87M/s  eta 12s     42% [===============>                       ] 34,712,042  4.06M/s  eta 12s     43% [================>                      ] 36,310,242  3.93M/s  eta 12s     45% [================>                      ] 37,657,122  4.14M/s  eta 12s     46% [=================>                     ] 38,421,566  4.02M/s  eta 12s     46% [=================>                     ] 38,437,950  3.72M/s  eta 10s     49% [==================>                    ] 40,496,786  4.00M/s  eta 10s     50% [==================>                    ] 41,344,866  3.91M/s  eta 10s     50% [==================>                    ] 41,951,232  3.82M/s  eta 10s     52% [===================>                   ] 43,293,930  3.88M/s  eta 10s     53% [===================>                   ] 44,358,122  4.22M/s  eta 9s      55% [====================>                  ] 45,500,390  3.89M/s  eta 9s      56% [====================>                  ] 46,432,344  3.71M/s  eta 9s      57% [=====================>                 ] 47,769,116  4.26M/s  eta 9s      58% [=====================>                 ] 48,692,868  4.19M/s  eta 9s      60% [======================>                ] 49,754,272  4.52M/s  eta 7s      61% [=======================>               ] 51,044,520  4.64M/s  eta 7s      63% [=======================>               ] 52,380,280  4.65M/s  eta 7s      64% [========================>              ] 53,592,388  4.85M/s  eta 7s      66% [========================>              ] 54,694,920  4.85M/s  eta 7s      68% [=========================>             ] 56,186,108  4.92M/s  eta 6s      69% [=========================>             ] 57,047,092  4.80M/s  eta 6s      70% [==========================>            ] 58,316,764  4.93M/s  eta 6s      71% [==========================>            ] 59,228,116  5.07M/s  eta 6s      73% [===========================>           ] 60,339,188  4.92M/s  eta 6s      74% [===========================>           ] 61,343,188  5.00M/s  eta 5s      75% [============================>          ] 62,615,300  4.97M/s  eta 5s      76% [============================>          ] 62,877,528  4.08M/s  eta 5s      76% [============================>          ] 62,922,752  3.85M/s  eta 5s      77% [=============================>         ] 64,264,880  3.90M/s  eta 5s      78% [=============================>         ] 65,255,180  3.94M/s  eta 5s      80% [==============================>        ] 66,597,520  3.96M/s  eta 5s      81% [==============================>        ] 67,365,404  3.92M/s  eta 4s      82% [===============================>       ] 68,310,216  3.77M/s  eta 4s      84% [===============================>       ] 69,873,376  3.82M/s  eta 4s      85% [================================>      ] 70,783,496  3.73M/s  eta 4s      88% [=================================>     ] 72,760,244  3.96M/s  eta 4s      88% [=================================>     ] 73,408,512  3.84M/s  eta 2s      90% [==================================>    ] 74,655,700  3.86M/s  eta 2s      91% [==================================>    ] 75,657,122  3.77M/s  eta 2s      93% [===================================>   ] 77,098,192  3.86M/s  eta 2s      94% [===================================>   ] 78,332,376  3.96M/s  eta 2s      96% [====================================>  ] 79,752,456  3.96M/s  eta 1s      98% [=====================================> ] 81,409,216  4.03M/s  eta 1s      99% [=====================================> ] 81,797,120  4.53M/s  eta 1s      100%[======================================>] 82,616,305  4.63M/s   in 18s     

2013-02-25 21:27:45 (4.26 MB/s) - `android-sdk_r20.0.3-linux.tgz' saved [82616305/82616305]

$ tar -zxf android-sdk_r20.0.3-linux.tgz
$ export ANDROID_HOME=~/builds/JakeWharton/ActionBarSherlock/android-sdk-linux
$ export PATH=${PATH}:${ANDROID_HOME}/tools:${ANDROID_HOME}/platform-tools
$ TOOLS=$(android list sdk --no-ui | grep "Android SDK Platform-tools" | cut -d"-" -f1)
/home/travis/build.sh: line 107: android: command not found
$ android update sdk --filter "$TOOLS" --no-ui --force
/home/travis/build.sh: line 110: android: command not found

The command "android update sdk --filter "$TOOLS" --no-ui --force" failed and exited with 127 during before_install.

Your build has been stopped.
