Using worker: bluebox-linux-1.worker.travis-ci.org:travis-linux-17

$ git clone --depth=100 --quiet git://github.com/JakeWharton/ActionBarSherlock.git JakeWharton/ActionBarSherlock
$ cd JakeWharton/ActionBarSherlock
$ git fetch origin +refs/pull/839/merge: 
remote: Counting objects: 755, done.[K
remote: Compressing objects:   0% (1/312)   [Kremote: Compressing objects:   1% (4/312)   [Kremote: Compressing objects:   2% (7/312)   [Kremote: Compressing objects:   3% (10/312)   [Kremote: Compressing objects:   4% (13/312)   [Kremote: Compressing objects:   5% (16/312)   [Kremote: Compressing objects:   6% (19/312)   [Kremote: Compressing objects:   7% (22/312)   [Kremote: Compressing objects:   8% (25/312)   [Kremote: Compressing objects:   9% (29/312)   [Kremote: Compressing objects:  10% (32/312)   [Kremote: Compressing objects:  11% (35/312)   [Kremote: Compressing objects:  12% (38/312)   [Kremote: Compressing objects:  13% (41/312)   [Kremote: Compressing objects:  14% (44/312)   [Kremote: Compressing objects:  15% (47/312)   [Kremote: Compressing objects:  16% (50/312)   [Kremote: Compressing objects:  17% (54/312)   [Kremote: Compressing objects:  18% (57/312)   [Kremote: Compressing objects:  19% (60/312)   [Kremote: Compressing objects:  20% (63/312)   [Kremote: Compressing objects:  21% (66/312)   [Kremote: Compressing objects:  22% (69/312)   [Kremote: Compressing objects:  23% (72/312)   [Kremote: Compressing objects:  24% (75/312)   [Kremote: Compressing objects:  25% (78/312)   [Kremote: Compressing objects:  26% (82/312)   [Kremote: Compressing objects:  27% (85/312)   [Kremote: Compressing objects:  28% (88/312)   [Kremote: Compressing objects:  29% (91/312)   [Kremote: Compressing objects:  30% (94/312)   [Kremote: Compressing objects:  31% (97/312)   [Kremote: Compressing objects:  32% (100/312)   [Kremote: Compressing objects:  33% (103/312)   [Kremote: Compressing objects:  34% (107/312)   [Kremote: Compressing objects:  35% (110/312)   [Kremote: Compressing objects:  36% (113/312)   [Kremote: Compressing objects:  37% (116/312)   [Kremote: Compressing objects:  38% (119/312)   [Kremote: Compressing objects:  39% (122/312)   [Kremote: Compressing objects:  40% (125/312)   [Kremote: Compressing objects:  41% (128/312)   [Kremote: Compressing objects:  42% (132/312)   [Kremote: Compressing objects:  43% (135/312)   [Kremote: Compressing objects:  44% (138/312)   [Kremote: Compressing objects:  45% (141/312)   [Kremote: Compressing objects:  46% (144/312)   [Kremote: Compressing objects:  47% (147/312)   [Kremote: Compressing objects:  48% (150/312)   [Kremote: Compressing objects:  49% (153/312)   [Kremote: Compressing objects:  50% (156/312)   [Kremote: Compressing objects:  51% (160/312)   [Kremote: Compressing objects:  52% (163/312)   [Kremote: Compressing objects:  53% (166/312)   [Kremote: Compressing objects:  54% (169/312)   [Kremote: Compressing objects:  55% (172/312)   [Kremote: Compressing objects:  56% (175/312)   [Kremote: Compressing objects:  57% (178/312)   [Kremote: Compressing objects:  58% (181/312)   [Kremote: Compressing objects:  59% (185/312)   [Kremote: Compressing objects:  60% (188/312)   [Kremote: Compressing objects:  61% (191/312)   [Kremote: Compressing objects:  62% (194/312)   [Kremote: Compressing objects:  63% (197/312)   [Kremote: Compressing objects:  64% (200/312)   [Kremote: Compressing objects:  65% (203/312)   [Kremote: Compressing objects:  66% (206/312)   [Kremote: Compressing objects:  67% (210/312)   [Kremote: Compressing objects:  68% (213/312)   [Kremote: Compressing objects:  69% (216/312)   [Kremote: Compressing objects:  70% (219/312)   [Kremote: Compressing objects:  71% (222/312)   [Kremote: Compressing objects:  72% (225/312)   [Kremote: Compressing objects:  73% (228/312)   [Kremote: Compressing objects:  74% (231/312)   [Kremote: Compressing objects:  75% (234/312)   [Kremote: Compressing objects:  76% (238/312)   [Kremote: Compressing objects:  77% (241/312)   [Kremote: Compressing objects:  78% (244/312)   [Kremote: Compressing objects:  79% (247/312)   [Kremote: Compressing objects:  80% (250/312)   [Kremote: Compressing objects:  81% (253/312)   [Kremote: Compressing objects:  82% (256/312)   [Kremote: Compressing objects:  83% (259/312)   [Kremote: Compressing objects:  84% (263/312)   [Kremote: Compressing objects:  85% (266/312)   [Kremote: Compressing objects:  86% (269/312)   [Kremote: Compressing objects:  87% (272/312)   [Kremote: Compressing objects:  88% (275/312)   [Kremote: Compressing objects:  89% (278/312)   [Kremote: Compressing objects:  90% (281/312)   [Kremote: Compressing objects:  91% (284/312)   [Kremote: Compressing objects:  92% (288/312)   [Kremote: Compressing objects:  93% (291/312)   [Kremote: Compressing objects:  94% (294/312)   [Kremote: Compressing objects:  95% (297/312)   [Kremote: Compressing objects:  96% (300/312)   [Kremote: Compressing objects:  97% (303/312)   [Kremote: Compressing objects:  98% (306/312)   [Kremote: Compressing objects:  99% (309/312)   [Kremote: Compressing objects: 100% (312/312)   [Kremote: Compressing objects: 100% (312/312), done.[K
Receiving objects:   0% (1/739)   Receiving objects:   1% (8/739)   Receiving objects:   2% (15/739)   Receiving objects:   3% (23/739)   Receiving objects:   4% (30/739)   Receiving objects:   5% (37/739)   Receiving objects:   6% (45/739)   Receiving objects:   7% (52/739)   Receiving objects:   8% (60/739)   Receiving objects:   9% (67/739)   Receiving objects:  10% (74/739)   Receiving objects:  11% (82/739)   Receiving objects:  12% (89/739)   Receiving objects:  13% (97/739)   Receiving objects:  14% (104/739)   Receiving objects:  15% (111/739)   Receiving objects:  16% (119/739)   Receiving objects:  17% (126/739)   Receiving objects:  18% (134/739)   Receiving objects:  19% (141/739)   Receiving objects:  20% (148/739)   Receiving objects:  21% (156/739)   Receiving objects:  22% (163/739)   Receiving objects:  23% (170/739)   Receiving objects:  24% (178/739)   Receiving objects:  25% (185/739)   Receiving objects:  26% (193/739)   Receiving objects:  27% (200/739)   Receiving objects:  28% (207/739)   Receiving objects:  29% (215/739)   Receiving objects:  30% (222/739)   Receiving objects:  31% (230/739)   Receiving objects:  32% (237/739)   Receiving objects:  33% (244/739)   Receiving objects:  34% (252/739)   Receiving objects:  35% (259/739)   Receiving objects:  36% (267/739)   Receiving objects:  37% (274/739)   Receiving objects:  38% (281/739)   Receiving objects:  39% (289/739)   Receiving objects:  40% (296/739)   Receiving objects:  41% (303/739)   Receiving objects:  42% (311/739)   Receiving objects:  43% (318/739)   Receiving objects:  44% (326/739)   Receiving objects:  45% (333/739)   Receiving objects:  46% (340/739)   Receiving objects:  47% (348/739)   Receiving objects:  48% (355/739)   Receiving objects:  49% (363/739)   Receiving objects:  50% (370/739)   Receiving objects:  51% (377/739)   Receiving objects:  52% (385/739)   Receiving objects:  53% (392/739)   Receiving objects:  54% (400/739)   Receiving objects:  55% (407/739)   Receiving objects:  56% (414/739)   Receiving objects:  57% (422/739)   Receiving objects:  58% (429/739)   Receiving objects:  59% (437/739)   Receiving objects:  60% (444/739)   Receiving objects:  61% (451/739)   Receiving objects:  62% (459/739)   remote: Total 739 (delta 397), reused 597 (delta 296)[K
Receiving objects:  63% (466/739)   Receiving objects:  64% (473/739)   Receiving objects:  65% (481/739)   Receiving objects:  66% (488/739)   Receiving objects:  67% (496/739)   Receiving objects:  68% (503/739)   Receiving objects:  69% (510/739)   Receiving objects:  70% (518/739)   Receiving objects:  71% (525/739)   Receiving objects:  72% (533/739)   Receiving objects:  73% (540/739)   Receiving objects:  74% (547/739)   Receiving objects:  75% (555/739)   Receiving objects:  76% (562/739)   Receiving objects:  77% (570/739)   Receiving objects:  78% (577/739)   Receiving objects:  79% (584/739)   Receiving objects:  80% (592/739)   Receiving objects:  81% (599/739)   Receiving objects:  82% (606/739)   Receiving objects:  83% (614/739)   Receiving objects:  84% (621/739)   Receiving objects:  85% (629/739)   Receiving objects:  86% (636/739)   Receiving objects:  87% (643/739)   Receiving objects:  88% (651/739)   Receiving objects:  89% (658/739)   Receiving objects:  90% (666/739)   Receiving objects:  91% (673/739)   Receiving objects:  92% (680/739)   Receiving objects:  93% (688/739)   Receiving objects:  94% (695/739)   Receiving objects:  95% (703/739)   Receiving objects:  96% (710/739)   Receiving objects:  97% (717/739)   Receiving objects:  98% (725/739)   Receiving objects:  99% (732/739)   Receiving objects: 100% (739/739)   Receiving objects: 100% (739/739), 225.22 KiB, done.
Resolving deltas:   0% (0/397)   Resolving deltas:   2% (8/397)   Resolving deltas:   3% (13/397)   Resolving deltas:   5% (23/397)   Resolving deltas:   8% (32/397)   Resolving deltas:   9% (36/397)   Resolving deltas:  11% (45/397)   Resolving deltas:  14% (58/397)   Resolving deltas:  16% (64/397)   Resolving deltas:  17% (71/397)   Resolving deltas:  21% (86/397)   Resolving deltas:  22% (91/397)   Resolving deltas:  26% (104/397)   Resolving deltas:  27% (111/397)   Resolving deltas:  28% (112/397)   Resolving deltas:  30% (121/397)   Resolving deltas:  32% (131/397)   Resolving deltas:  34% (138/397)   Resolving deltas:  35% (139/397)   Resolving deltas:  37% (148/397)   Resolving deltas:  44% (178/397)   Resolving deltas:  45% (179/397)   Resolving deltas:  46% (183/397)   Resolving deltas:  47% (189/397)   Resolving deltas:  48% (192/397)   Resolving deltas:  49% (195/397)   Resolving deltas:  52% (207/397)   Resolving deltas:  53% (214/397)   Resolving deltas:  55% (219/397)   Resolving deltas:  56% (224/397)   Resolving deltas:  57% (227/397)   Resolving deltas:  59% (237/397)   Resolving deltas:  62% (248/397)   Resolving deltas:  63% (254/397)   Resolving deltas:  65% (260/397)   Resolving deltas:  67% (267/397)   Resolving deltas:  68% (270/397)   Resolving deltas:  69% (274/397)   Resolving deltas:  70% (278/397)   Resolving deltas:  72% (286/397)   Resolving deltas:  74% (295/397)   Resolving deltas:  75% (301/397)   Resolving deltas:  76% (302/397)   Resolving deltas:  77% (309/397)   Resolving deltas:  78% (310/397)   Resolving deltas:  79% (314/397)   Resolving deltas:  85% (341/397)   Resolving deltas:  88% (352/397)   Resolving deltas:  90% (359/397)   Resolving deltas:  91% (365/397)   Resolving deltas:  93% (372/397)   Resolving deltas:  97% (389/397)   Resolving deltas:  99% (396/397)   Resolving deltas: 100% (397/397)   Resolving deltas: 100% (397/397), completed with 11 local objects.
From git://github.com/JakeWharton/ActionBarSherlock
 * branch            refs/pull/839/merge -> FETCH_HEAD
$ git checkout -qf FETCH_HEAD
$ java -version
java version "1.7.0_09"
OpenJDK Runtime Environment (IcedTea7 2.3.4) (7u9-2.3.4-0ubuntu1.12.04.1)
OpenJDK 64-Bit Server VM (build 23.2-b09, mixed mode)
$ javac -version
javac 1.7.0_09
$ wget http://dl.google.com/android/android-sdk_r20.0.3-linux.tgz
--2013-02-25 21:36:19--  http://dl.google.com/android/android-sdk_r20.0.3-linux.tgz
Resolving dl.google.com (dl.google.com)... 2607:f8b0:400d:c02::5d, 173.194.74.91, 173.194.74.93, ...
Connecting to dl.google.com (dl.google.com)|2607:f8b0:400d:c02::5d|:80... connected.
HTTP request sent, awaiting response... 200 OK
Length: 82616305 (79M) [application/x-tar]
Saving to: `android-sdk_r20.0.3-linux.tgz'

 0% [                                       ] 0           --.-K/s               0% [                                       ] 8,192       31.6K/s               0% [                                       ] 690,172     1.40M/s               2% [                                       ] 1,751,572   2.28M/s               2% [>                                      ] 2,176,660   1.87M/s               5% [=>                                     ] 4,658,432   3.29M/s               7% [==>                                    ] 6,404,252   3.91M/s               9% [==>                                    ] 7,802,372   4.22M/s              10% [===>                                   ] 8,857,378   4.29M/s              12% [===>                                   ] 10,187,178  4.40M/s              13% [====>                                  ] 11,304,420  4.47M/s              15% [====>                                  ] 12,678,944  4.63M/s              17% [=====>                                 ] 14,075,844  4.71M/s              18% [======>                                ] 15,651,224  4.88M/s  eta 13s     20% [======>                                ] 16,785,408  4.77M/s  eta 13s     21% [=======>                               ] 17,856,438  4.62M/s  eta 13s     24% [========>                              ] 19,992,006  5.20M/s  eta 13s     25% [========>                              ] 20,971,520  4.28M/s  eta 15s     25% [========>                              ] 20,979,712  3.90M/s  eta 15s     27% [=========>                             ] 22,312,208  3.99M/s  eta 15s     27% [=========>                             ] 23,076,864  3.56M/s  eta 16s     29% [==========>                            ] 24,378,402  3.53M/s  eta 16s     31% [===========>                           ] 25,645,934  3.53M/s  eta 16s     33% [===========>                           ] 27,397,682  3.63M/s  eta 16s     34% [============>                          ] 28,784,474  3.64M/s  eta 16s     35% [============>                          ] 29,368,320  3.58M/s  eta 13s     36% [=============>                         ] 30,520,040  3.50M/s  eta 13s     38% [=============>                         ] 31,457,280  3.08M/s  eta 14s     38% [=============>                         ] 31,465,472  2.71M/s  eta 14s     39% [==============>                        ] 33,013,280  2.76M/s  eta 14s     40% [==============>                        ] 33,562,624  2.68M/s  eta 14s     42% [===============>                       ] 35,394,048  2.75M/s  eta 14s     43% [===============>                       ] 35,651,584  2.44M/s  eta 14s     43% [===============>                       ] 35,659,776  2.20M/s  eta 14s     45% [================>                      ] 37,216,834  2.22M/s  eta 14s     46% [=================>                     ] 38,580,486  2.04M/s  eta 15s     47% [=================>                     ] 39,310,172  2.00M/s  eta 15s     48% [=================>                     ] 39,893,612  2.31M/s  eta 15s     50% [==================>                    ] 41,936,762  2.47M/s  eta 15s     52% [===================>                   ] 43,424,940  2.62M/s  eta 15s     54% [====================>                  ] 45,018,472  2.67M/s  eta 12s     56% [====================>                  ] 46,489,792  2.56M/s  eta 12s     58% [=====================>                 ] 48,234,220  2.61M/s  eta 12s     60% [======================>                ] 49,969,060  2.66M/s  eta 12s     62% [=======================>               ] 51,630,018  2.77M/s  eta 9s      64% [========================>              ] 53,592,330  2.86M/s  eta 9s      66% [=========================>             ] 55,163,632  3.47M/s  eta 9s      68% [=========================>             ] 56,631,296  3.62M/s  eta 9s      70% [==========================>            ] 58,604,044  3.71M/s  eta 9s      72% [===========================>           ] 59,539,104  4.78M/s  eta 6s      74% [============================>          ] 61,641,238  4.94M/s  eta 6s      75% [============================>          ] 62,424,478  5.89M/s  eta 6s      77% [=============================>         ] 64,275,850  6.04M/s  eta 6s      79% [==============================>        ] 65,848,430  6.19M/s  eta 6s      81% [==============================>        ] 67,117,056  6.02M/s  eta 4s      83% [===============================>       ] 68,674,704  6.17M/s  eta 4s      85% [================================>      ] 70,568,144  6.27M/s  eta 4s      86% [================================>      ] 71,858,904  6.29M/s  eta 4s      89% [=================================>     ] 73,735,264  6.42M/s  eta 4s      91% [==================================>    ] 75,245,624  6.43M/s  eta 2s      93% [===================================>   ] 76,841,384  6.48M/s  eta 2s      93% [===================================>   ] 77,602,816  6.08M/s  eta 2s      96% [====================================>  ] 79,522,084  6.40M/s  eta 2s      97% [=====================================> ] 80,688,626  6.31M/s  eta 2s      98% [=====================================> ] 81,660,098  6.09M/s  eta 0s      100%[======================================>] 82,616,305  6.36M/s   in 20s     

2013-02-25 21:36:39 (4.01 MB/s) - `android-sdk_r20.0.3-linux.tgz' saved [82616305/82616305]

$ tar -zxf android-sdk_r20.0.3-linux.tgz
$ export ANDROID_HOME=~/builds/JakeWharton/ActionBarSherlock/android-sdk-linux
$ export PATH=${PATH}:${ANDROID_HOME}/tools:${ANDROID_HOME}/platform-tools
$ TOOLS=$(android list sdk --no-ui | grep "Android SDK Platform-tools" | cut -d"-" -f1)
/home/travis/build.sh: line 107: android: command not found
$ android update sdk --filter "$TOOLS" --no-ui --force
/home/travis/build.sh: line 110: android: command not found

The command "android update sdk --filter "$TOOLS" --no-ui --force" failed and exited with 127 during before_install.

Your build has been stopped.
