Using worker: bluebox-jvm-otp.worker.travis-ci.org:travis-jvm-1

$ git clone --depth=100 --quiet git://github.com/square/retrofit.git square/retrofit
$ cd square/retrofit
$ git fetch origin +refs/pull/136/merge: 
remote: Counting objects: 91, done.[K
remote: Compressing objects:   3% (1/29)   [Kremote: Compressing objects:   6% (2/29)   [Kremote: Compressing objects:  10% (3/29)   [Kremote: Compressing objects:  13% (4/29)   [Kremote: Compressing objects:  17% (5/29)   [Kremote: Compressing objects:  20% (6/29)   [Kremote: Compressing objects:  24% (7/29)   [Kremote: Compressing objects:  27% (8/29)   [Kremote: Compressing objects:  31% (9/29)   [Kremote: Compressing objects:  34% (10/29)   [Kremote: Compressing objects:  37% (11/29)   [Kremote: Compressing objects:  41% (12/29)   [Kremote: Compressing objects:  44% (13/29)   [Kremote: Compressing objects:  48% (14/29)   [Kremote: Compressing objects:  51% (15/29)   [Kremote: Compressing objects:  55% (16/29)   [Kremote: Compressing objects:  58% (17/29)   [Kremote: Compressing objects:  62% (18/29)   [Kremote: Compressing objects:  65% (19/29)   [Kremote: Compressing objects:  68% (20/29)   [Kremote: Compressing objects:  72% (21/29)   [Kremote: Compressing objects:  75% (22/29)   [Kremote: Compressing objects:  79% (23/29)   [Kremote: Compressing objects:  82% (24/29)   [Kremote: Compressing objects:  86% (25/29)   [Kremote: Compressing objects:  89% (26/29)   [Kremote: Compressing objects:  93% (27/29)   [Kremote: Compressing objects:  96% (28/29)   [Kremote: Compressing objects: 100% (29/29)   [Kremote: Compressing objects: 100% (29/29), done.[K
Unpacking objects:   1% (1/54)   Unpacking objects:   3% (2/54)   Unpacking objects:   5% (3/54)   Unpacking objects:   7% (4/54)   Unpacking objects:   9% (5/54)   Unpacking objects:  11% (6/54)   Unpacking objects:  12% (7/54)   Unpacking objects:  14% (8/54)   Unpacking objects:  16% (9/54)   Unpacking objects:  18% (10/54)   Unpacking objects:  20% (11/54)   Unpacking objects:  22% (12/54)   Unpacking objects:  24% (13/54)   Unpacking objects:  25% (14/54)   Unpacking objects:  27% (15/54)   Unpacking objects:  29% (16/54)   Unpacking objects:  31% (17/54)   Unpacking objects:  33% (18/54)   Unpacking objects:  35% (19/54)   Unpacking objects:  37% (20/54)   Unpacking objects:  38% (21/54)   Unpacking objects:  40% (22/54)   Unpacking objects:  42% (23/54)   Unpacking objects:  44% (24/54)   Unpacking objects:  46% (25/54)   Unpacking objects:  48% (26/54)   Unpacking objects:  50% (27/54)   Unpacking objects:  51% (28/54)   Unpacking objects:  53% (29/54)   Unpacking objects:  55% (30/54)   Unpacking objects:  57% (31/54)   Unpacking objects:  59% (32/54)   Unpacking objects:  61% (33/54)   Unpacking objects:  62% (34/54)   Unpacking objects:  64% (35/54)   Unpacking objects:  66% (36/54)   Unpacking objects:  68% (37/54)   Unpacking objects:  70% (38/54)   Unpacking objects:  72% (39/54)   Unpacking objects:  74% (40/54)   Unpacking objects:  75% (41/54)   Unpacking objects:  77% (42/54)   Unpacking objects:  79% (43/54)   Unpacking objects:  81% (44/54)   Unpacking objects:  83% (45/54)   Unpacking objects:  85% (46/54)   Unpacking objects:  87% (47/54)   Unpacking objects:  88% (48/54)   Unpacking objects:  90% (49/54)   Unpacking objects:  92% (50/54)   Unpacking objects:  94% (51/54)   Unpacking objects:  96% (52/54)   Unpacking objects:  98% (53/54)   remote: Total 54 (delta 19), reused 45 (delta 13)[K
Unpacking objects: 100% (54/54)   Unpacking objects: 100% (54/54), done.
From git://github.com/square/retrofit
 * branch            refs/pull/136/merge -> FETCH_HEAD
$ git checkout -qf d6559ccfd70ac7a0bc00b65ba362bc2b66696c01
$ java -version
java version "1.7.0_09"
OpenJDK Runtime Environment (IcedTea7 2.3.4) (7u9-2.3.4-0ubuntu1.12.04.1)
OpenJDK 64-Bit Server VM (build 23.2-b09, mixed mode)
$ javac -version
javac 1.7.0_09
$ mvn install --quiet -DskipTests=true
[ERROR] Failed to execute goal org.apache.maven.plugins:maven-checkstyle-plugin:2.9.1:checkstyle (default) on project retrofit: An error has occurred in Checkstyle report generation. Failed during checkstyle execution: There are 2 checkstyle errors. -> [Help 1]
[ERROR] 
[ERROR] To see the full stack trace of the errors, re-run Maven with the -e switch.
[ERROR] Re-run Maven using the -X switch to enable full debug logging.
[ERROR] 
[ERROR] For more information about the errors and possible solutions, please read the following articles:
[ERROR] [Help 1] http://cwiki.apache.org/confluence/display/MAVEN/MojoExecutionException
[ERROR] 
[ERROR] After correcting the problems, you can resume the build with the command
[ERROR]   mvn <goals> -rf :retrofit
\nThe command "mvn install --quiet -DskipTests=true" failed and exited with 1 during install.\n\nYour build has been stopped.
