Using worker: bluebox-jvm-otp.worker.travis-ci.org:travis-jvm-4

$ git clone --depth=100 --quiet git://github.com/square/retrofit.git square/retrofit
$ cd square/retrofit
$ git fetch origin +refs/pull/136/merge: 
remote: Counting objects: 117, done.[K
remote: Compressing objects:   2% (1/36)   [Kremote: Compressing objects:   5% (2/36)   [Kremote: Compressing objects:   8% (3/36)   [Kremote: Compressing objects:  11% (4/36)   [Kremote: Compressing objects:  13% (5/36)   [Kremote: Compressing objects:  16% (6/36)   [Kremote: Compressing objects:  19% (7/36)   [Kremote: Compressing objects:  22% (8/36)   [Kremote: Compressing objects:  25% (9/36)   [Kremote: Compressing objects:  27% (10/36)   [Kremote: Compressing objects:  30% (11/36)   [Kremote: Compressing objects:  33% (12/36)   [Kremote: Compressing objects:  36% (13/36)   [Kremote: Compressing objects:  38% (14/36)   [Kremote: Compressing objects:  41% (15/36)   [Kremote: Compressing objects:  44% (16/36)   [Kremote: Compressing objects:  47% (17/36)   [Kremote: Compressing objects:  50% (18/36)   [Kremote: Compressing objects:  52% (19/36)   [Kremote: Compressing objects:  55% (20/36)   [Kremote: Compressing objects:  58% (21/36)   [Kremote: Compressing objects:  61% (22/36)   [Kremote: Compressing objects:  63% (23/36)   [Kremote: Compressing objects:  66% (24/36)   [Kremote: Compressing objects:  69% (25/36)   [Kremote: Compressing objects:  72% (26/36)   [Kremote: Compressing objects:  75% (27/36)   [Kremote: Compressing objects:  77% (28/36)   [Kremote: Compressing objects:  80% (29/36)   [Kremote: Compressing objects:  83% (30/36)   [Kremote: Compressing objects:  86% (31/36)   [Kremote: Compressing objects:  88% (32/36)   [Kremote: Compressing objects:  91% (33/36)   [Kremote: Compressing objects:  94% (34/36)   [Kremote: Compressing objects:  97% (35/36)   [Kremote: Compressing objects: 100% (36/36)   [Kremote: Compressing objects: 100% (36/36), done.[K
remote: Total 80 (delta 35), reused 70 (delta 28)[K
Unpacking objects:   1% (1/80)   Unpacking objects:   2% (2/80)   Unpacking objects:   3% (3/80)   Unpacking objects:   5% (4/80)   Unpacking objects:   6% (5/80)   Unpacking objects:   7% (6/80)   Unpacking objects:   8% (7/80)   Unpacking objects:  10% (8/80)   Unpacking objects:  11% (9/80)   Unpacking objects:  12% (10/80)   Unpacking objects:  13% (11/80)   Unpacking objects:  15% (12/80)   Unpacking objects:  16% (13/80)   Unpacking objects:  17% (14/80)   Unpacking objects:  18% (15/80)   Unpacking objects:  20% (16/80)   Unpacking objects:  21% (17/80)   Unpacking objects:  22% (18/80)   Unpacking objects:  23% (19/80)   Unpacking objects:  25% (20/80)   Unpacking objects:  26% (21/80)   Unpacking objects:  27% (22/80)   Unpacking objects:  28% (23/80)   Unpacking objects:  30% (24/80)   Unpacking objects:  31% (25/80)   Unpacking objects:  32% (26/80)   Unpacking objects:  33% (27/80)   Unpacking objects:  35% (28/80)   Unpacking objects:  36% (29/80)   Unpacking objects:  37% (30/80)   Unpacking objects:  38% (31/80)   Unpacking objects:  40% (32/80)   Unpacking objects:  41% (33/80)   Unpacking objects:  42% (34/80)   Unpacking objects:  43% (35/80)   Unpacking objects:  45% (36/80)   Unpacking objects:  46% (37/80)   Unpacking objects:  47% (38/80)   Unpacking objects:  48% (39/80)   Unpacking objects:  50% (40/80)   Unpacking objects:  51% (41/80)   Unpacking objects:  52% (42/80)   Unpacking objects:  53% (43/80)   Unpacking objects:  55% (44/80)   Unpacking objects:  56% (45/80)   Unpacking objects:  57% (46/80)   Unpacking objects:  58% (47/80)   Unpacking objects:  60% (48/80)   Unpacking objects:  61% (49/80)   Unpacking objects:  62% (50/80)   Unpacking objects:  63% (51/80)   Unpacking objects:  65% (52/80)   Unpacking objects:  66% (53/80)   Unpacking objects:  67% (54/80)   Unpacking objects:  68% (55/80)   Unpacking objects:  70% (56/80)   Unpacking objects:  71% (57/80)   Unpacking objects:  72% (58/80)   Unpacking objects:  73% (59/80)   Unpacking objects:  75% (60/80)   Unpacking objects:  76% (61/80)   Unpacking objects:  77% (62/80)   Unpacking objects:  78% (63/80)   Unpacking objects:  80% (64/80)   Unpacking objects:  81% (65/80)   Unpacking objects:  82% (66/80)   Unpacking objects:  83% (67/80)   Unpacking objects:  85% (68/80)   Unpacking objects:  86% (69/80)   Unpacking objects:  87% (70/80)   Unpacking objects:  88% (71/80)   Unpacking objects:  90% (72/80)   Unpacking objects:  91% (73/80)   Unpacking objects:  92% (74/80)   Unpacking objects:  93% (75/80)   Unpacking objects:  95% (76/80)   Unpacking objects:  96% (77/80)   Unpacking objects:  97% (78/80)   Unpacking objects:  98% (79/80)   Unpacking objects: 100% (80/80)   Unpacking objects: 100% (80/80), done.
From git://github.com/square/retrofit
 * branch            refs/pull/136/merge -> FETCH_HEAD
$ git checkout -qf abd8da8bb2dd672375364d08ab32281fe0d69daa
$ java -version
java version "1.7.0_09"
OpenJDK Runtime Environment (IcedTea7 2.3.4) (7u9-2.3.4-0ubuntu1.12.04.1)
OpenJDK 64-Bit Server VM (build 23.2-b09, mixed mode)
$ javac -version
javac 1.7.0_09
$ mvn install --quiet -DskipTests=true
[ERROR] Failed to execute goal org.apache.maven.plugins:maven-checkstyle-plugin:2.9.1:checkstyle (default) on project retrofit: An error has occurred in Checkstyle report generation. Failed during checkstyle execution: There are 1 checkstyle errors. -> [Help 1]
[ERROR] 
[ERROR] To see the full stack trace of the errors, re-run Maven with the -e switch.
[ERROR] Re-run Maven using the -X switch to enable full debug logging.
[ERROR] 
[ERROR] For more information about the errors and possible solutions, please read the following articles:
[ERROR] [Help 1] http://cwiki.apache.org/confluence/display/MAVEN/MojoExecutionException
[ERROR] 
[ERROR] After correcting the problems, you can resume the build with the command
[ERROR]   mvn <goals> -rf :retrofit
\nThe command "mvn install --quiet -DskipTests=true" failed and exited with 1 during install.\n\nYour build has been stopped.
