Using worker: bluebox-linux-4.worker.travis-ci.org:travis-linux-21

$ git clone --depth=100 --quiet git://github.com/square/retrofit.git square/retrofit
cd square/retrofit
$ git fetch origin +refs/pull/164/merge: 
remote: Counting objects: 33, done.[K
remote: Compressing objects:  20% (1/5)   [Kremote: Compressing objects:  40% (2/5)   [Kremote: Compressing objects:  60% (3/5)   [Kremote: Compressing objects:  80% (4/5)   [Kremote: Compressing objects: 100% (5/5)   [Kremote: Compressing objects: 100% (5/5), done.[K
remote: Total 18 (delta 7), reused 18 (delta 7)[K
Unpacking objects:   5% (1/18)   Unpacking objects:  11% (2/18)   Unpacking objects:  16% (3/18)   Unpacking objects:  22% (4/18)   Unpacking objects:  27% (5/18)   Unpacking objects:  33% (6/18)   Unpacking objects:  38% (7/18)   Unpacking objects:  44% (8/18)   Unpacking objects:  50% (9/18)   Unpacking objects:  55% (10/18)   Unpacking objects:  61% (11/18)   Unpacking objects:  66% (12/18)   Unpacking objects:  72% (13/18)   Unpacking objects:  77% (14/18)   Unpacking objects:  83% (15/18)   Unpacking objects:  88% (16/18)   Unpacking objects:  94% (17/18)   Unpacking objects: 100% (18/18)   Unpacking objects: 100% (18/18), done.
From git://github.com/square/retrofit
 * branch            refs/pull/164/merge -> FETCH_HEAD
$ git checkout -qf FETCH_HEAD
$ java -version
java version "1.7.0_09"
OpenJDK Runtime Environment (IcedTea7 2.3.4) (7u9-2.3.4-0ubuntu1.12.04.1)
OpenJDK 64-Bit Server VM (build 23.2-b09, mixed mode)
$ javac -version
javac 1.7.0_09
$ mvn install --quiet -DskipTests=true
$ mvn test
[INFO] Scanning for projects...
[INFO] ------------------------------------------------------------------------
[INFO] Reactor Build Order:
[INFO] 
[INFO] Retrofit (Parent)
[INFO] Retrofit
[INFO] Samples
[INFO] Sample: Twitter Client
[INFO]                                                                         
[INFO] ------------------------------------------------------------------------
[INFO] Building Retrofit (Parent) 1.0.0-SNAPSHOT
[INFO] ------------------------------------------------------------------------
[INFO] 
[INFO] --- maven-enforcer-plugin:1.0:enforce (enforce-maven) @ parent ---
[INFO]                                                                         
[INFO] ------------------------------------------------------------------------
[INFO] Building Retrofit 1.0.0-SNAPSHOT
[INFO] ------------------------------------------------------------------------
[INFO] 
[INFO] --- maven-enforcer-plugin:1.0:enforce (enforce-maven) @ retrofit ---
[INFO] 
[INFO] --- maven-resources-plugin:2.3:resources (default-resources) @ retrofit ---
[INFO] Using 'UTF-8' encoding to copy filtered resources.
[INFO] skip non existing resourceDirectory /home/travis/build/square/retrofit/retrofit/src/main/resources
[INFO] 
[INFO] --- maven-compiler-plugin:3.0:compile (default-compile) @ retrofit ---
[INFO] Changes detected - recompiling the module!
[INFO] Compiling 41 source files to /home/travis/build/square/retrofit/retrofit/target/classes
[WARNING] /home/travis/build/square/retrofit/retrofit/src/main/java/retrofit/http/RestAdapter.java: /home/travis/build/square/retrofit/retrofit/src/main/java/retrofit/http/RestAdapter.java uses unchecked or unsafe operations.
[WARNING] /home/travis/build/square/retrofit/retrofit/src/main/java/retrofit/http/RestAdapter.java: Recompile with -Xlint:unchecked for details.
[INFO] 
[INFO] --- maven-resources-plugin:2.3:testResources (default-testResources) @ retrofit ---
[INFO] Using 'UTF-8' encoding to copy filtered resources.
[INFO] skip non existing resourceDirectory /home/travis/build/square/retrofit/retrofit/src/test/resources
[INFO] 
[INFO] --- maven-compiler-plugin:3.0:testCompile (default-testCompile) @ retrofit ---
[INFO] Changes detected - recompiling the module!
[INFO] Compiling 11 source files to /home/travis/build/square/retrofit/retrofit/target/test-classes
[WARNING] /home/travis/build/square/retrofit/retrofit/src/test/java/retrofit/http/CallbackRunnableTest.java: Some input files use unchecked or unsafe operations.
[WARNING] /home/travis/build/square/retrofit/retrofit/src/test/java/retrofit/http/CallbackRunnableTest.java: Recompile with -Xlint:unchecked for details.
[INFO] 
[INFO] --- maven-surefire-plugin:2.10:test (default-test) @ retrofit ---
[INFO] Surefire report directory: /home/travis/build/square/retrofit/retrofit/target/surefire-reports
Downloading: http://maven.mirrors.travis-ci.org/nexus/content/repositories/central/org/apache/maven/surefire/surefire-junit4/2.10/surefire-junit4-2.10.pom
3/3 KB            Downloaded: http://maven.mirrors.travis-ci.org/nexus/content/repositories/central/org/apache/maven/surefire/surefire-junit4/2.10/surefire-junit4-2.10.pom (3 KB at 1.5 KB/sec)
Downloading: http://maven.mirrors.travis-ci.org/nexus/content/repositories/central/org/apache/maven/surefire/surefire-providers/2.10/surefire-providers-2.10.pom
3/3 KB            Downloaded: http://maven.mirrors.travis-ci.org/nexus/content/repositories/central/org/apache/maven/surefire/surefire-providers/2.10/surefire-providers-2.10.pom (3 KB at 5.1 KB/sec)
Downloading: http://maven.mirrors.travis-ci.org/nexus/content/repositories/central/org/apache/maven/surefire/surefire-junit4/2.10/surefire-junit4-2.10.jar
4/33 KB   8/33 KB   9/33 KB   10/33 KB   14/33 KB   18/33 KB   22/33 KB   26/33 KB   27/33 KB   31/33 KB   33/33 KB              Downloaded: http://maven.mirrors.travis-ci.org/nexus/content/repositories/central/org/apache/maven/surefire/surefire-junit4/2.10/surefire-junit4-2.10.jar (33 KB at 45.5 KB/sec)

-------------------------------------------------------
 T E S T S
-------------------------------------------------------
Running retrofit.http.client.UrlConnectionClientTest
Tests run: 7, Failures: 0, Errors: 0, Skipped: 0, Time elapsed: 0.214 sec
Running retrofit.http.client.ApacheClientTest
Tests run: 6, Failures: 0, Errors: 0, Skipped: 0, Time elapsed: 0.058 sec
Running retrofit.http.RequestBuilderTest
Tests run: 16, Failures: 0, Errors: 0, Skipped: 0, Time elapsed: 0.548 sec
Running retrofit.http.mime.TypedByteArrayTest
Tests run: 1, Failures: 0, Errors: 0, Skipped: 0, Time elapsed: 0 sec
Running retrofit.http.mime.TypedFileTest
Tests run: 3, Failures: 0, Errors: 0, Skipped: 0, Time elapsed: 0.01 sec
Running retrofit.http.CallbackRunnableTest
Tests run: 2, Failures: 0, Errors: 0, Skipped: 0, Time elapsed: 0.111 sec
Running retrofit.http.RestAdapterTest
Tests run: 10, Failures: 0, Errors: 0, Skipped: 0, Time elapsed: 0.14 sec
Running retrofit.http.RestMethodInfoTest
Tests run: 50, Failures: 0, Errors: 0, Skipped: 1, Time elapsed: 0.272 sec
Running retrofit.http.UtilsTest
Tests run: 1, Failures: 0, Errors: 0, Skipped: 0, Time elapsed: 0.001 sec

Results :

Tests run: 96, Failures: 0, Errors: 0, Skipped: 1

[INFO]                                                                         
[INFO] ------------------------------------------------------------------------
[INFO] Building Samples 1.0.0-SNAPSHOT
[INFO] ------------------------------------------------------------------------
[INFO] 
[INFO] --- maven-enforcer-plugin:1.0:enforce (enforce-maven) @ samples ---
[INFO]                                                                         
[INFO] ------------------------------------------------------------------------
[INFO] Building Sample: Twitter Client 1.0.0-SNAPSHOT
[INFO] ------------------------------------------------------------------------
[INFO] 
[INFO] --- maven-enforcer-plugin:1.0:enforce (enforce-maven) @ sample-twitter-client ---
[INFO] 
[INFO] --- maven-resources-plugin:2.3:resources (default-resources) @ sample-twitter-client ---
[INFO] Using 'UTF-8' encoding to copy filtered resources.
[INFO] skip non existing resourceDirectory /home/travis/build/square/retrofit/samples/twitter-client/src/main/resources
[INFO] 
[INFO] --- maven-compiler-plugin:3.0:compile (default-compile) @ sample-twitter-client ---
[INFO] Changes detected - recompiling the module!
[INFO] Compiling 1 source file to /home/travis/build/square/retrofit/samples/twitter-client/target/classes
[INFO] 
[INFO] --- maven-resources-plugin:2.3:testResources (default-testResources) @ sample-twitter-client ---
[INFO] Using 'UTF-8' encoding to copy filtered resources.
[INFO] skip non existing resourceDirectory /home/travis/build/square/retrofit/samples/twitter-client/src/test/resources
[INFO] 
[INFO] --- maven-compiler-plugin:3.0:testCompile (default-testCompile) @ sample-twitter-client ---
[INFO] No sources to compile
[INFO] 
[INFO] --- maven-surefire-plugin:2.10:test (default-test) @ sample-twitter-client ---
[INFO] No tests to run.
[INFO] Surefire report directory: /home/travis/build/square/retrofit/samples/twitter-client/target/surefire-reports
Downloading: http://maven.mirrors.travis-ci.org/nexus/content/repositories/central/org/apache/maven/surefire/surefire-junit3/2.10/surefire-junit3-2.10.pom
2/2 KB              Downloaded: http://maven.mirrors.travis-ci.org/nexus/content/repositories/central/org/apache/maven/surefire/surefire-junit3/2.10/surefire-junit3-2.10.pom (2 KB at 5.3 KB/sec)
Downloading: http://maven.mirrors.travis-ci.org/nexus/content/repositories/central/org/apache/maven/surefire/surefire-junit3/2.10/surefire-junit3-2.10.jar
4/26 KB   8/26 KB   9/26 KB   10/26 KB   14/26 KB   18/26 KB   22/26 KB   26/26 KB   26/26 KB              Downloaded: http://maven.mirrors.travis-ci.org/nexus/content/repositories/central/org/apache/maven/surefire/surefire-junit3/2.10/surefire-junit3-2.10.jar (26 KB at 43.0 KB/sec)

-------------------------------------------------------
 T E S T S
-------------------------------------------------------

Results :

Tests run: 0, Failures: 0, Errors: 0, Skipped: 0

[INFO] ------------------------------------------------------------------------
[INFO] Reactor Summary:
[INFO] 
[INFO] Retrofit (Parent) ................................. SUCCESS [1.325s]
[INFO] Retrofit .......................................... SUCCESS [11.477s]
[INFO] Samples ........................................... SUCCESS [0.005s]
[INFO] Sample: Twitter Client ............................ SUCCESS [1.438s]
[INFO] ------------------------------------------------------------------------
[INFO] BUILD SUCCESS
[INFO] ------------------------------------------------------------------------
[INFO] Total time: 14.812s
[INFO] Finished at: Thu Mar 07 17:21:43 UTC 2013
[INFO] Final Memory: 18M/191M
[INFO] ------------------------------------------------------------------------

The command "mvn test" exited with 0.

Done. Your build exited with 0.
