Using worker: bluebox-linux-2.worker.travis-ci.org:travis-linux-4

$ git clone --depth=100 --quiet --branch=jw/remove-entity-annotation git://github.com/square/retrofit.git square/retrofit
cd square/retrofit
$ git checkout -qf 22ada11fb22ca417cc64e5d623a3b87c9d975279
$ java -version
java version "1.7.0_09"
OpenJDK Runtime Environment (IcedTea7 2.3.4) (7u9-2.3.4-0ubuntu1.12.04.1)
OpenJDK 64-Bit Server VM (build 23.2-b09, mixed mode)
$ javac -version
javac 1.7.0_09
$ mvn install --quiet -DskipTests=true
[ERROR] Failed to execute goal org.apache.maven.plugins:maven-checkstyle-plugin:2.9.1:checkstyle (default) on project retrofit: An error has occurred in Checkstyle report generation. Failed during checkstyle execution: There are 1 checkstyle errors. -> [Help 1]
[ERROR] 
[ERROR] To see the full stack trace of the errors, re-run Maven with the -e switch.
[ERROR] Re-run Maven using the -X switch to enable full debug logging.
[ERROR] 
[ERROR] For more information about the errors and possible solutions, please read the following articles:
[ERROR] [Help 1] http://cwiki.apache.org/confluence/display/MAVEN/MojoExecutionException
[ERROR] 
[ERROR] After correcting the problems, you can resume the build with the command
[ERROR]   mvn <goals> -rf :retrofit

The command "mvn install --quiet -DskipTests=true" failed and exited with 1 during install.

Your build has been stopped.
