Using worker: bluebox-linux-4.worker.travis-ci.org:travis-linux-19

$ git clone --depth=100 --quiet git://github.com/square/retrofit.git square/retrofit
cd square/retrofit
$ git fetch origin +refs/pull/167/merge: 
remote: Counting objects: 3, done.[K
remote: Compressing objects: 100% (1/1)   [Kremote: Compressing objects: 100% (1/1), done.[K
remote: Total 1 (delta 0), reused 1 (delta 0)[K
Unpacking objects: 100% (1/1)   Unpacking objects: 100% (1/1), done.
From git://github.com/square/retrofit
 * branch            refs/pull/167/merge -> FETCH_HEAD
$ git checkout -qf FETCH_HEAD
$ java -version
java version "1.7.0_15"
OpenJDK Runtime Environment (IcedTea7 2.3.7) (7u15-2.3.7-0ubuntu1~12.04.1)
OpenJDK 64-Bit Server VM (build 23.7-b01, mixed mode)
$ javac -version
javac 1.7.0_15
$ mvn install --quiet -DskipTests=true
[ERROR] Failed to execute goal org.apache.maven.plugins:maven-checkstyle-plugin:2.9.1:checkstyle (default) on project retrofit: An error has occurred in Checkstyle report generation. Failed during checkstyle execution: There are 3 checkstyle errors. -> [Help 1]
[ERROR] 
[ERROR] To see the full stack trace of the errors, re-run Maven with the -e switch.
[ERROR] Re-run Maven using the -X switch to enable full debug logging.
[ERROR] 
[ERROR] For more information about the errors and possible solutions, please read the following articles:
[ERROR] [Help 1] http://cwiki.apache.org/confluence/display/MAVEN/MojoExecutionException
[ERROR] 
[ERROR] After correcting the problems, you can resume the build with the command
[ERROR]   mvn <goals> -rf :retrofit

The command "mvn install --quiet -DskipTests=true" failed and exited with 1 during install.

Your build has been stopped.
