Using worker: bluebox-linux-8.worker.travis-ci.org:travis-linux-12

$ git clone --depth=100 --quiet git://github.com/square/retrofit.git square/retrofit
cd square/retrofit
$ git fetch origin +refs/pull/168/merge: 
remote: Counting objects: 36, done.[K
remote: Compressing objects:   9% (1/11)   [Kremote: Compressing objects:  18% (2/11)   [Kremote: Compressing objects:  27% (3/11)   [Kremote: Compressing objects:  36% (4/11)   [Kremote: Compressing objects:  45% (5/11)   [Kremote: Compressing objects:  54% (6/11)   [Kremote: Compressing objects:  63% (7/11)   [Kremote: Compressing objects:  72% (8/11)   [Kremote: Compressing objects:  81% (9/11)   [Kremote: Compressing objects:  90% (10/11)   [Kremote: Compressing objects: 100% (11/11)   [Kremote: Compressing objects: 100% (11/11), done.[K
remote: Total 24 (delta 7), reused 20 (delta 4)[K
Unpacking objects:   4% (1/24)   Unpacking objects:   8% (2/24)   Unpacking objects:  12% (3/24)   Unpacking objects:  16% (4/24)   Unpacking objects:  20% (5/24)   Unpacking objects:  25% (6/24)   Unpacking objects:  29% (7/24)   Unpacking objects:  33% (8/24)   Unpacking objects:  37% (9/24)   Unpacking objects:  41% (10/24)   Unpacking objects:  45% (11/24)   Unpacking objects:  50% (12/24)   Unpacking objects:  54% (13/24)   Unpacking objects:  58% (14/24)   Unpacking objects:  62% (15/24)   Unpacking objects:  66% (16/24)   Unpacking objects:  70% (17/24)   Unpacking objects:  75% (18/24)   Unpacking objects:  79% (19/24)   Unpacking objects:  83% (20/24)   Unpacking objects:  87% (21/24)   Unpacking objects:  91% (22/24)   Unpacking objects:  95% (23/24)   Unpacking objects: 100% (24/24)   Unpacking objects: 100% (24/24), done.
From git://github.com/square/retrofit
 * branch            refs/pull/168/merge -> FETCH_HEAD
$ git checkout -qf FETCH_HEAD
$ java -version
java version "1.7.0_15"
OpenJDK Runtime Environment (IcedTea7 2.3.7) (7u15-2.3.7-0ubuntu1~12.04.1)
OpenJDK 64-Bit Server VM (build 23.7-b01, mixed mode)
$ javac -version
javac 1.7.0_15
$ mvn install --quiet -DskipTests=true
$ mvn test
[INFO] Scanning for projects...
[INFO] ------------------------------------------------------------------------
[INFO] Reactor Build Order:
[INFO] 
[INFO] Retrofit (Parent)
[INFO] Retrofit
[INFO] Samples
[INFO] Sample: Twitter Client
[INFO]                                                                         
[INFO] ------------------------------------------------------------------------
[INFO] Building Retrofit (Parent) 1.0.0-SNAPSHOT
[INFO] ------------------------------------------------------------------------
[INFO] 
[INFO] --- maven-enforcer-plugin:1.0:enforce (enforce-maven) @ parent ---
[INFO]                                                                         
[INFO] ------------------------------------------------------------------------
[INFO] Building Retrofit 1.0.0-SNAPSHOT
[INFO] ------------------------------------------------------------------------
[INFO] 
[INFO] --- maven-enforcer-plugin:1.0:enforce (enforce-maven) @ retrofit ---
[INFO] 
[INFO] --- maven-resources-plugin:2.3:resources (default-resources) @ retrofit ---
[INFO] Using 'UTF-8' encoding to copy filtered resources.
[INFO] skip non existing resourceDirectory /home/travis/build/square/retrofit/retrofit/src/main/resources
[INFO] 
[INFO] --- maven-compiler-plugin:3.0:compile (default-compile) @ retrofit ---
[INFO] Changes detected - recompiling the module!
[INFO] Compiling 43 source files to /home/travis/build/square/retrofit/retrofit/target/classes
[WARNING] /home/travis/build/square/retrofit/retrofit/src/main/java/retrofit/http/RestAdapter.java: /home/travis/build/square/retrofit/retrofit/src/main/java/retrofit/http/RestAdapter.java uses unchecked or unsafe operations.
[WARNING] /home/travis/build/square/retrofit/retrofit/src/main/java/retrofit/http/RestAdapter.java: Recompile with -Xlint:unchecked for details.
[INFO] 
[INFO] --- maven-resources-plugin:2.3:testResources (default-testResources) @ retrofit ---
[INFO] Using 'UTF-8' encoding to copy filtered resources.
[INFO] skip non existing resourceDirectory /home/travis/build/square/retrofit/retrofit/src/test/resources
[INFO] 
[INFO] --- maven-compiler-plugin:3.0:testCompile (default-testCompile) @ retrofit ---
[INFO] Changes detected - recompiling the module!
[INFO] Compiling 11 source files to /home/travis/build/square/retrofit/retrofit/target/test-classes
[WARNING] /home/travis/build/square/retrofit/retrofit/src/test/java/retrofit/http/CallbackRunnableTest.java: Some input files use unchecked or unsafe operations.
[WARNING] /home/travis/build/square/retrofit/retrofit/src/test/java/retrofit/http/CallbackRunnableTest.java: Recompile with -Xlint:unchecked for details.
[INFO] 
[INFO] --- maven-surefire-plugin:2.10:test (default-test) @ retrofit ---
[INFO] Surefire report directory: /home/travis/build/square/retrofit/retrofit/target/surefire-reports
Downloading: http://maven.mirrors.travis-ci.org/nexus/content/repositories/central/org/apache/maven/surefire/surefire-junit4/2.10/surefire-junit4-2.10.pom
3/3 KB            Downloaded: http://maven.mirrors.travis-ci.org/nexus/content/repositories/central/org/apache/maven/surefire/surefire-junit4/2.10/surefire-junit4-2.10.pom (3 KB at 4.2 KB/sec)
Downloading: http://maven.mirrors.travis-ci.org/nexus/content/repositories/central/org/apache/maven/surefire/surefire-providers/2.10/surefire-providers-2.10.pom
3/3 KB            Downloaded: http://maven.mirrors.travis-ci.org/nexus/content/repositories/central/org/apache/maven/surefire/surefire-providers/2.10/surefire-providers-2.10.pom (3 KB at 7.0 KB/sec)
Downloading: http://maven.mirrors.travis-ci.org/nexus/content/repositories/central/org/apache/maven/surefire/surefire-junit4/2.10/surefire-junit4-2.10.jar
4/33 KB   8/33 KB   9/33 KB   11/33 KB   15/33 KB   19/33 KB   23/33 KB   24/33 KB   28/33 KB   32/33 KB   33/33 KB              Downloaded: http://maven.mirrors.travis-ci.org/nexus/content/repositories/central/org/apache/maven/surefire/surefire-junit4/2.10/surefire-junit4-2.10.jar (33 KB at 64.1 KB/sec)

-------------------------------------------------------
 T E S T S
-------------------------------------------------------
Running retrofit.http.RequestBuilderTest
Tests run: 16, Failures: 0, Errors: 0, Skipped: 0, Time elapsed: 0.548 sec
Running retrofit.http.CallbackRunnableTest
Tests run: 2, Failures: 0, Errors: 0, Skipped: 0, Time elapsed: 0.091 sec
Running retrofit.http.UtilsTest
Tests run: 1, Failures: 0, Errors: 0, Skipped: 0, Time elapsed: 0 sec
Running retrofit.http.RestAdapterTest
Tests run: 10, Failures: 0, Errors: 0, Skipped: 0, Time elapsed: 0.103 sec
Running retrofit.http.client.ApacheClientTest
Tests run: 6, Failures: 0, Errors: 0, Skipped: 0, Time elapsed: 0.033 sec
Running retrofit.http.client.UrlConnectionClientTest
Tests run: 7, Failures: 0, Errors: 0, Skipped: 0, Time elapsed: 0.011 sec
Running retrofit.http.RestMethodInfoTest
Tests run: 51, Failures: 0, Errors: 0, Skipped: 0, Time elapsed: 0.17 sec
Running retrofit.http.mime.TypedByteArrayTest
Tests run: 1, Failures: 0, Errors: 0, Skipped: 0, Time elapsed: 0 sec
Running retrofit.http.mime.TypedFileTest
Tests run: 3, Failures: 0, Errors: 0, Skipped: 0, Time elapsed: 0.012 sec

Results :

Tests run: 97, Failures: 0, Errors: 0, Skipped: 0

[INFO]                                                                         
[INFO] ------------------------------------------------------------------------
[INFO] Building Samples 1.0.0-SNAPSHOT
[INFO] ------------------------------------------------------------------------
[INFO] 
[INFO] --- maven-enforcer-plugin:1.0:enforce (enforce-maven) @ samples ---
[INFO]                                                                         
[INFO] ------------------------------------------------------------------------
[INFO] Building Sample: Twitter Client 1.0.0-SNAPSHOT
[INFO] ------------------------------------------------------------------------
[INFO] 
[INFO] --- maven-enforcer-plugin:1.0:enforce (enforce-maven) @ sample-twitter-client ---
[INFO] 
[INFO] --- maven-resources-plugin:2.3:resources (default-resources) @ sample-twitter-client ---
[INFO] Using 'UTF-8' encoding to copy filtered resources.
[INFO] skip non existing resourceDirectory /home/travis/build/square/retrofit/samples/twitter-client/src/main/resources
[INFO] 
[INFO] --- maven-compiler-plugin:3.0:compile (default-compile) @ sample-twitter-client ---
[INFO] Changes detected - recompiling the module!
[INFO] Compiling 1 source file to /home/travis/build/square/retrofit/samples/twitter-client/target/classes
[INFO] 
[INFO] --- maven-resources-plugin:2.3:testResources (default-testResources) @ sample-twitter-client ---
[INFO] Using 'UTF-8' encoding to copy filtered resources.
[INFO] skip non existing resourceDirectory /home/travis/build/square/retrofit/samples/twitter-client/src/test/resources
[INFO] 
[INFO] --- maven-compiler-plugin:3.0:testCompile (default-testCompile) @ sample-twitter-client ---
[INFO] No sources to compile
[INFO] 
[INFO] --- maven-surefire-plugin:2.10:test (default-test) @ sample-twitter-client ---
[INFO] No tests to run.
[INFO] Surefire report directory: /home/travis/build/square/retrofit/samples/twitter-client/target/surefire-reports
Downloading: http://maven.mirrors.travis-ci.org/nexus/content/repositories/central/org/apache/maven/surefire/surefire-junit3/2.10/surefire-junit3-2.10.pom
2/2 KB              Downloaded: http://maven.mirrors.travis-ci.org/nexus/content/repositories/central/org/apache/maven/surefire/surefire-junit3/2.10/surefire-junit3-2.10.pom (2 KB at 5.3 KB/sec)
Downloading: http://maven.mirrors.travis-ci.org/nexus/content/repositories/central/org/apache/maven/surefire/surefire-junit3/2.10/surefire-junit3-2.10.jar
4/26 KB   8/26 KB   9/26 KB   10/26 KB   14/26 KB   18/26 KB   22/26 KB   23/26 KB   26/26 KB              Downloaded: http://maven.mirrors.travis-ci.org/nexus/content/repositories/central/org/apache/maven/surefire/surefire-junit3/2.10/surefire-junit3-2.10.jar (26 KB at 50.8 KB/sec)

-------------------------------------------------------
 T E S T S
-------------------------------------------------------

Results :

Tests run: 0, Failures: 0, Errors: 0, Skipped: 0

[INFO] ------------------------------------------------------------------------
[INFO] Reactor Summary:
[INFO] 
[INFO] Retrofit (Parent) ................................. SUCCESS [1.072s]
[INFO] Retrofit .......................................... SUCCESS [7.977s]
[INFO] Samples ........................................... SUCCESS [0.006s]
[INFO] Sample: Twitter Client ............................ SUCCESS [1.179s]
[INFO] ------------------------------------------------------------------------
[INFO] BUILD SUCCESS
[INFO] ------------------------------------------------------------------------
[INFO] Total time: 10.688s
[INFO] Finished at: Thu Mar 14 07:17:15 UTC 2013
[INFO] Final Memory: 17M/191M
[INFO] ------------------------------------------------------------------------

The command "mvn test" exited with 0.

Done. Your build exited with 0.
