Using worker: bluebox-linux-5.worker.travis-ci.org:travis-linux-7

$ git clone --depth=100 --quiet git://github.com/square/retrofit.git square/retrofit
cd square/retrofit
$ git fetch origin +refs/pull/171/merge: 
remote: Counting objects: 30, done.[K
remote: Compressing objects:  16% (1/6)   [Kremote: Compressing objects:  33% (2/6)   [Kremote: Compressing objects:  50% (3/6)   [Kremote: Compressing objects:  66% (4/6)   [Kremote: Compressing objects:  83% (5/6)   [Kremote: Compressing objects: 100% (6/6)   [Kremote: Compressing objects: 100% (6/6), done.[K
remote: Total 17 (delta 6), reused 16 (delta 5)[K
Unpacking objects:   5% (1/17)   Unpacking objects:  11% (2/17)   Unpacking objects:  17% (3/17)   Unpacking objects:  23% (4/17)   Unpacking objects:  29% (5/17)   Unpacking objects:  35% (6/17)   Unpacking objects:  41% (7/17)   Unpacking objects:  47% (8/17)   Unpacking objects:  52% (9/17)   Unpacking objects:  58% (10/17)   Unpacking objects:  64% (11/17)   Unpacking objects:  70% (12/17)   Unpacking objects:  76% (13/17)   Unpacking objects:  82% (14/17)   Unpacking objects:  88% (15/17)   Unpacking objects:  94% (16/17)   Unpacking objects: 100% (17/17)   Unpacking objects: 100% (17/17), done.
From git://github.com/square/retrofit
 * branch            refs/pull/171/merge -> FETCH_HEAD
$ git checkout -qf FETCH_HEAD
$ java -version
java version "1.7.0_15"
OpenJDK Runtime Environment (IcedTea7 2.3.7) (7u15-2.3.7-0ubuntu1~12.04.1)
OpenJDK 64-Bit Server VM (build 23.7-b01, mixed mode)
$ javac -version
javac 1.7.0_15
$ mvn install --quiet -DskipTests=true
$ mvn test
[INFO] Scanning for projects...
[INFO] ------------------------------------------------------------------------
[INFO] Reactor Build Order:
[INFO] 
[INFO] Retrofit (Parent)
[INFO] Retrofit
[INFO] Samples
[INFO] Sample: Twitter Client
[INFO]                                                                         
[INFO] ------------------------------------------------------------------------
[INFO] Building Retrofit (Parent) 1.0.0-SNAPSHOT
[INFO] ------------------------------------------------------------------------
[INFO] 
[INFO] --- maven-enforcer-plugin:1.0:enforce (enforce-maven) @ parent ---
[INFO]                                                                         
[INFO] ------------------------------------------------------------------------
[INFO] Building Retrofit 1.0.0-SNAPSHOT
[INFO] ------------------------------------------------------------------------
[INFO] 
[INFO] --- maven-enforcer-plugin:1.0:enforce (enforce-maven) @ retrofit ---
[INFO] 
[INFO] --- maven-resources-plugin:2.3:resources (default-resources) @ retrofit ---
[INFO] Using 'UTF-8' encoding to copy filtered resources.
[INFO] skip non existing resourceDirectory /home/travis/build/square/retrofit/retrofit/src/main/resources
[INFO] 
[INFO] --- maven-compiler-plugin:3.0:compile (default-compile) @ retrofit ---
[INFO] Changes detected - recompiling the module!
[INFO] Compiling 43 source files to /home/travis/build/square/retrofit/retrofit/target/classes
[WARNING] /home/travis/build/square/retrofit/retrofit/src/main/java/retrofit/http/RestAdapter.java: /home/travis/build/square/retrofit/retrofit/src/main/java/retrofit/http/RestAdapter.java uses unchecked or unsafe operations.
[WARNING] /home/travis/build/square/retrofit/retrofit/src/main/java/retrofit/http/RestAdapter.java: Recompile with -Xlint:unchecked for details.
[INFO] 
[INFO] --- maven-resources-plugin:2.3:testResources (default-testResources) @ retrofit ---
[INFO] Using 'UTF-8' encoding to copy filtered resources.
[INFO] skip non existing resourceDirectory /home/travis/build/square/retrofit/retrofit/src/test/resources
[INFO] 
[INFO] --- maven-compiler-plugin:3.0:testCompile (default-testCompile) @ retrofit ---
[INFO] Changes detected - recompiling the module!
[INFO] Compiling 11 source files to /home/travis/build/square/retrofit/retrofit/target/test-classes
[WARNING] /home/travis/build/square/retrofit/retrofit/src/test/java/retrofit/http/CallbackRunnableTest.java: Some input files use unchecked or unsafe operations.
[WARNING] /home/travis/build/square/retrofit/retrofit/src/test/java/retrofit/http/CallbackRunnableTest.java: Recompile with -Xlint:unchecked for details.
[INFO] 
[INFO] --- maven-surefire-plugin:2.10:test (default-test) @ retrofit ---
[INFO] Surefire report directory: /home/travis/build/square/retrofit/retrofit/target/surefire-reports
Downloading: http://maven.mirrors.travis-ci.org/nexus/content/repositories/central/org/apache/maven/surefire/surefire-junit4/2.10/surefire-junit4-2.10.pom
3/3 KB            Downloaded: http://maven.mirrors.travis-ci.org/nexus/content/repositories/central/org/apache/maven/surefire/surefire-junit4/2.10/surefire-junit4-2.10.pom (3 KB at 4.0 KB/sec)
Downloading: http://maven.mirrors.travis-ci.org/nexus/content/repositories/central/org/apache/maven/surefire/surefire-providers/2.10/surefire-providers-2.10.pom
3/3 KB            Downloaded: http://maven.mirrors.travis-ci.org/nexus/content/repositories/central/org/apache/maven/surefire/surefire-providers/2.10/surefire-providers-2.10.pom (3 KB at 5.1 KB/sec)
Downloading: http://maven.mirrors.travis-ci.org/nexus/content/repositories/central/org/apache/maven/surefire/surefire-junit4/2.10/surefire-junit4-2.10.jar
4/33 KB   8/33 KB   9/33 KB   13/33 KB   17/33 KB   21/33 KB   23/33 KB   26/33 KB   30/33 KB   33/33 KB              Downloaded: http://maven.mirrors.travis-ci.org/nexus/content/repositories/central/org/apache/maven/surefire/surefire-junit4/2.10/surefire-junit4-2.10.jar (33 KB at 50.8 KB/sec)

-------------------------------------------------------
 T E S T S
-------------------------------------------------------
Running retrofit.http.client.ApacheClientTest
Tests run: 6, Failures: 0, Errors: 0, Skipped: 0, Time elapsed: 0.193 sec
Running retrofit.http.client.UrlConnectionClientTest
Tests run: 8, Failures: 0, Errors: 0, Skipped: 0, Time elapsed: 0.022 sec
Running retrofit.http.RestAdapterTest
Tests run: 10, Failures: 0, Errors: 0, Skipped: 0, Time elapsed: 0.609 sec
Running retrofit.http.UtilsTest
Tests run: 1, Failures: 0, Errors: 0, Skipped: 0, Time elapsed: 0.001 sec
Running retrofit.http.CallbackRunnableTest
Tests run: 2, Failures: 0, Errors: 0, Skipped: 0, Time elapsed: 0.036 sec
Running retrofit.http.RestMethodInfoTest
Tests run: 50, Failures: 0, Errors: 0, Skipped: 0, Time elapsed: 0.205 sec
Running retrofit.http.mime.TypedFileTest
Tests run: 3, Failures: 0, Errors: 0, Skipped: 0, Time elapsed: 0.016 sec
Running retrofit.http.mime.TypedByteArrayTest
Tests run: 1, Failures: 0, Errors: 0, Skipped: 0, Time elapsed: 0 sec
Running retrofit.http.RequestBuilderTest
Tests run: 16, Failures: 0, Errors: 0, Skipped: 0, Time elapsed: 0.063 sec

Results :

Tests run: 97, Failures: 0, Errors: 0, Skipped: 0

[INFO]                                                                         
[INFO] ------------------------------------------------------------------------
[INFO] Building Samples 1.0.0-SNAPSHOT
[INFO] ------------------------------------------------------------------------
[INFO] 
[INFO] --- maven-enforcer-plugin:1.0:enforce (enforce-maven) @ samples ---
[INFO]                                                                         
[INFO] ------------------------------------------------------------------------
[INFO] Building Sample: Twitter Client 1.0.0-SNAPSHOT
[INFO] ------------------------------------------------------------------------
[INFO] 
[INFO] --- maven-enforcer-plugin:1.0:enforce (enforce-maven) @ sample-twitter-client ---
[INFO] 
[INFO] --- maven-resources-plugin:2.3:resources (default-resources) @ sample-twitter-client ---
[INFO] Using 'UTF-8' encoding to copy filtered resources.
[INFO] skip non existing resourceDirectory /home/travis/build/square/retrofit/samples/twitter-client/src/main/resources
[INFO] 
[INFO] --- maven-compiler-plugin:3.0:compile (default-compile) @ sample-twitter-client ---
[INFO] Changes detected - recompiling the module!
[INFO] Compiling 1 source file to /home/travis/build/square/retrofit/samples/twitter-client/target/classes
[INFO] 
[INFO] --- maven-resources-plugin:2.3:testResources (default-testResources) @ sample-twitter-client ---
[INFO] Using 'UTF-8' encoding to copy filtered resources.
[INFO] skip non existing resourceDirectory /home/travis/build/square/retrofit/samples/twitter-client/src/test/resources
[INFO] 
[INFO] --- maven-compiler-plugin:3.0:testCompile (default-testCompile) @ sample-twitter-client ---
[INFO] No sources to compile
[INFO] 
[INFO] --- maven-surefire-plugin:2.10:test (default-test) @ sample-twitter-client ---
[INFO] No tests to run.
[INFO] Surefire report directory: /home/travis/build/square/retrofit/samples/twitter-client/target/surefire-reports
Downloading: http://maven.mirrors.travis-ci.org/nexus/content/repositories/central/org/apache/maven/surefire/surefire-junit3/2.10/surefire-junit3-2.10.pom
2/2 KB              Downloaded: http://maven.mirrors.travis-ci.org/nexus/content/repositories/central/org/apache/maven/surefire/surefire-junit3/2.10/surefire-junit3-2.10.pom (2 KB at 5.3 KB/sec)
Downloading: http://maven.mirrors.travis-ci.org/nexus/content/repositories/central/org/apache/maven/surefire/surefire-junit3/2.10/surefire-junit3-2.10.jar
4/26 KB   8/26 KB   9/26 KB   13/26 KB   17/26 KB   21/26 KB   23/26 KB   26/26 KB              Downloaded: http://maven.mirrors.travis-ci.org/nexus/content/repositories/central/org/apache/maven/surefire/surefire-junit3/2.10/surefire-junit3-2.10.jar (26 KB at 50.5 KB/sec)

-------------------------------------------------------
 T E S T S
-------------------------------------------------------

Results :

Tests run: 0, Failures: 0, Errors: 0, Skipped: 0

[INFO] ------------------------------------------------------------------------
[INFO] Reactor Summary:
[INFO] 
[INFO] Retrofit (Parent) ................................. SUCCESS [1.133s]
[INFO] Retrofit .......................................... SUCCESS [9.107s]
[INFO] Samples ........................................... SUCCESS [0.005s]
[INFO] Sample: Twitter Client ............................ SUCCESS [1.211s]
[INFO] ------------------------------------------------------------------------
[INFO] BUILD SUCCESS
[INFO] ------------------------------------------------------------------------
[INFO] Total time: 11.922s
[INFO] Finished at: Thu Mar 14 22:26:27 UTC 2013
[INFO] Final Memory: 17M/191M
[INFO] ------------------------------------------------------------------------

The command "mvn test" exited with 0.

Done. Your build exited with 0.
